{"synthetic": false,
 "schemaVersion": "2025-09-10",
 "outputs":
 {"o": ["407c86eeb851a638.olean"],
  "m": false,
  "i": "41ad94acc0fab5cb.ilean",
  "c": "4cad2cee67b977d7.c"},
 "log":
 [{"message":
   ".> LEAN_PATH=/home/citizen/Multiplicity/Foundry/models/ataraxia/ataraxia_adr/.lake/build/lib/lean /home/citizen/.elan/toolchains/leanprover--lean4---v4.33.0-rc1/bin/lean /home/citizen/Multiplicity/Foundry/models/ataraxia/ataraxia_adr/AtaraxiaAdr.lean -o /home/citizen/Multiplicity/Foundry/models/ataraxia/ataraxia_adr/.lake/build/lib/lean/AtaraxiaAdr.olean -i /home/citizen/Multiplicity/Foundry/models/ataraxia/ataraxia_adr/.lake/build/lib/lean/AtaraxiaAdr.ilean -c /home/citizen/Multiplicity/Foundry/models/ataraxia/ataraxia_adr/.lake/build/ir/AtaraxiaAdr.c --setup /home/citizen/Multiplicity/Foundry/models/ataraxia/ataraxia_adr/.lake/build/ir/AtaraxiaAdr.setup.json --json",
   "level": "trace"}],
 "inputs":
 [["deps",
   [["ataraxia_adr/AtaraxiaAdr:extraDep",
     [["@ataraxia_adr:extraDep", "00000000000006bb"]]],
    ["imports",
     [["AtaraxiaAdr.Core transitive imports (legacy)", "00000000000006bb"],
      ["AtaraxiaAdr.Core:importAllArts", "a6493af6b51a1ce7"],
      ["AtaraxiaAdr.Proofs transitive imports (legacy)", "27dd35709fa226ea"],
      ["AtaraxiaAdr.Proofs:importAllArts", "881b41f8ca36faad"],
      ["AtaraxiaAdr.FFI transitive imports (legacy)", "27dd35709fa226ea"],
      ["AtaraxiaAdr.FFI:importAllArts", "5d644aa5a364ad17"]]]]],
  ["libs",
   [["import dynlibs", "00000000000006bb"],
    ["package external libraries", "00000000000006bb"],
    ["module dynlibs", "00000000000006bb"],
    ["module plugins", "00000000000006bb"]]],
  ["Lean 4.33.0, commit 62eed1db4d67327ec8120be05f1a1b0847d74561",
   "8fa8fbe052c71a8e"],
  ["/home/citizen/Multiplicity/Foundry/models/ataraxia/ataraxia_adr/AtaraxiaAdr.lean",
   "874589323ae60339"],
  ["options", "00000000000006bb"],
  ["isModule: false", "feefd2a0d3a1847e"],
  ["Module.name: AtaraxiaAdr", "2f3bd9f6e3a11e22"],
  ["Package.id?: (some ataraxia_adr)", "4b7b05add5169cb6"],
  ["Module.leanArgs: #[]", "00000000000006bb"]],
 "depHash": "d7bc4fb6a6c58e25"}