{"synthetic": false,
 "schemaVersion": "2025-09-10",
 "outputs":
 {"o": ["2d744291ca176086.olean"],
  "m": false,
  "i": "64e5d7b6bc4ecc8e.ilean",
  "c": "06fc7977f5634586.c"},
 "log":
 [{"message":
   ".> LEAN_PATH=/home/citizen/Multiplicity/Foundry/models/the-examiner/the_examiner_adr/.lake/build/lib/lean /home/citizen/.elan/toolchains/leanprover--lean4---v4.33.0-rc1/bin/lean /home/citizen/Multiplicity/Foundry/models/the-examiner/the_examiner_adr/TheExaminerAdr.lean -o /home/citizen/Multiplicity/Foundry/models/the-examiner/the_examiner_adr/.lake/build/lib/lean/TheExaminerAdr.olean -i /home/citizen/Multiplicity/Foundry/models/the-examiner/the_examiner_adr/.lake/build/lib/lean/TheExaminerAdr.ilean -c /home/citizen/Multiplicity/Foundry/models/the-examiner/the_examiner_adr/.lake/build/ir/TheExaminerAdr.c --setup /home/citizen/Multiplicity/Foundry/models/the-examiner/the_examiner_adr/.lake/build/ir/TheExaminerAdr.setup.json --json",
   "level": "trace"}],
 "inputs":
 [["deps",
   [["the_examiner_adr/TheExaminerAdr:extraDep",
     [["@the_examiner_adr:extraDep", "00000000000006bb"]]],
    ["imports",
     [["TheExaminerAdr.Core transitive imports (legacy)", "00000000000006bb"],
      ["TheExaminerAdr.Core:importAllArts", "a5895f8fb4b85126"],
      ["TheExaminerAdr.Proofs transitive imports (legacy)", "5c9ec34ad84e5794"],
      ["TheExaminerAdr.Proofs:importAllArts", "e4e93c1dd5570167"],
      ["TheExaminerAdr.FFI transitive imports (legacy)", "5c9ec34ad84e5794"],
      ["TheExaminerAdr.FFI:importAllArts", "32c01671300d8a59"]]]]],
  ["libs",
   [["import dynlibs", "00000000000006bb"],
    ["package external libraries", "00000000000006bb"],
    ["module dynlibs", "00000000000006bb"],
    ["module plugins", "00000000000006bb"]]],
  ["Lean 4.33.0, commit 62eed1db4d67327ec8120be05f1a1b0847d74561",
   "8fa8fbe052c71a8e"],
  ["/home/citizen/Multiplicity/Foundry/models/the-examiner/the_examiner_adr/TheExaminerAdr.lean",
   "e42504675160af8b"],
  ["options", "00000000000006bb"],
  ["isModule: false", "feefd2a0d3a1847e"],
  ["Module.name: TheExaminerAdr", "d8d38744ab75405b"],
  ["Package.id?: (some the_examiner_adr)", "1c86689d13a15195"],
  ["Module.leanArgs: #[]", "00000000000006bb"]],
 "depHash": "606524a93978896f"}