{"synthetic": false,
 "schemaVersion": "2025-09-10",
 "outputs":
 {"o": ["1520151d0956afbc.olean"],
  "m": false,
  "i": "7d8cb7379784f2b6.ilean",
  "c": "f2b93408b1f2b6fb.c"},
 "log":
 [{"message":
   ".> LEAN_PATH=/home/citizen/Multiplicity/Foundry/models/generalist/generalist_adr/.lake/build/lib/lean /home/citizen/.elan/toolchains/leanprover--lean4---v4.33.0-rc1/bin/lean /home/citizen/Multiplicity/Foundry/models/generalist/generalist_adr/GeneralistAdr.lean -o /home/citizen/Multiplicity/Foundry/models/generalist/generalist_adr/.lake/build/lib/lean/GeneralistAdr.olean -i /home/citizen/Multiplicity/Foundry/models/generalist/generalist_adr/.lake/build/lib/lean/GeneralistAdr.ilean -c /home/citizen/Multiplicity/Foundry/models/generalist/generalist_adr/.lake/build/ir/GeneralistAdr.c --setup /home/citizen/Multiplicity/Foundry/models/generalist/generalist_adr/.lake/build/ir/GeneralistAdr.setup.json --json",
   "level": "trace"}],
 "inputs":
 [["deps",
   [["generalist_adr/GeneralistAdr:extraDep",
     [["@generalist_adr:extraDep", "00000000000006bb"]]],
    ["imports",
     [["GeneralistAdr.Core transitive imports (legacy)", "00000000000006bb"],
      ["GeneralistAdr.Core:importAllArts", "a2cfcb72e190eec3"],
      ["GeneralistAdr.Proofs transitive imports (legacy)", "8ea95681403290c7"],
      ["GeneralistAdr.Proofs:importAllArts", "bcbbe3ff3f4c2a9d"],
      ["GeneralistAdr.FFI transitive imports (legacy)", "8ea95681403290c7"],
      ["GeneralistAdr.FFI:importAllArts", "24925c08af4cb3cf"]]]]],
  ["libs",
   [["import dynlibs", "00000000000006bb"],
    ["package external libraries", "00000000000006bb"],
    ["module dynlibs", "00000000000006bb"],
    ["module plugins", "00000000000006bb"]]],
  ["Lean 4.33.0, commit 62eed1db4d67327ec8120be05f1a1b0847d74561",
   "8fa8fbe052c71a8e"],
  ["/home/citizen/Multiplicity/Foundry/models/generalist/generalist_adr/GeneralistAdr.lean",
   "2076496f26af011c"],
  ["options", "00000000000006bb"],
  ["isModule: false", "feefd2a0d3a1847e"],
  ["Module.name: GeneralistAdr", "2f73cedb92d96121"],
  ["Package.id?: (some generalist_adr)", "8765b532eac31442"],
  ["Module.leanArgs: #[]", "00000000000006bb"]],
 "depHash": "cafa519b913f5ac4"}