{"synthetic": false,
 "schemaVersion": "2025-09-10",
 "outputs":
 {"o": ["70c35cdb257eaf14.olean"],
  "m": false,
  "i": "36e3606c7a92dbf5.ilean",
  "c": "02e2daa6e0942beb.c"},
 "log":
 [{"message":
   ".> LEAN_PATH=/home/citizen/Multiplicity/Foundations/certified-graph-learning/lean/.lake/build/lib/lean /home/citizen/.elan/toolchains/leanprover--lean4---v4.33.0-rc2/bin/lean /home/citizen/Multiplicity/Foundations/certified-graph-learning/lean/CertificateCore/FFI.lean -o /home/citizen/Multiplicity/Foundations/certified-graph-learning/lean/.lake/build/lib/lean/CertificateCore/FFI.olean -i /home/citizen/Multiplicity/Foundations/certified-graph-learning/lean/.lake/build/lib/lean/CertificateCore/FFI.ilean -c /home/citizen/Multiplicity/Foundations/certified-graph-learning/lean/.lake/build/ir/CertificateCore/FFI.c --setup /home/citizen/Multiplicity/Foundations/certified-graph-learning/lean/.lake/build/ir/CertificateCore/FFI.setup.json --json",
   "level": "trace"}],
 "inputs":
 [["deps",
   [["«certificate-core»/CertificateCore:extraDep",
     [["@«certificate-core»:extraDep", "00000000000006bb"]]],
    ["imports",
     [["CertificateCore.SpectralContraction transitive imports (legacy)",
       "ad47d710fe9a661b"],
      ["CertificateCore.SpectralContraction:importAllArts",
       "7cf45336f25bed89"]]]]],
  ["libs",
   [["import dynlibs", "00000000000006bb"],
    ["package external libraries", "00000000000006bb"],
    ["module dynlibs", "00000000000006bb"],
    ["module plugins", "00000000000006bb"]]],
  ["Lean 4.33.0, commit d8b18978322de05a8f3dba51ef03cf5461676c17",
   "3eca9d16ab6c877d"],
  ["/home/citizen/Multiplicity/Foundations/certified-graph-learning/lean/CertificateCore/FFI.lean",
   "c8829c84feebd76e"],
  ["options", "00000000000006bb"],
  ["isModule: false", "feefd2a0d3a1847e"],
  ["Module.name: CertificateCore.FFI", "4b3835498ee529ec"],
  ["Package.id?: (some certificate-core)", "7fea17351c6c154a"],
  ["Module.leanArgs: #[]", "00000000000006bb"]],
 "depHash": "453123081fc91541"}