{"synthetic": false,
 "schemaVersion": "2025-09-10",
 "outputs":
 {"o": ["b138b4639db1963c.olean"],
  "m": false,
  "i": "b813d80d2915bd77.ilean",
  "c": "9ce5dbc9e93a0477.c"},
 "log":
 [{"message":
   ".> LEAN_PATH=/home/citizen/Multiplicity/Foundations/certified-graph-learning/lean/.lake/build/lib/lean /home/citizen/.elan/toolchains/leanprover--lean4---v4.33.0-rc2/bin/lean /home/citizen/Multiplicity/Foundations/certified-graph-learning/lean/CertificateCore/GraphLaplacian.lean -o /home/citizen/Multiplicity/Foundations/certified-graph-learning/lean/.lake/build/lib/lean/CertificateCore/GraphLaplacian.olean -i /home/citizen/Multiplicity/Foundations/certified-graph-learning/lean/.lake/build/lib/lean/CertificateCore/GraphLaplacian.ilean -c /home/citizen/Multiplicity/Foundations/certified-graph-learning/lean/.lake/build/ir/CertificateCore/GraphLaplacian.c --setup /home/citizen/Multiplicity/Foundations/certified-graph-learning/lean/.lake/build/ir/CertificateCore/GraphLaplacian.setup.json --json",
   "level": "trace"}],
 "inputs":
 [["deps",
   [["«certificate-core»/CertificateCore:extraDep",
     [["@«certificate-core»:extraDep", "00000000000006bb"]]],
    ["imports",
     [["CertificateCore.Matrix transitive imports (legacy)",
       "e4f72bc1976b3c5a"],
      ["CertificateCore.Matrix:importAllArts", "599204d0533af570"]]]]],
  ["libs",
   [["import dynlibs", "00000000000006bb"],
    ["package external libraries", "00000000000006bb"],
    ["module dynlibs", "00000000000006bb"],
    ["module plugins", "00000000000006bb"]]],
  ["Lean 4.33.0, commit d8b18978322de05a8f3dba51ef03cf5461676c17",
   "3eca9d16ab6c877d"],
  ["/home/citizen/Multiplicity/Foundations/certified-graph-learning/lean/CertificateCore/GraphLaplacian.lean",
   "0bcc59d24bd8562b"],
  ["options", "00000000000006bb"],
  ["isModule: false", "feefd2a0d3a1847e"],
  ["Module.name: CertificateCore.GraphLaplacian", "8720dc4a10b77329"],
  ["Package.id?: (some certificate-core)", "7fea17351c6c154a"],
  ["Module.leanArgs: #[]", "00000000000006bb"]],
 "depHash": "0a4ada914e073698"}