{"synthetic": false,
 "schemaVersion": "2025-09-10",
 "outputs":
 {"o": ["40ab7f929325e57f.olean"],
  "m": false,
  "i": "ba31b4dd9c5f144c.ilean",
  "c": "666a93c990df7bd3.c"},
 "log":
 [{"message":
   ".> LEAN_PATH=/home/citizen/Multiplicity/Foundations/certified-graph-learning/lean/.lake/build/lib/lean /home/citizen/.elan/toolchains/leanprover--lean4---v4.33.0-rc2/bin/lean /home/citizen/Multiplicity/Foundations/certified-graph-learning/lean/CertificateCore/Matrix.lean -o /home/citizen/Multiplicity/Foundations/certified-graph-learning/lean/.lake/build/lib/lean/CertificateCore/Matrix.olean -i /home/citizen/Multiplicity/Foundations/certified-graph-learning/lean/.lake/build/lib/lean/CertificateCore/Matrix.ilean -c /home/citizen/Multiplicity/Foundations/certified-graph-learning/lean/.lake/build/ir/CertificateCore/Matrix.c --setup /home/citizen/Multiplicity/Foundations/certified-graph-learning/lean/.lake/build/ir/CertificateCore/Matrix.setup.json --json",
   "level": "trace"}],
 "inputs":
 [["deps",
   [["«certificate-core»/CertificateCore:extraDep",
     [["@«certificate-core»:extraDep", "00000000000006bb"]]],
    ["imports",
     [["CertificateCore.Vector transitive imports (legacy)",
       "00000000000006bb"],
      ["CertificateCore.Vector:importAllArts", "22102aa387e27cbd"]]]]],
  ["libs",
   [["import dynlibs", "00000000000006bb"],
    ["package external libraries", "00000000000006bb"],
    ["module dynlibs", "00000000000006bb"],
    ["module plugins", "00000000000006bb"]]],
  ["Lean 4.33.0, commit d8b18978322de05a8f3dba51ef03cf5461676c17",
   "3eca9d16ab6c877d"],
  ["/home/citizen/Multiplicity/Foundations/certified-graph-learning/lean/CertificateCore/Matrix.lean",
   "48adcba65014fa38"],
  ["options", "00000000000006bb"],
  ["isModule: false", "feefd2a0d3a1847e"],
  ["Module.name: CertificateCore.Matrix", "3ba73a5d35c89574"],
  ["Package.id?: (some certificate-core)", "7fea17351c6c154a"],
  ["Module.leanArgs: #[]", "00000000000006bb"]],
 "depHash": "5daaccb3b2df19c2"}