{"synthetic": false,
 "schemaVersion": "2025-09-10",
 "outputs":
 {"o": ["305c9d9732daabce.olean"],
  "m": false,
  "i": "8e97c60fa75a1604.ilean",
  "c": "9ab6c04380de1bca.c"},
 "log":
 [{"message":
   ".> LEAN_PATH=/home/citizen/Multiplicity/Foundations/certified-graph-learning/lean/.lake/build/lib/lean /home/citizen/.elan/toolchains/leanprover--lean4---v4.33.0-rc2/bin/lean /home/citizen/Multiplicity/Foundations/certified-graph-learning/lean/CertificateCore/SpectralContraction.lean -o /home/citizen/Multiplicity/Foundations/certified-graph-learning/lean/.lake/build/lib/lean/CertificateCore/SpectralContraction.olean -i /home/citizen/Multiplicity/Foundations/certified-graph-learning/lean/.lake/build/lib/lean/CertificateCore/SpectralContraction.ilean -c /home/citizen/Multiplicity/Foundations/certified-graph-learning/lean/.lake/build/ir/CertificateCore/SpectralContraction.c --setup /home/citizen/Multiplicity/Foundations/certified-graph-learning/lean/.lake/build/ir/CertificateCore/SpectralContraction.setup.json --json",
   "level": "trace"}],
 "inputs":
 [["deps",
   [["«certificate-core»/CertificateCore:extraDep",
     [["@«certificate-core»:extraDep", "00000000000006bb"]]],
    ["imports",
     [["CertificateCore.GraphLaplacian transitive imports (legacy)",
       "cef55434c3f1df10"],
      ["CertificateCore.GraphLaplacian:importAllArts", "9f9bed4540427dd9"]]]]],
  ["libs",
   [["import dynlibs", "00000000000006bb"],
    ["package external libraries", "00000000000006bb"],
    ["module dynlibs", "00000000000006bb"],
    ["module plugins", "00000000000006bb"]]],
  ["Lean 4.33.0, commit d8b18978322de05a8f3dba51ef03cf5461676c17",
   "3eca9d16ab6c877d"],
  ["/home/citizen/Multiplicity/Foundations/certified-graph-learning/lean/CertificateCore/SpectralContraction.lean",
   "daa1642069e08438"],
  ["options", "00000000000006bb"],
  ["isModule: false", "feefd2a0d3a1847e"],
  ["Module.name: CertificateCore.SpectralContraction", "4c97142effab7fa7"],
  ["Package.id?: (some certificate-core)", "7fea17351c6c154a"],
  ["Module.leanArgs: #[]", "00000000000006bb"]],
 "depHash": "6a7bc18eb8d50cda"}