{"synthetic": false,
 "schemaVersion": "2025-09-10",
 "outputs":
 {"o": ["abd6ea70f3b0cc2a.olean"],
  "m": false,
  "i": "73d438f860890a0a.ilean",
  "c": "3bf3709c528675e4.c"},
 "log":
 [{"message":
   ".> LEAN_PATH=/home/citizen/Multiplicity/Foundations/certified-graph-learning/lean/.lake/build/lib/lean /home/citizen/.elan/toolchains/leanprover--lean4---v4.33.0-rc2/bin/lean /home/citizen/Multiplicity/Foundations/certified-graph-learning/lean/CertificateCore/Vector.lean -o /home/citizen/Multiplicity/Foundations/certified-graph-learning/lean/.lake/build/lib/lean/CertificateCore/Vector.olean -i /home/citizen/Multiplicity/Foundations/certified-graph-learning/lean/.lake/build/lib/lean/CertificateCore/Vector.ilean -c /home/citizen/Multiplicity/Foundations/certified-graph-learning/lean/.lake/build/ir/CertificateCore/Vector.c --setup /home/citizen/Multiplicity/Foundations/certified-graph-learning/lean/.lake/build/ir/CertificateCore/Vector.setup.json --json",
   "level": "trace"},
  {"message":
   "CertificateCore/Vector.lean:210:22: This simp argument is unused:\n  Rat.zero_add\n\nHint: Omit it from the simp argument list.\n  [apply] simp [Rat.add_zero, Rat.add_assoc, Rat.add_left_comm, Rat.add_comm, Rat.neg_add_cancel, Rat.add_neg_cancel]\n\nNote: This linter can be disabled with `set_option linter.unusedSimpArgs false`",
   "level": "warning"},
  {"message":
   "CertificateCore/Vector.lean:210:36: This simp argument is unused:\n  Rat.add_assoc\n\nHint: Omit it from the simp argument list.\n  [apply] simp [Rat.add_zero, Rat.zero_add, Rat.add_left_comm, Rat.add_comm, Rat.neg_add_cancel, Rat.add_neg_cancel]\n\nNote: This linter can be disabled with `set_option linter.unusedSimpArgs false`",
   "level": "warning"},
  {"message":
   "CertificateCore/Vector.lean:211:4: This simp argument is unused:\n  Rat.neg_add_cancel\n\nHint: Omit it from the simp argument list.\n  [apply] simp [Rat.add_zero, Rat.zero_add, Rat.add_assoc, Rat.add_left_comm, Rat.add_comm, Rat.add_neg_cancel]\n\nNote: This linter can be disabled with `set_option linter.unusedSimpArgs false`",
   "level": "warning"}],
 "inputs":
 [["deps",
   [["«certificate-core»/CertificateCore:extraDep",
     [["@«certificate-core»:extraDep", "00000000000006bb"]]],
    ["imports", "00000000000006bb"]]],
  ["libs",
   [["import dynlibs", "00000000000006bb"],
    ["package external libraries", "00000000000006bb"],
    ["module dynlibs", "00000000000006bb"],
    ["module plugins", "00000000000006bb"]]],
  ["Lean 4.33.0, commit d8b18978322de05a8f3dba51ef03cf5461676c17",
   "3eca9d16ab6c877d"],
  ["/home/citizen/Multiplicity/Foundations/certified-graph-learning/lean/CertificateCore/Vector.lean",
   "5b950e0e8f77e135"],
  ["options", "00000000000006bb"],
  ["isModule: false", "feefd2a0d3a1847e"],
  ["Module.name: CertificateCore.Vector", "2545a91fff2795b5"],
  ["Package.id?: (some certificate-core)", "7fea17351c6c154a"],
  ["Module.leanArgs: #[]", "00000000000006bb"]],
 "depHash": "21bebc99d3ff28ac"}