{"synthetic": false,
 "schemaVersion": "2025-09-10",
 "outputs":
 {"o": ["3ddff2173b5c1425.olean"],
  "m": false,
  "i": "a5e5c95a246e3ed4.ilean",
  "c": "8078337bea12b997.c"},
 "log":
 [{"message":
   ".> LEAN_PATH=/home/citizen/Multiplicity/Foundry/models/the-guardian/the_guardian_adr/.lake/build/lib/lean /home/citizen/.elan/toolchains/leanprover--lean4---v4.33.0-rc1/bin/lean /home/citizen/Multiplicity/Foundry/models/the-guardian/the_guardian_adr/TheGuardianAdr/Core.lean -o /home/citizen/Multiplicity/Foundry/models/the-guardian/the_guardian_adr/.lake/build/lib/lean/TheGuardianAdr/Core.olean -i /home/citizen/Multiplicity/Foundry/models/the-guardian/the_guardian_adr/.lake/build/lib/lean/TheGuardianAdr/Core.ilean -c /home/citizen/Multiplicity/Foundry/models/the-guardian/the_guardian_adr/.lake/build/ir/TheGuardianAdr/Core.c --setup /home/citizen/Multiplicity/Foundry/models/the-guardian/the_guardian_adr/.lake/build/ir/TheGuardianAdr/Core.setup.json --json",
   "level": "trace"}],
 "inputs":
 [["deps",
   [["the_guardian_adr/TheGuardianAdr:extraDep",
     [["@the_guardian_adr:extraDep", "00000000000006bb"]]],
    ["imports", "00000000000006bb"]]],
  ["libs",
   [["import dynlibs", "00000000000006bb"],
    ["package external libraries", "00000000000006bb"],
    ["module dynlibs", "00000000000006bb"],
    ["module plugins", "00000000000006bb"]]],
  ["Lean 4.33.0, commit 62eed1db4d67327ec8120be05f1a1b0847d74561",
   "8fa8fbe052c71a8e"],
  ["/home/citizen/Multiplicity/Foundry/models/the-guardian/the_guardian_adr/TheGuardianAdr/Core.lean",
   "4609d939ace03201"],
  ["options", "00000000000006bb"],
  ["isModule: false", "feefd2a0d3a1847e"],
  ["Module.name: TheGuardianAdr.Core", "30c285fc374a3222"],
  ["Package.id?: (some the_guardian_adr)", "3131eca873d3094a"],
  ["Module.leanArgs: #[]", "00000000000006bb"]],
 "depHash": "03e6657b87c945a7"}