{"synthetic": false,
 "schemaVersion": "2025-09-10",
 "outputs":
 {"o": ["f023966a18fe1a89.olean"],
  "m": false,
  "i": "55d5268d0d09b1b3.ilean",
  "c": "964eaeed08e6062e.c"},
 "log":
 [{"message":
   ".> LEAN_PATH=/home/citizen/Multiplicity/Foundry/models/the-guardian/the_guardian_adr/.lake/build/lib/lean /home/citizen/.elan/toolchains/leanprover--lean4---v4.33.0-rc1/bin/lean /home/citizen/Multiplicity/Foundry/models/the-guardian/the_guardian_adr/TheGuardianAdr/Proofs.lean -o /home/citizen/Multiplicity/Foundry/models/the-guardian/the_guardian_adr/.lake/build/lib/lean/TheGuardianAdr/Proofs.olean -i /home/citizen/Multiplicity/Foundry/models/the-guardian/the_guardian_adr/.lake/build/lib/lean/TheGuardianAdr/Proofs.ilean -c /home/citizen/Multiplicity/Foundry/models/the-guardian/the_guardian_adr/.lake/build/ir/TheGuardianAdr/Proofs.c --setup /home/citizen/Multiplicity/Foundry/models/the-guardian/the_guardian_adr/.lake/build/ir/TheGuardianAdr/Proofs.setup.json --json",
   "level": "trace"}],
 "inputs":
 [["deps",
   [["the_guardian_adr/TheGuardianAdr:extraDep",
     [["@the_guardian_adr:extraDep", "00000000000006bb"]]],
    ["imports",
     [["TheGuardianAdr.Core transitive imports (legacy)", "00000000000006bb"],
      ["TheGuardianAdr.Core:importAllArts", "03f81ce9a853d2e8"]]]]],
  ["libs",
   [["import dynlibs", "00000000000006bb"],
    ["package external libraries", "00000000000006bb"],
    ["module dynlibs", "00000000000006bb"],
    ["module plugins", "00000000000006bb"]]],
  ["Lean 4.33.0, commit 62eed1db4d67327ec8120be05f1a1b0847d74561",
   "8fa8fbe052c71a8e"],
  ["/home/citizen/Multiplicity/Foundry/models/the-guardian/the_guardian_adr/TheGuardianAdr/Proofs.lean",
   "99d702d9b497e78f"],
  ["options", "00000000000006bb"],
  ["isModule: false", "feefd2a0d3a1847e"],
  ["Module.name: TheGuardianAdr.Proofs", "14a9db0a96e6fb8f"],
  ["Package.id?: (some the_guardian_adr)", "3131eca873d3094a"],
  ["Module.leanArgs: #[]", "00000000000006bb"]],
 "depHash": "07888a762b3e0d0e"}