{"synthetic": false,
 "schemaVersion": "2025-09-10",
 "outputs":
 {"o": ["059c7d10d7fc49de.olean"],
  "m": false,
  "i": "cad026685fed1ecb.ilean",
  "c": "74a6d8500315b5c0.c"},
 "log":
 [{"message":
   ".> LEAN_PATH=/media/citizen/b361d448-7c51-413a-aa23-9515cb626930/home/citizen/Multiplicity/packages/Foundry/artifacts/AdrLedger/.lake/build/lib/lean /home/citizen/.elan/toolchains/leanprover--lean4---v4.34.0-rc2/bin/lean /media/citizen/b361d448-7c51-413a-aa23-9515cb626930/home/citizen/Multiplicity/packages/Foundry/artifacts/AdrLedger/AdrLedger.lean -o /media/citizen/b361d448-7c51-413a-aa23-9515cb626930/home/citizen/Multiplicity/packages/Foundry/artifacts/AdrLedger/.lake/build/lib/lean/AdrLedger.olean -i /media/citizen/b361d448-7c51-413a-aa23-9515cb626930/home/citizen/Multiplicity/packages/Foundry/artifacts/AdrLedger/.lake/build/lib/lean/AdrLedger.ilean -c /media/citizen/b361d448-7c51-413a-aa23-9515cb626930/home/citizen/Multiplicity/packages/Foundry/artifacts/AdrLedger/.lake/build/ir/AdrLedger.c --setup /media/citizen/b361d448-7c51-413a-aa23-9515cb626930/home/citizen/Multiplicity/packages/Foundry/artifacts/AdrLedger/.lake/build/ir/AdrLedger.setup.json --json",
   "level": "trace"}],
 "inputs":
 [["deps",
   [["AdrLedger/AdrLedger:extraDep",
     [["@AdrLedger:extraDep", "00000000000006bb"]]],
    ["imports",
     [["AdrLedger.Core transitive imports (legacy)", "00000000000006bb"],
      ["AdrLedger.Core:importAllArts", "3012d2989a248c2d"],
      ["AdrLedger.Proofs transitive imports (legacy)", "a622b81a19de27e2"],
      ["AdrLedger.Proofs:importAllArts", "455de5868eb7ee26"],
      ["AdrLedger.Examples transitive imports (legacy)", "22abee2b41ae35c4"],
      ["AdrLedger.Examples:importAllArts", "9a2df18af01e2436"]]]]],
  ["libs",
   [["import dynlibs", "00000000000006bb"],
    ["package external libraries", "00000000000006bb"],
    ["module dynlibs", "00000000000006bb"],
    ["module plugins", "00000000000006bb"]]],
  ["Lean 4.34.0, commit 6a10ac8c22beadecabdbb0919c2b50214762f91d",
   "365244c167ac8c1d"],
  ["/media/citizen/b361d448-7c51-413a-aa23-9515cb626930/home/citizen/Multiplicity/packages/Foundry/artifacts/AdrLedger/AdrLedger.lean",
   "3c11280c1e53ff32"],
  ["options", "00000000000006bb"],
  ["isModule: false", "feefd2a0d3a1847e"],
  ["Module.name: AdrLedger", "9840a725b4f7bc67"],
  ["Package.id?: (some AdrLedger)", "26711594f2115161"],
  ["Module.leanArgs: #[]", "00000000000006bb"]],
 "depHash": "8a838c981615c881"}