{"synthetic": false,
 "schemaVersion": "2025-09-10",
 "outputs":
 {"o": ["4ad1f08becde0caa.olean"],
  "m": false,
  "i": "775e075c1fc813f7.ilean",
  "c": "186fa133dfb390f1.c"},
 "log":
 [{"message":
   ".> LEAN_PATH=/home/citizen/Multiplicity/Foundry/models/the-guardian/the_guardian_adr/.lake/build/lib/lean /home/citizen/.elan/toolchains/leanprover--lean4---v4.33.0-rc1/bin/lean /home/citizen/Multiplicity/Foundry/models/the-guardian/the_guardian_adr/TheGuardianAdr.lean -o /home/citizen/Multiplicity/Foundry/models/the-guardian/the_guardian_adr/.lake/build/lib/lean/TheGuardianAdr.olean -i /home/citizen/Multiplicity/Foundry/models/the-guardian/the_guardian_adr/.lake/build/lib/lean/TheGuardianAdr.ilean -c /home/citizen/Multiplicity/Foundry/models/the-guardian/the_guardian_adr/.lake/build/ir/TheGuardianAdr.c --setup /home/citizen/Multiplicity/Foundry/models/the-guardian/the_guardian_adr/.lake/build/ir/TheGuardianAdr.setup.json --json",
   "level": "trace"}],
 "inputs":
 [["deps",
   [["the_guardian_adr/TheGuardianAdr:extraDep",
     [["@the_guardian_adr:extraDep", "00000000000006bb"]]],
    ["imports",
     [["TheGuardianAdr.Core transitive imports (legacy)", "00000000000006bb"],
      ["TheGuardianAdr.Core:importAllArts", "03f81ce9a853d2e8"],
      ["TheGuardianAdr.Proofs transitive imports (legacy)", "91d8ded581e5ec2d"],
      ["TheGuardianAdr.Proofs:importAllArts", "0ba1da81211b8f33"],
      ["TheGuardianAdr.FFI transitive imports (legacy)", "91d8ded581e5ec2d"],
      ["TheGuardianAdr.FFI:importAllArts", "1ebe5b54212e6762"]]]]],
  ["libs",
   [["import dynlibs", "00000000000006bb"],
    ["package external libraries", "00000000000006bb"],
    ["module dynlibs", "00000000000006bb"],
    ["module plugins", "00000000000006bb"]]],
  ["Lean 4.33.0, commit 62eed1db4d67327ec8120be05f1a1b0847d74561",
   "8fa8fbe052c71a8e"],
  ["/home/citizen/Multiplicity/Foundry/models/the-guardian/the_guardian_adr/TheGuardianAdr.lean",
   "99b34818dfc35660"],
  ["options", "00000000000006bb"],
  ["isModule: false", "feefd2a0d3a1847e"],
  ["Module.name: TheGuardianAdr", "e8f36a97315bea49"],
  ["Package.id?: (some the_guardian_adr)", "3131eca873d3094a"],
  ["Module.leanArgs: #[]", "00000000000006bb"]],
 "depHash": "f62100f719094911"}