{"synthetic": false,
 "schemaVersion": "2025-09-10",
 "outputs":
 {"o": ["5e1b8ef6ff8a751e.olean"],
  "m": false,
  "i": "1a23e4194ef8b0ab.ilean",
  "c": "aa5bd54ee06d2dc2.c"},
 "log":
 [{"message":
   ".> LEAN_PATH=/home/citizen/Multiplicity/Foundry/models/the-genius/the_genius_adr/.lake/build/lib/lean /home/citizen/.elan/toolchains/leanprover--lean4---v4.33.0-rc1/bin/lean /home/citizen/Multiplicity/Foundry/models/the-genius/the_genius_adr/TheGeniusAdr.lean -o /home/citizen/Multiplicity/Foundry/models/the-genius/the_genius_adr/.lake/build/lib/lean/TheGeniusAdr.olean -i /home/citizen/Multiplicity/Foundry/models/the-genius/the_genius_adr/.lake/build/lib/lean/TheGeniusAdr.ilean -c /home/citizen/Multiplicity/Foundry/models/the-genius/the_genius_adr/.lake/build/ir/TheGeniusAdr.c --setup /home/citizen/Multiplicity/Foundry/models/the-genius/the_genius_adr/.lake/build/ir/TheGeniusAdr.setup.json --json",
   "level": "trace"}],
 "inputs":
 [["deps",
   [["the_genius_adr/TheGeniusAdr:extraDep",
     [["@the_genius_adr:extraDep", "00000000000006bb"]]],
    ["imports",
     [["TheGeniusAdr.Core transitive imports (legacy)", "00000000000006bb"],
      ["TheGeniusAdr.Core:importAllArts", "2dccc9abb1ab3168"],
      ["TheGeniusAdr.Proofs transitive imports (legacy)", "945fd91b03b7e0f6"],
      ["TheGeniusAdr.Proofs:importAllArts", "c056e140cd7a3d18"],
      ["TheGeniusAdr.FFI transitive imports (legacy)", "945fd91b03b7e0f6"],
      ["TheGeniusAdr.FFI:importAllArts", "f4bcbea9e2d39775"]]]]],
  ["libs",
   [["import dynlibs", "00000000000006bb"],
    ["package external libraries", "00000000000006bb"],
    ["module dynlibs", "00000000000006bb"],
    ["module plugins", "00000000000006bb"]]],
  ["Lean 4.33.0, commit 62eed1db4d67327ec8120be05f1a1b0847d74561",
   "8fa8fbe052c71a8e"],
  ["/home/citizen/Multiplicity/Foundry/models/the-genius/the_genius_adr/TheGeniusAdr.lean",
   "697a5dc97df57b57"],
  ["options", "00000000000006bb"],
  ["isModule: false", "feefd2a0d3a1847e"],
  ["Module.name: TheGeniusAdr", "01e157297ae66f02"],
  ["Package.id?: (some the_genius_adr)", "0fac9105906af657"],
  ["Module.leanArgs: #[]", "00000000000006bb"]],
 "depHash": "670b3ebe56ffbbda"}