{"synthetic": false,
 "schemaVersion": "2025-09-10",
 "outputs":
 {"o": ["6c750af5fbbc7900.olean"],
  "m": false,
  "i": "f600b27452972115.ilean",
  "c": "1fddcedfc0e5f83a.c"},
 "log":
 [{"message":
   ".> LEAN_PATH=/home/citizen/Multiplicity/Foundry/models/the-examiner/the_examiner_adr/.lake/build/lib/lean /home/citizen/.elan/toolchains/leanprover--lean4---v4.33.0-rc1/bin/lean /home/citizen/Multiplicity/Foundry/models/the-examiner/the_examiner_adr/TheExaminerAdr/Core.lean -o /home/citizen/Multiplicity/Foundry/models/the-examiner/the_examiner_adr/.lake/build/lib/lean/TheExaminerAdr/Core.olean -i /home/citizen/Multiplicity/Foundry/models/the-examiner/the_examiner_adr/.lake/build/lib/lean/TheExaminerAdr/Core.ilean -c /home/citizen/Multiplicity/Foundry/models/the-examiner/the_examiner_adr/.lake/build/ir/TheExaminerAdr/Core.c --setup /home/citizen/Multiplicity/Foundry/models/the-examiner/the_examiner_adr/.lake/build/ir/TheExaminerAdr/Core.setup.json --json",
   "level": "trace"}],
 "inputs":
 [["deps",
   [["the_examiner_adr/TheExaminerAdr:extraDep",
     [["@the_examiner_adr:extraDep", "00000000000006bb"]]],
    ["imports", "00000000000006bb"]]],
  ["libs",
   [["import dynlibs", "00000000000006bb"],
    ["package external libraries", "00000000000006bb"],
    ["module dynlibs", "00000000000006bb"],
    ["module plugins", "00000000000006bb"]]],
  ["Lean 4.33.0, commit 62eed1db4d67327ec8120be05f1a1b0847d74561",
   "8fa8fbe052c71a8e"],
  ["/home/citizen/Multiplicity/Foundry/models/the-examiner/the_examiner_adr/TheExaminerAdr/Core.lean",
   "492c15509e597309"],
  ["options", "00000000000006bb"],
  ["isModule: false", "feefd2a0d3a1847e"],
  ["Module.name: TheExaminerAdr.Core", "04c2da03a5a043f6"],
  ["Package.id?: (some the_examiner_adr)", "1c86689d13a15195"],
  ["Module.leanArgs: #[]", "00000000000006bb"]],
 "depHash": "cc8afc287b57bb10"}