{"timestamp":"2026-06-21T21:20:53.782965580Z","event":"mlir_emit","details":{"event":"integer","multiplicity":"1","prime_index":7}}
{"timestamp":"2026-06-21T21:20:53.782983785Z","event":"mlir_emit","details":{"event":"integer","multiplicity":"1","prime_index":3}}
{"timestamp":"2026-06-21T21:20:53.783361698Z","event":"mlir_emit","details":{"event":"integer","multiplicity":"1","prime_index":5}}
{"timestamp":"2026-06-21T21:20:53.783431657Z","event":"mlir_emit","details":{"combined_prime":15,"event":"binary","multiplicity":"15"}}
{"timestamp":"2026-06-21T21:38:09.885598568Z","event":"mlir_emit","details":{"event":"integer","multiplicity":"1","prime_index":2}}
{"timestamp":"2026-06-21T21:38:09.885699999Z","event":"mlir_emit","details":{"event":"integer","multiplicity":"1","prime_index":64}}
{"timestamp":"2026-06-21T21:38:09.885748525Z","event":"mlir_emit","details":{"event":"integer","multiplicity":"1","prime_index":7}}
{"timestamp":"2026-06-21T21:38:09.885760749Z","event":"mlir_emit_error","details":{"error":"PM001: Multiplicity overflow","event":"binary","status":"REJECTED"}}
{"timestamp":"2026-06-21T21:38:09.885783531Z","event":"mlir_emit","details":{"event":"integer","multiplicity":"1","prime_index":3}}
{"timestamp":"2026-06-21T21:38:09.885857361Z","event":"mlir_emit","details":{"event":"integer","multiplicity":"1","prime_index":5}}
{"timestamp":"2026-06-21T21:38:09.885921425Z","event":"mlir_emit","details":{"combined_prime":81,"event":"binary","multiplicity":"81","status":"VALIDATED"}}
{"timestamp":"2026-06-21T21:38:18.118453731Z","event":"mlir_emit","details":{"event":"integer","multiplicity":"1","prime_index":2}}
{"timestamp":"2026-06-21T21:38:18.118566916Z","event":"mlir_emit","details":{"event":"integer","multiplicity":"1","prime_index":64}}
{"timestamp":"2026-06-21T21:38:18.118632272Z","event":"mlir_emit_error","details":{"error":"PM001: Multiplicity overflow","event":"binary","status":"REJECTED"}}
{"timestamp":"2026-06-21T21:38:18.120539286Z","event":"mlir_emit","details":{"event":"integer","multiplicity":"1","prime_index":3}}
{"timestamp":"2026-06-21T21:38:18.120644372Z","event":"mlir_emit","details":{"event":"integer","multiplicity":"1","prime_index":5}}
{"timestamp":"2026-06-21T21:38:18.120709284Z","event":"mlir_emit","details":{"combined_prime":243,"event":"binary","multiplicity":"243","status":"VALIDATED"}}
{"timestamp":"2026-06-21T21:38:18.119022029Z","event":"mlir_emit","details":{"event":"integer","multiplicity":"1","prime_index":7}}
{"timestamp":"2026-06-22T00:20:34.906719355Z","event":"mlir_emit","details":{"event":"integer","multiplicity":"1","prime_index":2}}
{"timestamp":"2026-06-22T00:20:34.907207356Z","event":"mlir_emit","details":{"event":"integer","multiplicity":"1","prime_index":3}}
{"timestamp":"2026-06-22T00:20:34.909778924Z","event":"mlir_emit","details":{"event":"integer","multiplicity":"1","prime_index":5}}
{"timestamp":"2026-06-22T00:20:34.909778927Z","event":"mlir_emit","details":{"event":"integer","multiplicity":"1","prime_index":64}}
{"timestamp":"2026-06-22T00:20:34.909862444Z","event":"mlir_emit","details":{"combined_prime":243,"event":"binary","multiplicity":"243","status":"VALIDATED"}}
{"timestamp":"2026-06-22T00:20:34.909867032Z","event":"mlir_emit_error","details":{"error":"PM001: Multiplicity overflow","event":"binary","status":"REJECTED"}}
{"timestamp":"2026-06-22T00:20:34.907394262Z","event":"mlir_emit","details":{"event":"integer","multiplicity":"1","prime_index":7}}
{"timestamp":"2026-06-22T00:22:00.577181513Z","event":"mlir_emit","details":{"event":"integer","multiplicity":"1","prime_index":2}}
{"timestamp":"2026-06-22T00:22:00.577330806Z","event":"mlir_emit","details":{"event":"integer","multiplicity":"1","prime_index":64}}
{"timestamp":"2026-06-22T00:22:00.577418926Z","event":"mlir_emit_error","details":{"error":"PM001: Multiplicity overflow","event":"binary","status":"REJECTED"}}
{"timestamp":"2026-06-22T00:22:00.578466157Z","event":"mlir_emit","details":{"event":"integer","multiplicity":"1","prime_index":3}}
{"timestamp":"2026-06-22T00:22:00.578606921Z","event":"mlir_emit","details":{"event":"integer","multiplicity":"1","prime_index":5}}
{"timestamp":"2026-06-22T00:22:00.578689445Z","event":"mlir_emit","details":{"combined_prime":243,"event":"binary","multiplicity":"243","status":"VALIDATED"}}
{"timestamp":"2026-06-22T00:22:00.579297472Z","event":"mlir_emit","details":{"event":"integer","multiplicity":"1","prime_index":7}}
{"timestamp":"2026-06-22T21:01:01.115634285Z","event":"mlir_emit","details":{"event":"integer","multiplicity":"1","prime_index":42}}
{"timestamp":"2026-06-22T21:01:01.117637100Z","event":"mlir_emit","details":{"event":"integer","multiplicity":"1","prime_index":2}}
{"timestamp":"2026-06-22T21:01:01.117762655Z","event":"mlir_emit","details":{"event":"integer","multiplicity":"1","prime_index":64}}
{"timestamp":"2026-06-22T21:01:01.117831187Z","event":"mlir_emit_error","details":{"error":"PM001: Multiplicity overflow","event":"binary","status":"REJECTED"}}
{"timestamp":"2026-06-22T21:01:01.118616876Z","event":"mlir_emit","details":{"event":"integer","multiplicity":"1","prime_index":3}}
{"timestamp":"2026-06-22T21:01:01.118732971Z","event":"mlir_emit","details":{"event":"integer","multiplicity":"1","prime_index":5}}
{"timestamp":"2026-06-22T21:01:01.118803904Z","event":"mlir_emit","details":{"combined_prime":243,"event":"binary","multiplicity":"243","status":"VALIDATED"}}
{"timestamp":"2026-06-22T21:01:01.121569998Z","event":"mlir_emit","details":{"event":"integer","multiplicity":"1","prime_index":7}}
{"timestamp":"2026-06-22T21:03:21.880814451Z","event":"mlir_emit","details":{"event":"integer","multiplicity":"1","prime_index":42}}
{"timestamp":"2026-06-22T21:03:21.881433770Z","event":"mlir_emit","details":{"event":"integer","multiplicity":"1","prime_index":2}}
{"timestamp":"2026-06-22T21:03:21.881510854Z","event":"mlir_emit","details":{"event":"integer","multiplicity":"1","prime_index":64}}
{"timestamp":"2026-06-22T21:03:21.881551042Z","event":"mlir_emit_error","details":{"error":"PM001: Multiplicity overflow","event":"binary","status":"REJECTED"}}
{"timestamp":"2026-06-22T21:03:21.882465851Z","event":"mlir_emit","details":{"event":"integer","multiplicity":"1","prime_index":3}}
{"timestamp":"2026-06-22T21:03:21.882551044Z","event":"mlir_emit","details":{"event":"integer","multiplicity":"1","prime_index":5}}
{"timestamp":"2026-06-22T21:03:21.882593222Z","event":"mlir_emit","details":{"combined_prime":243,"event":"binary","multiplicity":"243","status":"VALIDATED"}}
{"timestamp":"2026-06-22T21:03:21.882913158Z","event":"mlir_emit","details":{"event":"integer","multiplicity":"1","prime_index":7}}
{"timestamp":"2026-06-22T21:03:21.907610668Z","event":"mlir_emit","details":{"event":"atom","multiplicity":"1","prime_index":2}}
{"timestamp":"2026-06-22T21:03:21.908712712Z","event":"mlir_let","details":{"name":"x","prime_index":2}}
{"timestamp":"2026-06-22T21:03:21.908867997Z","event":"mlir_emit","details":{"event":"atom","multiplicity":"1","prime_index":3}}
{"timestamp":"2026-06-22T21:03:21.909356489Z","event":"mlir_call","details":{"arg_count":1,"name":"dummy_func"}}
{"timestamp":"2026-06-22T21:03:21.909482122Z","event":"mlir_emit","details":{"event":"ident","multiplicity":"1","prime_index":2}}
{"timestamp":"2026-06-22T21:08:08.685286106Z","event":"mlir_emit","details":{"event":"integer","multiplicity":"1","prime_index":42}}
{"timestamp":"2026-06-22T21:08:08.688273906Z","event":"mlir_emit","details":{"event":"integer","multiplicity":"1","prime_index":2}}
{"timestamp":"2026-06-22T21:08:08.688381071Z","event":"mlir_emit","details":{"event":"integer","multiplicity":"1","prime_index":64}}
{"timestamp":"2026-06-22T21:08:08.688439306Z","event":"mlir_emit_error","details":{"error":"PM001: Multiplicity overflow","event":"binary","status":"REJECTED"}}
{"timestamp":"2026-06-22T21:08:08.690740014Z","event":"mlir_emit","details":{"event":"integer","multiplicity":"1","prime_index":3}}
{"timestamp":"2026-06-22T21:08:08.690843160Z","event":"mlir_emit","details":{"event":"integer","multiplicity":"1","prime_index":5}}
{"timestamp":"2026-06-22T21:08:08.690902467Z","event":"mlir_emit","details":{"combined_prime":243,"event":"binary","multiplicity":"243","status":"VALIDATED"}}
{"timestamp":"2026-06-22T21:08:08.691220963Z","event":"mlir_emit","details":{"event":"integer","multiplicity":"1","prime_index":7}}
{"timestamp":"2026-06-22T21:08:08.720641333Z","event":"mlir_emit","details":{"event":"atom","multiplicity":"1","prime_index":2}}
{"timestamp":"2026-06-22T21:08:08.721533261Z","event":"mlir_let","details":{"name":"x","prime_index":2}}
{"timestamp":"2026-06-22T21:08:08.721638281Z","event":"mlir_emit","details":{"event":"atom","multiplicity":"1","prime_index":3}}
{"timestamp":"2026-06-22T21:08:08.721965302Z","event":"mlir_call","details":{"arg_count":1,"name":"dummy_func"}}
{"timestamp":"2026-06-22T21:08:08.722064829Z","event":"mlir_emit","details":{"event":"ident","multiplicity":"1","prime_index":2}}
{"timestamp":"2026-06-22T21:14:41.756072115Z","event":"mlir_emit","details":{"event":"integer","multiplicity":"1","prime_index":42}}
{"timestamp":"2026-06-22T21:14:41.759260083Z","event":"mlir_emit","details":{"event":"integer","multiplicity":"1","prime_index":2}}
{"timestamp":"2026-06-22T21:14:41.759365151Z","event":"mlir_emit","details":{"event":"integer","multiplicity":"1","prime_index":64}}
{"timestamp":"2026-06-22T21:14:41.759426322Z","event":"mlir_emit_error","details":{"error":"PM001: Multiplicity overflow","event":"binary","status":"REJECTED"}}
{"timestamp":"2026-06-22T21:14:41.761886448Z","event":"mlir_emit","details":{"event":"integer","multiplicity":"1","prime_index":3}}
{"timestamp":"2026-06-22T21:14:41.762033604Z","event":"mlir_emit","details":{"event":"integer","multiplicity":"1","prime_index":5}}
{"timestamp":"2026-06-22T21:14:41.762105593Z","event":"mlir_emit","details":{"combined_prime":243,"event":"binary","multiplicity":"243","status":"VALIDATED"}}
{"timestamp":"2026-06-22T21:14:41.764721535Z","event":"mlir_emit","details":{"event":"integer","multiplicity":"1","prime_index":7}}
{"timestamp":"2026-06-22T21:14:41.817111695Z","event":"mlir_emit","details":{"event":"atom","multiplicity":"1","prime_index":2}}
{"timestamp":"2026-06-22T21:14:41.818358101Z","event":"mlir_let","details":{"name":"x","prime_index":2}}
{"timestamp":"2026-06-22T21:14:41.818473684Z","event":"mlir_emit","details":{"event":"atom","multiplicity":"1","prime_index":3}}
{"timestamp":"2026-06-22T21:14:41.818772978Z","event":"mlir_call","details":{"arg_count":1,"name":"dummy_func"}}
{"timestamp":"2026-06-22T21:14:41.818855955Z","event":"mlir_emit","details":{"event":"ident","multiplicity":"1","prime_index":2}}
{"timestamp":"2026-06-22T21:20:08.513447348Z","event":"mlir_emit","details":{"event":"integer","multiplicity":"1","prime_index":42}}
{"timestamp":"2026-06-22T21:20:08.514647592Z","event":"mlir_emit","details":{"event":"integer","multiplicity":"1","prime_index":2}}
{"timestamp":"2026-06-22T21:20:08.515115641Z","event":"mlir_emit","details":{"event":"integer","multiplicity":"1","prime_index":64}}
{"timestamp":"2026-06-22T21:20:08.515207381Z","event":"mlir_emit_error","details":{"error":"PM001: Multiplicity overflow","event":"binary","status":"REJECTED"}}
{"timestamp":"2026-06-22T21:20:08.515726414Z","event":"mlir_emit","details":{"event":"integer","multiplicity":"1","prime_index":3}}
{"timestamp":"2026-06-22T21:20:08.515824180Z","event":"mlir_emit","details":{"event":"integer","multiplicity":"1","prime_index":5}}
{"timestamp":"2026-06-22T21:20:08.515887490Z","event":"mlir_emit","details":{"combined_prime":243,"event":"binary","multiplicity":"243","status":"VALIDATED"}}
{"timestamp":"2026-06-22T21:20:08.516190371Z","event":"mlir_emit","details":{"event":"integer","multiplicity":"1","prime_index":7}}
{"timestamp":"2026-06-22T21:20:08.547265871Z","event":"mlir_emit","details":{"event":"atom","multiplicity":"1","prime_index":2}}
{"timestamp":"2026-06-22T21:20:08.548067792Z","event":"mlir_let","details":{"name":"x","prime_index":2}}
{"timestamp":"2026-06-22T21:20:08.548146888Z","event":"mlir_emit","details":{"event":"atom","multiplicity":"1","prime_index":3}}
{"timestamp":"2026-06-22T21:20:08.548439082Z","event":"mlir_call","details":{"arg_count":1,"name":"dummy_func"}}
{"timestamp":"2026-06-22T21:20:08.548525842Z","event":"mlir_emit","details":{"event":"ident","multiplicity":"1","prime_index":2}}
{"timestamp":"2026-06-22T21:42:36.179290066Z","event":"mlir_emit","details":{"event":"integer","multiplicity":"1","prime_index":42}}
{"timestamp":"2026-06-22T21:42:36.180920723Z","event":"mlir_emit","details":{"event":"integer","multiplicity":"1","prime_index":2}}
{"timestamp":"2026-06-22T21:42:36.181026443Z","event":"mlir_emit","details":{"event":"integer","multiplicity":"1","prime_index":64}}
{"timestamp":"2026-06-22T21:42:36.181088852Z","event":"mlir_emit_error","details":{"error":"PM001: Multiplicity overflow","event":"binary","status":"REJECTED"}}
{"timestamp":"2026-06-22T21:42:36.181989373Z","event":"mlir_emit","details":{"event":"integer","multiplicity":"1","prime_index":3}}
{"timestamp":"2026-06-22T21:42:36.182123052Z","event":"mlir_emit","details":{"event":"integer","multiplicity":"1","prime_index":5}}
{"timestamp":"2026-06-22T21:42:36.182253524Z","event":"mlir_emit","details":{"combined_prime":243,"event":"binary","multiplicity":"243","status":"VALIDATED"}}
{"timestamp":"2026-06-22T21:42:36.185293797Z","event":"mlir_emit","details":{"event":"integer","multiplicity":"1","prime_index":7}}
{"timestamp":"2026-06-22T21:42:36.224066637Z","event":"mlir_emit","details":{"event":"atom","multiplicity":"1","prime_index":2}}
{"timestamp":"2026-06-22T21:42:36.225066984Z","event":"mlir_let","details":{"name":"x","prime_index":2}}
{"timestamp":"2026-06-22T21:42:36.225218705Z","event":"mlir_emit","details":{"event":"atom","multiplicity":"1","prime_index":3}}
{"timestamp":"2026-06-22T21:42:36.225528777Z","event":"mlir_call","details":{"arg_count":1,"name":"dummy_func"}}
{"timestamp":"2026-06-22T21:42:36.225621460Z","event":"mlir_emit","details":{"event":"ident","multiplicity":"1","prime_index":2}}
{"timestamp":"2026-06-22T21:43:43.811181965Z","event":"mlir_emit","details":{"event":"integer","multiplicity":"1","prime_index":42}}
{"timestamp":"2026-06-22T21:43:43.813912698Z","event":"mlir_emit","details":{"event":"integer","multiplicity":"1","prime_index":2}}
{"timestamp":"2026-06-22T21:43:43.814011220Z","event":"mlir_emit","details":{"event":"integer","multiplicity":"1","prime_index":64}}
{"timestamp":"2026-06-22T21:43:43.814069869Z","event":"mlir_emit_error","details":{"error":"PM001: Multiplicity overflow","event":"binary","status":"REJECTED"}}
{"timestamp":"2026-06-22T21:43:43.815100706Z","event":"mlir_emit","details":{"event":"integer","multiplicity":"1","prime_index":3}}
{"timestamp":"2026-06-22T21:43:43.815652781Z","event":"mlir_emit","details":{"event":"integer","multiplicity":"1","prime_index":5}}
{"timestamp":"2026-06-22T21:43:43.815742239Z","event":"mlir_emit","details":{"combined_prime":243,"event":"binary","multiplicity":"243","status":"VALIDATED"}}
{"timestamp":"2026-06-22T21:43:43.816201517Z","event":"mlir_emit","details":{"event":"integer","multiplicity":"1","prime_index":7}}
{"timestamp":"2026-06-22T21:43:43.848305379Z","event":"mlir_emit","details":{"event":"atom","multiplicity":"1","prime_index":2}}
{"timestamp":"2026-06-22T21:43:43.849574352Z","event":"mlir_let","details":{"name":"x","prime_index":2}}
{"timestamp":"2026-06-22T21:43:43.849680373Z","event":"mlir_emit","details":{"event":"atom","multiplicity":"1","prime_index":3}}
{"timestamp":"2026-06-22T21:43:43.849948464Z","event":"mlir_call","details":{"arg_count":1,"name":"dummy_func"}}
{"timestamp":"2026-06-22T21:43:43.850009919Z","event":"mlir_emit","details":{"event":"ident","multiplicity":"1","prime_index":2}}
{"timestamp":"2026-06-22T22:31:59.956283225Z","event":"mlir_emit","details":{"event":"integer","multiplicity":"1","prime_index":42}}
{"timestamp":"2026-06-22T22:31:59.960265443Z","event":"mlir_emit","details":{"event":"integer","multiplicity":"1","prime_index":2}}
{"timestamp":"2026-06-22T22:31:59.960370078Z","event":"mlir_emit","details":{"event":"integer","multiplicity":"1","prime_index":64}}
{"timestamp":"2026-06-22T22:31:59.960426199Z","event":"mlir_emit_error","details":{"error":"PM001: Multiplicity overflow","event":"binary","status":"REJECTED"}}
{"timestamp":"2026-06-22T22:31:59.964283319Z","event":"mlir_emit","details":{"event":"integer","multiplicity":"1","prime_index":3}}
{"timestamp":"2026-06-22T22:31:59.964406318Z","event":"mlir_emit","details":{"event":"integer","multiplicity":"1","prime_index":5}}
{"timestamp":"2026-06-22T22:31:59.964472442Z","event":"mlir_emit","details":{"combined_prime":243,"event":"binary","multiplicity":"243","status":"VALIDATED"}}
{"timestamp":"2026-06-22T22:31:59.965059255Z","event":"mlir_emit","details":{"event":"integer","multiplicity":"1","prime_index":7}}
{"timestamp":"2026-06-22T22:32:00.033759698Z","event":"mlir_emit","details":{"event":"atom","multiplicity":"1","prime_index":2}}
{"timestamp":"2026-06-22T22:32:00.039513273Z","event":"mlir_let","details":{"name":"x","prime_index":2}}
{"timestamp":"2026-06-22T22:32:00.039622131Z","event":"mlir_emit","details":{"event":"atom","multiplicity":"1","prime_index":3}}
{"timestamp":"2026-06-22T22:32:00.039874758Z","event":"mlir_call","details":{"arg_count":1,"name":"dummy_func"}}
{"timestamp":"2026-06-22T22:32:00.039942233Z","event":"mlir_emit","details":{"event":"ident","multiplicity":"1","prime_index":2}}
{"details":{"event":"integer","multiplicity":"1","prime_index":42},"event":"mlir_emit","timestamp":"2026-06-25T16:02:09.174516319+00:00"}
{"details":{"event":"integer","multiplicity":"1","prime_index":2},"event":"mlir_emit","timestamp":"2026-06-25T16:02:09.174574457+00:00"}
{"details":{"event":"integer","multiplicity":"1","prime_index":3},"event":"mlir_emit","timestamp":"2026-06-25T16:02:09.174859937+00:00"}
{"details":{"event":"integer","multiplicity":"1","prime_index":64},"event":"mlir_emit","timestamp":"2026-06-25T16:02:09.176252921+00:00"}
{"details":{"event":"integer","multiplicity":"1","prime_index":5},"event":"mlir_emit","timestamp":"2026-06-25T16:02:09.176274421+00:00"}
{"details":{"event":"integer","multiplicity":"1","prime_index":7},"event":"mlir_emit","timestamp":"2026-06-25T16:02:09.175034034+00:00"}
{"details":{"error":"PM001: Multiplicity overflow","event":"binary","status":"REJECTED"},"event":"mlir_emit_error","timestamp":"2026-06-25T16:02:09.176355891+00:00"}
{"details":{"combined_prime":243,"event":"binary","multiplicity":"243","status":"VALIDATED"},"event":"mlir_emit","timestamp":"2026-06-25T16:02:09.176364987+00:00"}
{"details":{"event":"integer","multiplicity":"1","prime_index":2},"event":"mlir_emit","timestamp":"2026-06-25T16:38:27.895647068+00:00"}
{"details":{"event":"integer","multiplicity":"1","prime_index":42},"event":"mlir_emit","timestamp":"2026-06-25T16:38:27.895946929+00:00"}
{"details":{"event":"integer","multiplicity":"1","prime_index":7},"event":"mlir_emit","timestamp":"2026-06-25T16:38:27.896156354+00:00"}
{"details":{"event":"integer","multiplicity":"1","prime_index":64},"event":"mlir_emit","timestamp":"2026-06-25T16:38:27.896578644+00:00"}
{"details":{"error":"PM001: Multiplicity overflow","event":"binary","status":"REJECTED"},"event":"mlir_emit_error","timestamp":"2026-06-25T16:38:27.896673743+00:00"}
{"details":{"event":"integer","multiplicity":"1","prime_index":3},"event":"mlir_emit","timestamp":"2026-06-25T16:38:27.896790148+00:00"}
{"details":{"event":"integer","multiplicity":"1","prime_index":5},"event":"mlir_emit","timestamp":"2026-06-25T16:38:27.896875302+00:00"}
{"details":{"combined_prime":243,"event":"binary","multiplicity":"243","status":"VALIDATED"},"event":"mlir_emit","timestamp":"2026-06-25T16:38:27.896949917+00:00"}
{"details":{"event":"integer","multiplicity":"1","prime_index":2},"event":"mlir_emit","timestamp":"2026-06-25T17:07:48.701633888+00:00"}
{"details":{"event":"integer","multiplicity":"1","prime_index":64},"event":"mlir_emit","timestamp":"2026-06-25T17:07:48.702963816+00:00"}
{"details":{"error":"PM001: Multiplicity overflow","event":"binary","status":"REJECTED"},"event":"mlir_emit_error","timestamp":"2026-06-25T17:07:48.703043549+00:00"}
{"details":{"event":"integer","multiplicity":"1","prime_index":42},"event":"mlir_emit","timestamp":"2026-06-25T17:07:48.701872062+00:00"}
{"details":{"event":"integer","multiplicity":"1","prime_index":3},"event":"mlir_emit","timestamp":"2026-06-25T17:07:48.702297567+00:00"}{"details":{"event":"integer","multiplicity":"1","prime_index":7},"event":"mlir_emit","timestamp":"2026-06-25T17:07:48.702685055+00:00"}

{"details":{"event":"integer","multiplicity":"1","prime_index":5},"event":"mlir_emit","timestamp":"2026-06-25T17:07:48.703528093+00:00"}
{"details":{"combined_prime":243,"event":"binary","multiplicity":"243","status":"VALIDATED"},"event":"mlir_emit","timestamp":"2026-06-25T17:07:48.703613303+00:00"}
