{"synthetic": false,
 "schemaVersion": "2025-09-10",
 "outputs":
 {"o": ["7276d93ef2981623.olean"],
  "m": false,
  "i": "5c8329292438f865.ilean",
  "c": "2813de5204ba3e28.c"},
 "log":
 [{"message":
   ".> LEAN_PATH=/home/citizen/Multiplicity/Foundations/certified-graph-learning/lean/.lake/build/lib/lean /home/citizen/.elan/toolchains/leanprover--lean4---v4.33.0-rc2/bin/lean /home/citizen/Multiplicity/Foundations/certified-graph-learning/lean/CertificateCore.lean -o /home/citizen/Multiplicity/Foundations/certified-graph-learning/lean/.lake/build/lib/lean/CertificateCore.olean -i /home/citizen/Multiplicity/Foundations/certified-graph-learning/lean/.lake/build/lib/lean/CertificateCore.ilean -c /home/citizen/Multiplicity/Foundations/certified-graph-learning/lean/.lake/build/ir/CertificateCore.c --setup /home/citizen/Multiplicity/Foundations/certified-graph-learning/lean/.lake/build/ir/CertificateCore.setup.json --json",
   "level": "trace"}],
 "inputs":
 [["deps",
   [["«certificate-core»/CertificateCore:extraDep",
     [["@«certificate-core»:extraDep", "00000000000006bb"]]],
    ["imports",
     [["CertificateCore.Vector transitive imports (legacy)",
       "00000000000006bb"],
      ["CertificateCore.Vector:importAllArts", "22102aa387e27cbd"],
      ["CertificateCore.Matrix transitive imports (legacy)",
       "e4f72bc1976b3c5a"],
      ["CertificateCore.Matrix:importAllArts", "599204d0533af570"],
      ["CertificateCore.GraphLaplacian transitive imports (legacy)",
       "cef55434c3f1df10"],
      ["CertificateCore.GraphLaplacian:importAllArts", "9f9bed4540427dd9"],
      ["CertificateCore.SpectralContraction transitive imports (legacy)",
       "ad47d710fe9a661b"],
      ["CertificateCore.SpectralContraction:importAllArts", "7cf45336f25bed89"],
      ["CertificateCore.FFI transitive imports (legacy)", "71d2d3ae357e8261"],
      ["CertificateCore.FFI:importAllArts", "94bdd151071aba6b"]]]]],
  ["libs",
   [["import dynlibs", "00000000000006bb"],
    ["package external libraries", "00000000000006bb"],
    ["module dynlibs", "00000000000006bb"],
    ["module plugins", "00000000000006bb"]]],
  ["Lean 4.33.0, commit d8b18978322de05a8f3dba51ef03cf5461676c17",
   "3eca9d16ab6c877d"],
  ["/home/citizen/Multiplicity/Foundations/certified-graph-learning/lean/CertificateCore.lean",
   "47204693d7d04a0a"],
  ["options", "00000000000006bb"],
  ["isModule: false", "feefd2a0d3a1847e"],
  ["Module.name: CertificateCore", "ae8413b54df6b25b"],
  ["Package.id?: (some certificate-core)", "7fea17351c6c154a"],
  ["Module.leanArgs: #[]", "00000000000006bb"]],
 "depHash": "a7ec33e3afa4d573"}