{"synthetic": false,
 "schemaVersion": "2025-09-10",
 "outputs":
 {"o": ["74d7611f8e682f9d.olean"],
  "m": false,
  "i": "bf909f77f06b5fd7.ilean",
  "c": "52b002f02ac762a5.c"},
 "log":
 [{"message":
   ".> LEAN_PATH=/home/citizen/Multiplicity/Foundry/models/commander/coding_commander_adr/.lake/build/lib/lean /home/citizen/.elan/toolchains/leanprover--lean4---v4.33.0-rc1/bin/lean /home/citizen/Multiplicity/Foundry/models/commander/coding_commander_adr/CodingCommanderAdr.lean -o /home/citizen/Multiplicity/Foundry/models/commander/coding_commander_adr/.lake/build/lib/lean/CodingCommanderAdr.olean -i /home/citizen/Multiplicity/Foundry/models/commander/coding_commander_adr/.lake/build/lib/lean/CodingCommanderAdr.ilean -c /home/citizen/Multiplicity/Foundry/models/commander/coding_commander_adr/.lake/build/ir/CodingCommanderAdr.c --setup /home/citizen/Multiplicity/Foundry/models/commander/coding_commander_adr/.lake/build/ir/CodingCommanderAdr.setup.json --json",
   "level": "trace"}],
 "inputs":
 [["deps",
   [["coding_commander_adr/CodingCommanderAdr:extraDep",
     [["@coding_commander_adr:extraDep", "00000000000006bb"]]],
    ["imports",
     [["CodingCommanderAdr.Core transitive imports (legacy)",
       "00000000000006bb"],
      ["CodingCommanderAdr.Core:importAllArts", "63f670dc71c6dcb7"],
      ["CodingCommanderAdr.Proofs transitive imports (legacy)",
       "1d5d604c897492ce"],
      ["CodingCommanderAdr.Proofs:importAllArts", "415eae74c3b87fec"],
      ["CodingCommanderAdr.FFI transitive imports (legacy)",
       "1d5d604c897492ce"],
      ["CodingCommanderAdr.FFI:importAllArts", "8c6d92e5638c974f"]]]]],
  ["libs",
   [["import dynlibs", "00000000000006bb"],
    ["package external libraries", "00000000000006bb"],
    ["module dynlibs", "00000000000006bb"],
    ["module plugins", "00000000000006bb"]]],
  ["Lean 4.33.0, commit 62eed1db4d67327ec8120be05f1a1b0847d74561",
   "8fa8fbe052c71a8e"],
  ["/home/citizen/Multiplicity/Foundry/models/commander/coding_commander_adr/CodingCommanderAdr.lean",
   "1ddb1ba3f7775a4a"],
  ["options", "00000000000006bb"],
  ["isModule: false", "feefd2a0d3a1847e"],
  ["Module.name: CodingCommanderAdr", "8ec821225266cd1f"],
  ["Package.id?: (some coding_commander_adr)", "c29332c08afd61cb"],
  ["Module.leanArgs: #[]", "00000000000006bb"]],
 "depHash": "9b1bc5b5f1560ea9"}