{"synthetic": false,
 "schemaVersion": "2025-09-10",
 "outputs":
 {"o": ["db135999019b634b.olean"],
  "m": false,
  "i": "677585f38886e399.ilean",
  "c": "ced331449c462a52.c"},
 "log":
 [{"message":
   ".> LEAN_PATH=/media/citizen/b361d448-7c51-413a-aa23-9515cb626930/home/citizen/Multiplicity/packages/Foundry/ucc-lean/.lake/build/lib/lean /home/citizen/.elan/toolchains/leanprover--lean4---v4.34.0-rc2/bin/lean /media/citizen/b361d448-7c51-413a-aa23-9515cb626930/home/citizen/Multiplicity/packages/Foundry/ucc-lean/UCC/Proofs.lean -o /media/citizen/b361d448-7c51-413a-aa23-9515cb626930/home/citizen/Multiplicity/packages/Foundry/ucc-lean/.lake/build/lib/lean/UCC/Proofs.olean -i /media/citizen/b361d448-7c51-413a-aa23-9515cb626930/home/citizen/Multiplicity/packages/Foundry/ucc-lean/.lake/build/lib/lean/UCC/Proofs.ilean -c /media/citizen/b361d448-7c51-413a-aa23-9515cb626930/home/citizen/Multiplicity/packages/Foundry/ucc-lean/.lake/build/ir/UCC/Proofs.c --setup /media/citizen/b361d448-7c51-413a-aa23-9515cb626930/home/citizen/Multiplicity/packages/Foundry/ucc-lean/.lake/build/ir/UCC/Proofs.setup.json --json",
   "level": "trace"}],
 "inputs":
 [["deps",
   [["ucc/UCC:extraDep", [["@ucc:extraDep", "00000000000006bb"]]],
    ["imports",
     [["UCC.Core transitive imports (legacy)", "00000000000006bb"],
      ["UCC.Core:importAllArts", "4b489ddf313dc312"]]]]],
  ["libs",
   [["import dynlibs", "00000000000006bb"],
    ["package external libraries", "00000000000006bb"],
    ["module dynlibs", "00000000000006bb"],
    ["module plugins", "00000000000006bb"]]],
  ["Lean 4.34.0, commit 6a10ac8c22beadecabdbb0919c2b50214762f91d",
   "365244c167ac8c1d"],
  ["/media/citizen/b361d448-7c51-413a-aa23-9515cb626930/home/citizen/Multiplicity/packages/Foundry/ucc-lean/UCC/Proofs.lean",
   "814d39ebf19bfd2f"],
  ["options",
   [["-Dpp.unicode.fun=true", "9b94070140457fab"],
    ["-DautoImplicit=false", "4a85acb881fd49d0"]]],
  ["isModule: false", "feefd2a0d3a1847e"],
  ["Module.name: UCC.Proofs", "0a28b9c08a1e4f01"],
  ["Package.id?: (some ucc)", "85b29d444eb49ac0"],
  ["Module.leanArgs: #[]", "00000000000006bb"]],
 "depHash": "94ee684c84c54e97"}