{"synthetic": false,
 "schemaVersion": "2025-09-10",
 "outputs":
 {"o": ["7e0963a3d6670c9b.olean"],
  "m": false,
  "i": "e0f0e7556f03cd56.ilean",
  "c": "5fca1efc4e68e0c1.c"},
 "log":
 [{"message":
   ".> LEAN_PATH=/home/citizen/Multiplicity/Foundry/models/the-publisher/the_publisher_adr/.lake/build/lib/lean /home/citizen/.elan/toolchains/leanprover--lean4---v4.33.0-rc1/bin/lean /home/citizen/Multiplicity/Foundry/models/the-publisher/the_publisher_adr/ThePublisherAdr.lean -o /home/citizen/Multiplicity/Foundry/models/the-publisher/the_publisher_adr/.lake/build/lib/lean/ThePublisherAdr.olean -i /home/citizen/Multiplicity/Foundry/models/the-publisher/the_publisher_adr/.lake/build/lib/lean/ThePublisherAdr.ilean -c /home/citizen/Multiplicity/Foundry/models/the-publisher/the_publisher_adr/.lake/build/ir/ThePublisherAdr.c --setup /home/citizen/Multiplicity/Foundry/models/the-publisher/the_publisher_adr/.lake/build/ir/ThePublisherAdr.setup.json --json",
   "level": "trace"}],
 "inputs":
 [["deps",
   [["the_publisher_adr/ThePublisherAdr:extraDep",
     [["@the_publisher_adr:extraDep", "00000000000006bb"]]],
    ["imports",
     [["ThePublisherAdr.Core transitive imports (legacy)", "00000000000006bb"],
      ["ThePublisherAdr.Core:importAllArts", "c666bc24ec12bc09"],
      ["ThePublisherAdr.Proofs transitive imports (legacy)",
       "a978a0bde4cc49e6"],
      ["ThePublisherAdr.Proofs:importAllArts", "d7662d1e53398376"],
      ["ThePublisherAdr.FFI transitive imports (legacy)", "a978a0bde4cc49e6"],
      ["ThePublisherAdr.FFI:importAllArts", "5fab9b8e50d50634"]]]]],
  ["libs",
   [["import dynlibs", "00000000000006bb"],
    ["package external libraries", "00000000000006bb"],
    ["module dynlibs", "00000000000006bb"],
    ["module plugins", "00000000000006bb"]]],
  ["Lean 4.33.0, commit 62eed1db4d67327ec8120be05f1a1b0847d74561",
   "8fa8fbe052c71a8e"],
  ["/home/citizen/Multiplicity/Foundry/models/the-publisher/the_publisher_adr/ThePublisherAdr.lean",
   "53f1416f45695e8c"],
  ["options", "00000000000006bb"],
  ["isModule: false", "feefd2a0d3a1847e"],
  ["Module.name: ThePublisherAdr", "46fbd6d6f055823c"],
  ["Package.id?: (some the_publisher_adr)", "5b090b6803511a66"],
  ["Module.leanArgs: #[]", "00000000000006bb"]],
 "depHash": "d66f9f3efb19e186"}