$ lake build ADR
# workdir: /media/citizen/b361d448-7c51-413a-aa23-9515cb626930/home/citizen/Multiplicity/packages/Foundry
# exit: 0
# ---- stdout ----
✔ [2/15] Built Care (973ms)
✔ [3/15] Built ADR.Core (11s)
✔ [4/15] Built ADR.Proofs (1.7s)
✔ [5/15] Built ADR.Export (2.0s)
✔ [6/15] Built ADR.Prism (2.7s)
✔ [7/15] Built ADR.Archivum (4.6s)
✔ [8/15] Built ADR.OSCAL (2.9s)
✔ [9/15] Built ADR.TextualTyping (4.4s)
✔ [10/15] Built ADR.Migrated (3.8s)
✔ [11/15] Built ADR.MetaRelativity (3.4s)
⚠ [12/15] Built ADR.Examples (17s)
warning: ADR/Examples.lean:798:25: This simp argument is unused:
  ADR.status

Hint: Omit it from the simp argument list.
  [apply] simp [allAcceptedADRs, adr0013, adr0014, adr0015, adr0016, adr0017, adr0018, adr0019, adr0020, adr0022,
    adr0023, adr0024, adr0025, adr0026, adr0027, adr0028]

Note: This linter can be disabled with `set_option linter.unusedSimpArgs false`
warning: ADR/Examples.lean:803:8: This simp argument is unused:
  ADR.id

Hint: Omit it from the simp argument list.
  [apply] simp [adr0013, adr0014, adr0015, adr0016, adr0017, adr0018, adr0019, adr0020, adr0022, adr0023, adr0024,
    adr0025, adr0026, adr0027, adr0028]

Note: This linter can be disabled with `set_option linter.unusedSimpArgs false`
warning: ADR/Examples.lean:808:25: This simp argument is unused:
  ADR.supersedes

Hint: Omit it from the simp argument list.
  [apply] simp [allAcceptedADRs, adr0013, adr0014, adr0015, adr0016, adr0017, adr0018, adr0019, adr0020, adr0022,
    adr0023, adr0024, adr0025, adr0026, adr0027, adr0028]

Note: This linter can be disabled with `set_option linter.unusedSimpArgs false`
warning: ADR/Examples.lean:835:10: This simp argument is unused:
  ADR.id

Hint: Omit it from the simp argument list.
  [apply] simp [adr0013, adr0014, adr0015, adr0016, adr0017, adr0018, adr0019, adr0020, adr0022, adr0023, adr0024,
    adr0025, adr0026, adr0027, adr0028]

Note: This linter can be disabled with `set_option linter.unusedSimpArgs false`
✔ [13/15] Built ADR.Test (2.5s)
✔ [14/15] Built ADR (1.8s)
Build completed successfully (15 jobs).

# ---- stderr ----
