{"synthetic": false,
 "schemaVersion": "2025-09-10",
 "outputs":
 {"o": ["5b22c68fa39c76f7.olean"],
  "m": false,
  "i": "4a1c2a3876220c0a.ilean",
  "c": "b9df097d6d7e9f89.c"},
 "log":
 [{"message":
   ".> LEAN_PATH=/home/citizen/Multiplicity/Foundry/models/the-genius/the_genius_adr/.lake/build/lib/lean /home/citizen/.elan/toolchains/leanprover--lean4---v4.33.0-rc1/bin/lean /home/citizen/Multiplicity/Foundry/models/the-genius/the_genius_adr/TheGeniusAdr/Core.lean -o /home/citizen/Multiplicity/Foundry/models/the-genius/the_genius_adr/.lake/build/lib/lean/TheGeniusAdr/Core.olean -i /home/citizen/Multiplicity/Foundry/models/the-genius/the_genius_adr/.lake/build/lib/lean/TheGeniusAdr/Core.ilean -c /home/citizen/Multiplicity/Foundry/models/the-genius/the_genius_adr/.lake/build/ir/TheGeniusAdr/Core.c --setup /home/citizen/Multiplicity/Foundry/models/the-genius/the_genius_adr/.lake/build/ir/TheGeniusAdr/Core.setup.json --json",
   "level": "trace"}],
 "inputs":
 [["deps",
   [["the_genius_adr/TheGeniusAdr:extraDep",
     [["@the_genius_adr:extraDep", "00000000000006bb"]]],
    ["imports", "00000000000006bb"]]],
  ["libs",
   [["import dynlibs", "00000000000006bb"],
    ["package external libraries", "00000000000006bb"],
    ["module dynlibs", "00000000000006bb"],
    ["module plugins", "00000000000006bb"]]],
  ["Lean 4.33.0, commit 62eed1db4d67327ec8120be05f1a1b0847d74561",
   "8fa8fbe052c71a8e"],
  ["/home/citizen/Multiplicity/Foundry/models/the-genius/the_genius_adr/TheGeniusAdr/Core.lean",
   "e7d67ce9a2c361dc"],
  ["options", "00000000000006bb"],
  ["isModule: false", "feefd2a0d3a1847e"],
  ["Module.name: TheGeniusAdr.Core", "af23552b3ea387be"],
  ["Package.id?: (some the_genius_adr)", "0fac9105906af657"],
  ["Module.leanArgs: #[]", "00000000000006bb"]],
 "depHash": "00a5c0446693f146"}