{"synthetic": false,
 "schemaVersion": "2025-09-10",
 "outputs":
 {"o": ["ec67651cb3aac22c.olean"],
  "m": false,
  "i": "e11d0ebf0b25880d.ilean",
  "c": "934f5a7e4f0bb629.c"},
 "log":
 [{"message":
   ".> LEAN_PATH=/home/citizen/Multiplicity/Foundry/models/the-genius/the_genius_adr/.lake/build/lib/lean /home/citizen/.elan/toolchains/leanprover--lean4---v4.33.0-rc1/bin/lean /home/citizen/Multiplicity/Foundry/models/the-genius/the_genius_adr/TheGeniusAdr/FFI.lean -o /home/citizen/Multiplicity/Foundry/models/the-genius/the_genius_adr/.lake/build/lib/lean/TheGeniusAdr/FFI.olean -i /home/citizen/Multiplicity/Foundry/models/the-genius/the_genius_adr/.lake/build/lib/lean/TheGeniusAdr/FFI.ilean -c /home/citizen/Multiplicity/Foundry/models/the-genius/the_genius_adr/.lake/build/ir/TheGeniusAdr/FFI.c --setup /home/citizen/Multiplicity/Foundry/models/the-genius/the_genius_adr/.lake/build/ir/TheGeniusAdr/FFI.setup.json --json",
   "level": "trace"}],
 "inputs":
 [["deps",
   [["the_genius_adr/TheGeniusAdr:extraDep",
     [["@the_genius_adr:extraDep", "00000000000006bb"]]],
    ["imports",
     [["TheGeniusAdr.Core transitive imports (legacy)", "00000000000006bb"],
      ["TheGeniusAdr.Core:importAllArts", "2dccc9abb1ab3168"]]]]],
  ["libs",
   [["import dynlibs", "00000000000006bb"],
    ["package external libraries", "00000000000006bb"],
    ["module dynlibs", "00000000000006bb"],
    ["module plugins", "00000000000006bb"]]],
  ["Lean 4.33.0, commit 62eed1db4d67327ec8120be05f1a1b0847d74561",
   "8fa8fbe052c71a8e"],
  ["/home/citizen/Multiplicity/Foundry/models/the-genius/the_genius_adr/TheGeniusAdr/FFI.lean",
   "12a8f10e6608f015"],
  ["options", "00000000000006bb"],
  ["isModule: false", "feefd2a0d3a1847e"],
  ["Module.name: TheGeniusAdr.FFI", "f2a5f18df7dbc555"],
  ["Package.id?: (some the_genius_adr)", "0fac9105906af657"],
  ["Module.leanArgs: #[]", "00000000000006bb"]],
 "depHash": "f37f74d00954d6e6"}