{"synthetic": false,
 "schemaVersion": "2025-09-10",
 "outputs":
 {"o": ["3cfda9bedf4b4984.olean"],
  "m": false,
  "i": "29e30adea83176f1.ilean",
  "c": "a9d1efc72f971cc1.c"},
 "log":
 [{"message":
   ".> LEAN_PATH=/home/citizen/Multiplicity/Foundry/models/echobraid/echobraid_adr/.lake/build/lib/lean /home/citizen/.elan/toolchains/leanprover--lean4---v4.33.0-rc1/bin/lean /home/citizen/Multiplicity/Foundry/models/echobraid/echobraid_adr/EchobraidAdr.lean -o /home/citizen/Multiplicity/Foundry/models/echobraid/echobraid_adr/.lake/build/lib/lean/EchobraidAdr.olean -i /home/citizen/Multiplicity/Foundry/models/echobraid/echobraid_adr/.lake/build/lib/lean/EchobraidAdr.ilean -c /home/citizen/Multiplicity/Foundry/models/echobraid/echobraid_adr/.lake/build/ir/EchobraidAdr.c --setup /home/citizen/Multiplicity/Foundry/models/echobraid/echobraid_adr/.lake/build/ir/EchobraidAdr.setup.json --json",
   "level": "trace"}],
 "inputs":
 [["deps",
   [["echobraid_adr/EchobraidAdr:extraDep",
     [["@echobraid_adr:extraDep", "00000000000006bb"]]],
    ["imports",
     [["EchobraidAdr.Core transitive imports (legacy)", "00000000000006bb"],
      ["EchobraidAdr.Core:importAllArts", "4956153ac12af9c8"],
      ["EchobraidAdr.Proofs transitive imports (legacy)", "c07f366ae55b49d0"],
      ["EchobraidAdr.Proofs:importAllArts", "ec088cae1a9cdadd"],
      ["EchobraidAdr.FFI transitive imports (legacy)", "c07f366ae55b49d0"],
      ["EchobraidAdr.FFI:importAllArts", "97e7a5f017638f0d"]]]]],
  ["libs",
   [["import dynlibs", "00000000000006bb"],
    ["package external libraries", "00000000000006bb"],
    ["module dynlibs", "00000000000006bb"],
    ["module plugins", "00000000000006bb"]]],
  ["Lean 4.33.0, commit 62eed1db4d67327ec8120be05f1a1b0847d74561",
   "8fa8fbe052c71a8e"],
  ["/home/citizen/Multiplicity/Foundry/models/echobraid/echobraid_adr/EchobraidAdr.lean",
   "08ffb27534fe400a"],
  ["options", "00000000000006bb"],
  ["isModule: false", "feefd2a0d3a1847e"],
  ["Module.name: EchobraidAdr", "f014da0b5813a687"],
  ["Package.id?: (some echobraid_adr)", "ac96ae03f73b7289"],
  ["Module.leanArgs: #[]", "00000000000006bb"]],
 "depHash": "84fd1717625742cd"}