{"synthetic": false,
 "schemaVersion": "2025-09-10",
 "outputs":
 {"o": ["ec020f8240f29fb6.olean"],
  "m": false,
  "i": "915a9ca6f6f6af42.ilean",
  "c": "665eae285f09cfdd.c"},
 "log":
 [{"message":
   ".> LEAN_PATH=/media/citizen/b361d448-7c51-413a-aa23-9515cb626930/home/citizen/Multiplicity/packages/Foundry/ucc-lean/.lake/build/lib/lean /home/citizen/.elan/toolchains/leanprover--lean4---v4.34.0-rc2/bin/lean /media/citizen/b361d448-7c51-413a-aa23-9515cb626930/home/citizen/Multiplicity/packages/Foundry/ucc-lean/Main.lean -o /media/citizen/b361d448-7c51-413a-aa23-9515cb626930/home/citizen/Multiplicity/packages/Foundry/ucc-lean/.lake/build/lib/lean/Main.olean -i /media/citizen/b361d448-7c51-413a-aa23-9515cb626930/home/citizen/Multiplicity/packages/Foundry/ucc-lean/.lake/build/lib/lean/Main.ilean -c /media/citizen/b361d448-7c51-413a-aa23-9515cb626930/home/citizen/Multiplicity/packages/Foundry/ucc-lean/.lake/build/ir/Main.c --setup /media/citizen/b361d448-7c51-413a-aa23-9515cb626930/home/citizen/Multiplicity/packages/Foundry/ucc-lean/.lake/build/ir/Main.setup.json --json",
   "level": "trace"}],
 "inputs":
 [["deps",
   [["ucc/ucc:extraDep", [["@ucc:extraDep", "00000000000006bb"]]],
    ["imports",
     [["UCC.Test transitive imports (legacy)", "083d8f82f77efb74"],
      ["UCC.Test:importAllArts", "eda8e554aeffe982"]]]]],
  ["libs",
   [["import dynlibs", "00000000000006bb"],
    ["package external libraries", "00000000000006bb"],
    ["module dynlibs", "00000000000006bb"],
    ["module plugins", "00000000000006bb"]]],
  ["Lean 4.34.0, commit 6a10ac8c22beadecabdbb0919c2b50214762f91d",
   "365244c167ac8c1d"],
  ["/media/citizen/b361d448-7c51-413a-aa23-9515cb626930/home/citizen/Multiplicity/packages/Foundry/ucc-lean/Main.lean",
   "da9c7867a38bf52c"],
  ["options",
   [["-Dpp.unicode.fun=true", "9b94070140457fab"],
    ["-DautoImplicit=false", "4a85acb881fd49d0"]]],
  ["isModule: false", "feefd2a0d3a1847e"],
  ["Module.name: Main", "f2a1fd945cf30c62"],
  ["Package.id?: (some ucc)", "85b29d444eb49ac0"],
  ["Module.leanArgs: #[]", "00000000000006bb"]],
 "depHash": "8182c98afd9033e0"}