{"synthetic": false,
 "schemaVersion": "2025-09-10",
 "outputs":
 {"o": ["f4dd41859cad056f.olean"],
  "m": false,
  "i": "cbe3a3020d0196e3.ilean",
  "c": "a6339cdf8652a150.c"},
 "log":
 [{"message":
   ".> LEAN_PATH=/media/citizen/b361d448-7c51-413a-aa23-9515cb626930/home/citizen/Multiplicity/packages/Foundry/ucc-lean/.lake/build/lib/lean /home/citizen/.elan/toolchains/leanprover--lean4---v4.34.0-rc2/bin/lean /media/citizen/b361d448-7c51-413a-aa23-9515cb626930/home/citizen/Multiplicity/packages/Foundry/ucc-lean/UCC.lean -o /media/citizen/b361d448-7c51-413a-aa23-9515cb626930/home/citizen/Multiplicity/packages/Foundry/ucc-lean/.lake/build/lib/lean/UCC.olean -i /media/citizen/b361d448-7c51-413a-aa23-9515cb626930/home/citizen/Multiplicity/packages/Foundry/ucc-lean/.lake/build/lib/lean/UCC.ilean -c /media/citizen/b361d448-7c51-413a-aa23-9515cb626930/home/citizen/Multiplicity/packages/Foundry/ucc-lean/.lake/build/ir/UCC.c --setup /media/citizen/b361d448-7c51-413a-aa23-9515cb626930/home/citizen/Multiplicity/packages/Foundry/ucc-lean/.lake/build/ir/UCC.setup.json --json",
   "level": "trace"}],
 "inputs":
 [["deps",
   [["ucc/UCC:extraDep", [["@ucc:extraDep", "00000000000006bb"]]],
    ["imports",
     [["UCC.Core transitive imports (legacy)", "00000000000006bb"],
      ["UCC.Core:importAllArts", "4b489ddf313dc312"],
      ["UCC.Logic transitive imports (legacy)", "00000000000006bb"],
      ["UCC.Logic:importAllArts", "d46e27beae9a49f8"],
      ["UCC.Proofs transitive imports (legacy)", "affe3a59599365e6"],
      ["UCC.Proofs:importAllArts", "557b9e0f57a2961e"],
      ["UCC.Export transitive imports (legacy)", "affe3a59599365e6"],
      ["UCC.Export:importAllArts", "524d866d75570db6"],
      ["UCC.Test transitive imports (legacy)", "083d8f82f77efb74"],
      ["UCC.Test:importAllArts", "eda8e554aeffe982"]]]]],
  ["libs",
   [["import dynlibs", "00000000000006bb"],
    ["package external libraries", "00000000000006bb"],
    ["module dynlibs", "00000000000006bb"],
    ["module plugins", "00000000000006bb"]]],
  ["Lean 4.34.0, commit 6a10ac8c22beadecabdbb0919c2b50214762f91d",
   "365244c167ac8c1d"],
  ["/media/citizen/b361d448-7c51-413a-aa23-9515cb626930/home/citizen/Multiplicity/packages/Foundry/ucc-lean/UCC.lean",
   "7bbe5395b98db81f"],
  ["options",
   [["-Dpp.unicode.fun=true", "9b94070140457fab"],
    ["-DautoImplicit=false", "4a85acb881fd49d0"]]],
  ["isModule: false", "feefd2a0d3a1847e"],
  ["Module.name: UCC", "291c2978323fa387"],
  ["Package.id?: (some ucc)", "85b29d444eb49ac0"],
  ["Module.leanArgs: #[]", "00000000000006bb"]],
 "depHash": "78c4a2fd9d0b512b"}