{"synthetic": false,
 "schemaVersion": "2025-09-10",
 "outputs":
 {"o": ["0560ade9d1b3add2.olean"],
  "m": false,
  "i": "682adaa99f1fc8ed.ilean",
  "c": "bc69458b4cb02d0e.c"},
 "log":
 [{"message":
   ".> LEAN_PATH=/media/citizen/b361d448-7c51-413a-aa23-9515cb626930/home/citizen/Multiplicity/packages/Foundry/artifacts/AdrLedger/.lake/build/lib/lean /home/citizen/.elan/toolchains/leanprover--lean4---v4.34.0-rc2/bin/lean /media/citizen/b361d448-7c51-413a-aa23-9515cb626930/home/citizen/Multiplicity/packages/Foundry/artifacts/AdrLedger/AdrLedger/Core.lean -o /media/citizen/b361d448-7c51-413a-aa23-9515cb626930/home/citizen/Multiplicity/packages/Foundry/artifacts/AdrLedger/.lake/build/lib/lean/AdrLedger/Core.olean -i /media/citizen/b361d448-7c51-413a-aa23-9515cb626930/home/citizen/Multiplicity/packages/Foundry/artifacts/AdrLedger/.lake/build/lib/lean/AdrLedger/Core.ilean -c /media/citizen/b361d448-7c51-413a-aa23-9515cb626930/home/citizen/Multiplicity/packages/Foundry/artifacts/AdrLedger/.lake/build/ir/AdrLedger/Core.c --setup /media/citizen/b361d448-7c51-413a-aa23-9515cb626930/home/citizen/Multiplicity/packages/Foundry/artifacts/AdrLedger/.lake/build/ir/AdrLedger/Core.setup.json --json",
   "level": "trace"}],
 "inputs":
 [["deps",
   [["AdrLedger/AdrLedger:extraDep",
     [["@AdrLedger:extraDep", "00000000000006bb"]]],
    ["imports", "00000000000006bb"]]],
  ["libs",
   [["import dynlibs", "00000000000006bb"],
    ["package external libraries", "00000000000006bb"],
    ["module dynlibs", "00000000000006bb"],
    ["module plugins", "00000000000006bb"]]],
  ["Lean 4.34.0, commit 6a10ac8c22beadecabdbb0919c2b50214762f91d",
   "365244c167ac8c1d"],
  ["/media/citizen/b361d448-7c51-413a-aa23-9515cb626930/home/citizen/Multiplicity/packages/Foundry/artifacts/AdrLedger/AdrLedger/Core.lean",
   "612b96c36e269fa5"],
  ["options", "00000000000006bb"],
  ["isModule: false", "feefd2a0d3a1847e"],
  ["Module.name: AdrLedger.Core", "8cb3e90ef86aabcd"],
  ["Package.id?: (some AdrLedger)", "26711594f2115161"],
  ["Module.leanArgs: #[]", "00000000000006bb"]],
 "depHash": "a42d03b1bf257daa"}