{"synthetic": false,
 "schemaVersion": "2025-09-10",
 "outputs":
 {"o": ["ee366f33bddf0fa0.olean"],
  "m": false,
  "i": "2025f97b5d391881.ilean",
  "c": "e00aa61f4c93e3db.c"},
 "log":
 [{"message":
   ".> LEAN_PATH=/media/citizen/b361d448-7c51-413a-aa23-9515cb626930/home/citizen/Multiplicity/packages/Foundry/artifacts/AdrLedger/.lake/build/lib/lean /home/citizen/.elan/toolchains/leanprover--lean4---v4.34.0-rc2/bin/lean /media/citizen/b361d448-7c51-413a-aa23-9515cb626930/home/citizen/Multiplicity/packages/Foundry/artifacts/AdrLedger/AdrLedger/Examples.lean -o /media/citizen/b361d448-7c51-413a-aa23-9515cb626930/home/citizen/Multiplicity/packages/Foundry/artifacts/AdrLedger/.lake/build/lib/lean/AdrLedger/Examples.olean -i /media/citizen/b361d448-7c51-413a-aa23-9515cb626930/home/citizen/Multiplicity/packages/Foundry/artifacts/AdrLedger/.lake/build/lib/lean/AdrLedger/Examples.ilean -c /media/citizen/b361d448-7c51-413a-aa23-9515cb626930/home/citizen/Multiplicity/packages/Foundry/artifacts/AdrLedger/.lake/build/ir/AdrLedger/Examples.c --setup /media/citizen/b361d448-7c51-413a-aa23-9515cb626930/home/citizen/Multiplicity/packages/Foundry/artifacts/AdrLedger/.lake/build/ir/AdrLedger/Examples.setup.json --json",
   "level": "trace"}],
 "inputs":
 [["deps",
   [["AdrLedger/AdrLedger:extraDep",
     [["@AdrLedger:extraDep", "00000000000006bb"]]],
    ["imports",
     [["AdrLedger.Core transitive imports (legacy)", "00000000000006bb"],
      ["AdrLedger.Core:importAllArts", "3012d2989a248c2d"],
      ["AdrLedger.Proofs transitive imports (legacy)", "a622b81a19de27e2"],
      ["AdrLedger.Proofs:importAllArts", "455de5868eb7ee26"]]]]],
  ["libs",
   [["import dynlibs", "00000000000006bb"],
    ["package external libraries", "00000000000006bb"],
    ["module dynlibs", "00000000000006bb"],
    ["module plugins", "00000000000006bb"]]],
  ["Lean 4.34.0, commit 6a10ac8c22beadecabdbb0919c2b50214762f91d",
   "365244c167ac8c1d"],
  ["/media/citizen/b361d448-7c51-413a-aa23-9515cb626930/home/citizen/Multiplicity/packages/Foundry/artifacts/AdrLedger/AdrLedger/Examples.lean",
   "37819b0d3ff9f039"],
  ["options", "00000000000006bb"],
  ["isModule: false", "feefd2a0d3a1847e"],
  ["Module.name: AdrLedger.Examples", "5a6742639b8131f5"],
  ["Package.id?: (some AdrLedger)", "26711594f2115161"],
  ["Module.leanArgs: #[]", "00000000000006bb"]],
 "depHash": "d332340db0c02c0b"}