{"synthetic": false,
 "schemaVersion": "2025-09-10",
 "outputs":
 {"o": ["5d2ffcfd5b5dae01.olean"],
  "m": false,
  "i": "0307087cdd759cb5.ilean",
  "c": "efd36753fee8ff46.c"},
 "log":
 [{"message":
   ".> LEAN_PATH=/home/citizen/Multiplicity/Foundry/models/commander/coding_commander_adr/.lake/build/lib/lean /home/citizen/.elan/toolchains/leanprover--lean4---v4.33.0-rc1/bin/lean /home/citizen/Multiplicity/Foundry/models/commander/coding_commander_adr/CodingCommanderAdr/FFI.lean -o /home/citizen/Multiplicity/Foundry/models/commander/coding_commander_adr/.lake/build/lib/lean/CodingCommanderAdr/FFI.olean -i /home/citizen/Multiplicity/Foundry/models/commander/coding_commander_adr/.lake/build/lib/lean/CodingCommanderAdr/FFI.ilean -c /home/citizen/Multiplicity/Foundry/models/commander/coding_commander_adr/.lake/build/ir/CodingCommanderAdr/FFI.c --setup /home/citizen/Multiplicity/Foundry/models/commander/coding_commander_adr/.lake/build/ir/CodingCommanderAdr/FFI.setup.json --json",
   "level": "trace"}],
 "inputs":
 [["deps",
   [["coding_commander_adr/CodingCommanderAdr:extraDep",
     [["@coding_commander_adr:extraDep", "00000000000006bb"]]],
    ["imports",
     [["CodingCommanderAdr.Core transitive imports (legacy)",
       "00000000000006bb"],
      ["CodingCommanderAdr.Core:importAllArts", "63f670dc71c6dcb7"]]]]],
  ["libs",
   [["import dynlibs", "00000000000006bb"],
    ["package external libraries", "00000000000006bb"],
    ["module dynlibs", "00000000000006bb"],
    ["module plugins", "00000000000006bb"]]],
  ["Lean 4.33.0, commit 62eed1db4d67327ec8120be05f1a1b0847d74561",
   "8fa8fbe052c71a8e"],
  ["/home/citizen/Multiplicity/Foundry/models/commander/coding_commander_adr/CodingCommanderAdr/FFI.lean",
   "30c1418399dc70e3"],
  ["options", "00000000000006bb"],
  ["isModule: false", "feefd2a0d3a1847e"],
  ["Module.name: CodingCommanderAdr.FFI", "d6435c9b417b4699"],
  ["Package.id?: (some coding_commander_adr)", "c29332c08afd61cb"],
  ["Module.leanArgs: #[]", "00000000000006bb"]],
 "depHash": "0696ef0d76167098"}