{"synthetic": false,
 "schemaVersion": "2025-09-10",
 "outputs":
 {"o": ["9f4d08d99fa354e5.olean"],
  "m": false,
  "i": "ca6e10f7d6598637.ilean",
  "c": "f9ead0a826ac2950.c"},
 "log":
 [{"message":
   ".> LEAN_PATH=/home/citizen/Multiplicity/Foundry/models/commander/coding_commander_adr/.lake/build/lib/lean /home/citizen/.elan/toolchains/leanprover--lean4---v4.33.0-rc1/bin/lean /home/citizen/Multiplicity/Foundry/models/commander/coding_commander_adr/CodingCommanderAdr/Proofs.lean -o /home/citizen/Multiplicity/Foundry/models/commander/coding_commander_adr/.lake/build/lib/lean/CodingCommanderAdr/Proofs.olean -i /home/citizen/Multiplicity/Foundry/models/commander/coding_commander_adr/.lake/build/lib/lean/CodingCommanderAdr/Proofs.ilean -c /home/citizen/Multiplicity/Foundry/models/commander/coding_commander_adr/.lake/build/ir/CodingCommanderAdr/Proofs.c --setup /home/citizen/Multiplicity/Foundry/models/commander/coding_commander_adr/.lake/build/ir/CodingCommanderAdr/Proofs.setup.json --json",
   "level": "trace"}],
 "inputs":
 [["deps",
   [["coding_commander_adr/CodingCommanderAdr:extraDep",
     [["@coding_commander_adr:extraDep", "00000000000006bb"]]],
    ["imports",
     [["CodingCommanderAdr.Core transitive imports (legacy)",
       "00000000000006bb"],
      ["CodingCommanderAdr.Core:importAllArts", "63f670dc71c6dcb7"]]]]],
  ["libs",
   [["import dynlibs", "00000000000006bb"],
    ["package external libraries", "00000000000006bb"],
    ["module dynlibs", "00000000000006bb"],
    ["module plugins", "00000000000006bb"]]],
  ["Lean 4.33.0, commit 62eed1db4d67327ec8120be05f1a1b0847d74561",
   "8fa8fbe052c71a8e"],
  ["/home/citizen/Multiplicity/Foundry/models/commander/coding_commander_adr/CodingCommanderAdr/Proofs.lean",
   "3124b879a9b2a099"],
  ["options", "00000000000006bb"],
  ["isModule: false", "feefd2a0d3a1847e"],
  ["Module.name: CodingCommanderAdr.Proofs", "cee8f23b103c6695"],
  ["Package.id?: (some coding_commander_adr)", "c29332c08afd61cb"],
  ["Module.leanArgs: #[]", "00000000000006bb"]],
 "depHash": "9e9dc6f8f0545ea7"}