warning: std: repository '/home/multiplicity/Multiplicity/PhaseMirror/Prime/lean/.lake/packages/std' has local changes
⚠ [11/65] Replayed Core.F1.InfiniteGluing
warning: Core/F1/InfiniteGluing.lean:3:27: Variable name `v` is not explicitly referenced.

The binding can be removed (if unused) or named `_` (if used implicitly).

Note: This linter can be disabled with `set_option linter.unusedVariables false`
warning: Core/F1/InfiniteGluing.lean:3:29: Variable name `w` is not explicitly referenced.

The binding can be removed (if unused) or named `_` (if used implicitly).

Note: This linter can be disabled with `set_option linter.unusedVariables false`
⚠ [13/65] Replayed Core.F1.Analysis.Rat
warning: Core/F1/Analysis/Rat.lean:81:54: `Int.ofNat_nonneg` has been deprecated: Use `Int.natCast_nonneg` instead
warning: Core/F1/Analysis/Rat.lean:193:26: This simp argument is unused:
  Int.add_neg

Hint: Omit it from the simp argument list.
  simp only [Int.neg_mul, Int.a̵d̵d̵_̵n̵e̵g̵,̵ ̵I̵n̵t̵.̵mul_one]

Note: This linter can be disabled with `set_option linter.unusedSimpArgs false`
warning: Core/F1/Analysis/Rat.lean:193:39: This simp argument is unused:
  Int.mul_one

Hint: Omit it from the simp argument list.
  simp only [Int.neg_mul, Int.add_neg,̵ ̵I̵n̵t̵.̵m̵u̵l̵_̵o̵n̵e̵]

Note: This linter can be disabled with `set_option linter.unusedSimpArgs false`
✖ [21/142] Running Core.F1.Governance.DriftAudit
error: no such file or directory (error code: 4294967294)
  file: /home/multiplicity/Multiplicity/PhaseMirror/Prime/lean/Core/F1/Governance/DriftAudit.lean
✖ [22/142] Running Core.F1.Governance.CruxIntegration
error: Core/F1/Governance/CruxIntegration.lean: bad import 'Core.F1.Governance.DriftAudit'
⚠ [26/202] Replayed Core.F1.Analysis.QOrder
warning: Core/F1/Analysis/QOrder.lean:39:40: `Int.ofNat_nonneg` has been deprecated: Use `Int.natCast_nonneg` instead
warning: Core/F1/Analysis/QOrder.lean:50:40: `Int.ofNat_nonneg` has been deprecated: Use `Int.natCast_nonneg` instead
warning: Core/F1/Analysis/QOrder.lean:52:40: `Int.ofNat_nonneg` has been deprecated: Use `Int.natCast_nonneg` instead
warning: Core/F1/Analysis/QOrder.lean:134:40: `Int.ofNat_nonneg` has been deprecated: Use `Int.natCast_nonneg` instead
warning: Core/F1/Analysis/QOrder.lean:148:40: `Int.ofNat_nonneg` has been deprecated: Use `Int.natCast_nonneg` instead
warning: Core/F1/Analysis/QOrder.lean:186:13: `Int.ofNat_nonneg` has been deprecated: Use `Int.natCast_nonneg` instead
warning: Core/F1/Analysis/QOrder.lean:186:34: `Int.ofNat_nonneg` has been deprecated: Use `Int.natCast_nonneg` instead
warning: Core/F1/Analysis/QOrder.lean:186:55: `Int.ofNat_nonneg` has been deprecated: Use `Int.natCast_nonneg` instead
warning: Core/F1/Analysis/QOrder.lean:186:76: `Int.ofNat_nonneg` has been deprecated: Use `Int.natCast_nonneg` instead
warning: Core/F1/Analysis/QOrder.lean:203:20: `Int.ofNat_nonneg` has been deprecated: Use `Int.natCast_nonneg` instead
warning: Core/F1/Analysis/QOrder.lean:203:41: `Int.ofNat_nonneg` has been deprecated: Use `Int.natCast_nonneg` instead
warning: Core/F1/Analysis/QOrder.lean:311:39: `Int.ofNat_nonneg` has been deprecated: Use `Int.natCast_nonneg` instead
warning: Core/F1/Analysis/QOrder.lean:328:61: `Int.ofNat_nonneg` has been deprecated: Use `Int.natCast_nonneg` instead
warning: Core/F1/Analysis/QOrder.lean:341:61: `Int.ofNat_nonneg` has been deprecated: Use `Int.natCast_nonneg` instead
warning: Core/F1/Analysis/QOrder.lean:355:71: `Int.ofNat_nonneg` has been deprecated: Use `Int.natCast_nonneg` instead
warning: Core/F1/Analysis/QOrder.lean:395:39: `Int.ofNat_nonneg` has been deprecated: Use `Int.natCast_nonneg` instead
warning: Core/F1/Analysis/QOrder.lean:395:60: `Int.ofNat_nonneg` has been deprecated: Use `Int.natCast_nonneg` instead
warning: Core/F1/Analysis/QOrder.lean:406:39: `Int.ofNat_nonneg` has been deprecated: Use `Int.natCast_nonneg` instead
warning: Core/F1/Analysis/QOrder.lean:406:60: `Int.ofNat_nonneg` has been deprecated: Use `Int.natCast_nonneg` instead
⚠ [27/202] Replayed Core.F1.Analysis.Real
warning: Core/F1/Analysis/Real.lean:68:52: `Int.ofNat_nonneg` has been deprecated: Use `Int.natCast_nonneg` instead
warning: Core/F1/Analysis/Real.lean:90:68: `Int.ofNat_nonneg` has been deprecated: Use `Int.natCast_nonneg` instead
warning: Core/F1/Analysis/Real.lean:145:52: `Int.ofNat_nonneg` has been deprecated: Use `Int.natCast_nonneg` instead
warning: Core/F1/Analysis/Real.lean:218:68: `Int.ofNat_nonneg` has been deprecated: Use `Int.natCast_nonneg` instead
⚠ [28/202] Replayed Core.F1.Analysis.ExactBounded
warning: Core/F1/Analysis/ExactBounded.lean:39:51: `Int.ofNat_nonneg` has been deprecated: Use `Int.natCast_nonneg` instead
warning: Core/F1/Analysis/ExactBounded.lean:42:20: `Int.ofNat_nonneg` has been deprecated: Use `Int.natCast_nonneg` instead
⚠ [29/202] Replayed Core.F1.Analysis.ROrder
warning: Core/F1/Analysis/ROrder.lean:34:44: `Int.ofNat_nonneg` has been deprecated: Use `Int.natCast_nonneg` instead
warning: Core/F1/Analysis/ROrder.lean:153:33: This simp argument is unused:
  neg

Hint: Omit it from the simp argument list.
  simp only [Qeq, add, Qbound,̵ ̵n̵e̵g̵]

Note: This linter can be disabled with `set_option linter.unusedSimpArgs false`
ℹ [30/202] Replayed Core.F1.RiemannZetaTest
info: Core/F1/RiemannZetaTest.lean:7:0: RiemannZeta.zeta_at_2_equals_pi_squared_over_6 : True
info: Core/F1/RiemannZetaTest.lean:8:0: RiemannZeta.first_zero_at_14_134725 : True
info: Core/F1/RiemannZetaTest.lean:9:0: RiemannZeta.gram_points_monotone (n : Nat) : n > 0 → True
⚠ [32/202] Replayed Core.F1.Governance.GeneticFidelity
warning: Core/F1/Governance/GeneticFidelity.lean:62:0: Definition `trivialStructProof` is a proposition; use `theorem` instead of `def`

Note: This linter can be disabled with `set_option linter.defProp false`
warning: Core/F1/Governance/GeneticFidelity.lean:139:8: declaration uses `sorry`
⚠ [38/202] Replayed Core.F1.Square.IntersectionTemplate
warning: Core/F1/Square/IntersectionTemplate.lean:78:13: Variable name `q` is not explicitly referenced.

The binding can be removed (if unused) or named `_` (if used implicitly).

Note: This linter can be disabled with `set_option linter.unusedVariables false`
warning: Core/F1/Square/IntersectionTemplate.lean:78:15: Variable name `d` is not explicitly referenced.

The binding can be removed (if unused) or named `_` (if used implicitly).

Note: This linter can be disabled with `set_option linter.unusedVariables false`
warning: Core/F1/Square/IntersectionTemplate.lean:78:17: Variable name `t` is not explicitly referenced.

The binding can be removed (if unused) or named `_` (if used implicitly).

Note: This linter can be disabled with `set_option linter.unusedVariables false`
warning: Core/F1/Square/IntersectionTemplate.lean:88:15: Variable name `d` is not explicitly referenced.

The binding can be removed (if unused) or named `_` (if used implicitly).

Note: This linter can be disabled with `set_option linter.unusedVariables false`
warning: Core/F1/Square/IntersectionTemplate.lean:88:17: Variable name `t` is not explicitly referenced.

The binding can be removed (if unused) or named `_` (if used implicitly).

Note: This linter can be disabled with `set_option linter.unusedVariables false`
warning: Core/F1/Square/IntersectionTemplate.lean:169:80: Variable name `h_q` is not explicitly referenced.

The binding can be removed (if unused) or named `_` (if used implicitly).

Note: This linter can be disabled with `set_option linter.unusedVariables false`
warning: Core/F1/Square/IntersectionTemplate.lean:170:8: Variable name `H` is not explicitly referenced.

The binding can be removed (if unused) or named `_` (if used implicitly).

Note: This linter can be disabled with `set_option linter.unusedVariables false`
warning: Core/F1/Square/IntersectionTemplate.lean:216:33: Variable name `q` is not explicitly referenced.

The binding can be removed (if unused) or named `_` (if used implicitly).

Note: This linter can be disabled with `set_option linter.unusedVariables false`
warning: Core/F1/Square/IntersectionTemplate.lean:216:51: Variable name `d` is not explicitly referenced.

The binding can be removed (if unused) or named `_` (if used implicitly).

Note: This linter can be disabled with `set_option linter.unusedVariables false`
warning: Core/F1/Square/IntersectionTemplate.lean:216:53: Variable name `t` is not explicitly referenced.

The binding can be removed (if unused) or named `_` (if used implicitly).

Note: This linter can be disabled with `set_option linter.unusedVariables false`
⚠ [46/221] Replayed Core.F1.Analysis.Exp
warning: Core/F1/Analysis/Exp.lean:59:16: `Int.ofNat_nonneg` has been deprecated: Use `Int.natCast_nonneg` instead
warning: Core/F1/Analysis/Exp.lean:113:44: `Int.ofNat_nonneg` has been deprecated: Use `Int.natCast_nonneg` instead
warning: Core/F1/Analysis/Exp.lean:155:58: `Int.ofNat_nonneg` has been deprecated: Use `Int.natCast_nonneg` instead
warning: Core/F1/Analysis/Exp.lean:158:58: `Int.ofNat_nonneg` has been deprecated: Use `Int.natCast_nonneg` instead
⚠ [47/221] Replayed Core.F1.Analysis.Inv
warning: Core/F1/Analysis/Inv.lean:142:83: `Int.ofNat_nonneg` has been deprecated: Use `Int.natCast_nonneg` instead
warning: Core/F1/Analysis/Inv.lean:158:39: `Int.ofNat_nonneg` has been deprecated: Use `Int.natCast_nonneg` instead
warning: Core/F1/Analysis/Inv.lean:197:25: `Int.ofNat_nonneg` has been deprecated: Use `Int.natCast_nonneg` instead
warning: Core/F1/Analysis/Inv.lean:215:58: `Int.ofNat_nonneg` has been deprecated: Use `Int.natCast_nonneg` instead
warning: Core/F1/Analysis/Inv.lean:216:58: `Int.ofNat_nonneg` has been deprecated: Use `Int.natCast_nonneg` instead
✖ [50/228] Running job computation
error: Core: some modules have bad imports
⚠ [51/228] Replayed Core.F1.Analysis.ExpGen
warning: Core/F1/Analysis/ExpGen.lean:161:58: `Int.ofNat_nonneg` has been deprecated: Use `Int.natCast_nonneg` instead
warning: Core/F1/Analysis/ExpGen.lean:164:58: `Int.ofNat_nonneg` has been deprecated: Use `Int.natCast_nonneg` instead
warning: Core/F1/Analysis/ExpGen.lean:215:27: `Int.ofNat_nonneg` has been deprecated: Use `Int.natCast_nonneg` instead
✖ [55/228] Running Core.F1Square
error: Core/F1Square.lean: bad import 'Core.F1.Governance.DriftAudit'
error: Core/F1Square.lean: bad import 'Core.F1.Governance.CruxIntegration'
⚠ [56/228] Replayed Core.Spine
warning: Core/Spine.lean:144:26: Variable name `inputs` is not explicitly referenced.

The binding can be removed (if unused) or named `_` (if used implicitly).

Note: This linter can be disabled with `set_option linter.unusedVariables false`
✖ [61/228] Building Core.F1.Tropical.PIRTMBridge (8.5s)
trace: .> LEAN_PATH=/home/multiplicity/Multiplicity/PhaseMirror/Prime/lean/.lake/packages/std/.lake/build/lib/lean:/home/multiplicity/Multiplicity/PhaseMirror/Prime/lean/.lake/build/lib/lean /home/multiplicity/.elan/toolchains/leanprover--lean4---v4.32.0/bin/lean /home/multiplicity/Multiplicity/PhaseMirror/Prime/lean/Core/F1/Tropical/PIRTMBridge.lean -o /home/multiplicity/Multiplicity/PhaseMirror/Prime/lean/.lake/build/lib/lean/Core/F1/Tropical/PIRTMBridge.olean -i /home/multiplicity/Multiplicity/PhaseMirror/Prime/lean/.lake/build/lib/lean/Core/F1/Tropical/PIRTMBridge.ilean -c /home/multiplicity/Multiplicity/PhaseMirror/Prime/lean/.lake/build/ir/Core/F1/Tropical/PIRTMBridge.c --setup /home/multiplicity/Multiplicity/PhaseMirror/Prime/lean/.lake/build/ir/Core/F1/Tropical/PIRTMBridge.setup.json --json
error: Core/F1/Tropical/PIRTMBridge.lean:12:2: unexpected token '/--'; expected '#guard_msgs', 'abbrev', 'add_decl_doc', 'axiom', 'binder_predicate', 'builtin_cbv_simproc', 'builtin_cbv_simproc_decl', 'builtin_dsimproc', 'builtin_dsimproc_decl', 'builtin_grind_propagator', 'builtin_initialize', 'builtin_simproc', 'builtin_simproc_decl', 'cbv_simproc', 'cbv_simproc_decl', 'class', 'coinductive', 'declare_simp_like_tactic', 'declare_syntax_cat', 'def', 'dsimproc', 'dsimproc_decl', 'elab', 'elab_rules', 'example', 'grind_propagator', 'inductive', 'infix', 'infixl', 'infixr', 'initialize', 'instance', 'macro', 'macro_rules', 'notation', 'opaque', 'postfix', 'prefix', 'recommended_spelling', 'register_error_explanation', 'register_tactic_tag', 'register_try?_tactic', 'simproc', 'simproc_decl', 'structure', 'syntax', 'tactic_extension', 'theorem' or 'unif_hint'
error: Core/F1/Tropical/PIRTMBridge.lean:23:30: Application type mismatch: The argument
  stableIntersectionMult e1 e2
has type
  Nat
but is expected to have type
  ℕ
in the application
  ite (isGateActive gate p = true) (stableIntersectionMult e1 e2)
error: Core/F1/Tropical/PIRTMBridge.lean:23:64: failed to synthesize instance of type class
  OfNat ℕ 0
numerals are polymorphic in Lean, but the numeral `0` cannot be used in a context where the expected type is
  ℕ
due to the absence of the instance above

Hint: Type class instance resolution failures can be inspected with the `set_option trace.Meta.synthInstance true` command.
error: Core/F1/Tropical/PIRTMBridge.lean:27:2: failed to synthesize instance of type class
  LE ℕ

Hint: Type class instance resolution failures can be inspected with the `set_option trace.Meta.synthInstance true` command.
error: Core/F1/Tropical/PIRTMBridge.lean:27:27: failed to synthesize instance of type class
  OfNat ℕ 0
numerals are polymorphic in Lean, but the numeral `0` cannot be used in a context where the expected type is
  ℕ
due to the absence of the instance above

Hint: Type class instance resolution failures can be inspected with the `set_option trace.Meta.synthInstance true` command.
error: Core/F1/Tropical/PIRTMBridge.lean:32:38: Type mismatch
  stableIntersectionMult e1 e2
has type
  Nat
but is expected to have type
  ℕ
error: Core/F1/Tropical/PIRTMBridge.lean:33:2: Tactic `rfl` failed: The left-hand side
  true
is not definitionally equal to the right-hand side
  Function.const Lean.Name ()
    `Core.F1.Tropical.PIRTMBridge.32.2.32.66.2.66._sorry._@.Core.F1.Tropical.PIRTMBridge.982755399._hygCtx._hyg.23

ℕ : Type u_1
p : ℕ
e1 e2 : WeightedRay
⊢ sorry
error: Core/F1/Tropical/PIRTMBridge.lean:41:24: typeclass instance problem is stuck
  LE ?m.6

Note: Lean will not try to resolve this typeclass instance problem because the type argument to `LE` is a metavariable. This argument must be fully determined before Lean will try to resolve the typeclass.

Hint: Adding type annotations and supplying implicit arguments to functions can give Lean more information for typeclass resolution. For example, if you have a variable `x` that you intend to be a `Nat`, but Lean reports it as having an unresolved type like `?m`, replacing `x` with `(x : Nat)` can get typeclass resolution un-stuck.
error: Core/F1/Tropical/PIRTMBridge.lean:45:2: Invalid field notation: Field projection operates on types of the form `C ...` where C is a constant. The expression
  C
has type `ContractionOperator` which does not have the necessary form.
error: Core/F1/Tropical/PIRTMBridge.lean:50:8: Invalid field notation: Field projection operates on types of the form `C ...` where C is a constant. The expression
  C
has type `ContractionOperator` which does not have the necessary form.
error: Lean exited with code 1
✖ [62/228] Building Core.F1.Square.Monoid (9.1s)
trace: .> LEAN_PATH=/home/multiplicity/Multiplicity/PhaseMirror/Prime/lean/.lake/packages/std/.lake/build/lib/lean:/home/multiplicity/Multiplicity/PhaseMirror/Prime/lean/.lake/build/lib/lean /home/multiplicity/.elan/toolchains/leanprover--lean4---v4.32.0/bin/lean /home/multiplicity/Multiplicity/PhaseMirror/Prime/lean/Core/F1/Square/Monoid.lean -o /home/multiplicity/Multiplicity/PhaseMirror/Prime/lean/.lake/build/lib/lean/Core/F1/Square/Monoid.olean -i /home/multiplicity/Multiplicity/PhaseMirror/Prime/lean/.lake/build/lib/lean/Core/F1/Square/Monoid.ilean -c /home/multiplicity/Multiplicity/PhaseMirror/Prime/lean/.lake/build/ir/Core/F1/Square/Monoid.c --setup /home/multiplicity/Multiplicity/PhaseMirror/Prime/lean/.lake/build/ir/Core/F1/Square/Monoid.setup.json --json
error: Core/F1/Square/Monoid.lean:155:12: Unknown constant `Nat.pos_pow_of_pos`
error: Core/F1/Square/Monoid.lean:154:30: unsolved goals
k : Nat
a : Curve.carrier
⊢ 1 ≤ a.val ^ k
error: Lean exited with code 1
⚠ [67/228] Replayed Core.moc.Hecke
warning: Core/moc/Hecke.lean:18:11: Variable name `w` is not explicitly referenced.

The binding can be removed (if unused) or named `_` (if used implicitly).

Note: This linter can be disabled with `set_option linter.unusedVariables false`
✖ [69/228] Building Core.MOC (859ms)
trace: .> LEAN_PATH=/home/multiplicity/Multiplicity/PhaseMirror/Prime/lean/.lake/packages/std/.lake/build/lib/lean:/home/multiplicity/Multiplicity/PhaseMirror/Prime/lean/.lake/build/lib/lean /home/multiplicity/.elan/toolchains/leanprover--lean4---v4.32.0/bin/lean /home/multiplicity/Multiplicity/PhaseMirror/Prime/lean/Core/MOC.lean -o /home/multiplicity/Multiplicity/PhaseMirror/Prime/lean/.lake/build/lib/lean/Core/MOC.olean -i /home/multiplicity/Multiplicity/PhaseMirror/Prime/lean/.lake/build/lib/lean/Core/MOC.ilean -c /home/multiplicity/Multiplicity/PhaseMirror/Prime/lean/.lake/build/ir/Core/MOC.c --setup /home/multiplicity/Multiplicity/PhaseMirror/Prime/lean/.lake/build/ir/Core/MOC.setup.json --json
error: Core/MOC.lean:1:0: object file '/home/multiplicity/Multiplicity/PhaseMirror/Prime/lean/.lake/build/lib/lean/Core/moc/Resonance.olean' of module Core.moc.Resonance does not exist
error: Lean exited with code 1
✖ [71/228] Building Core.PIRTM (464ms)
trace: .> LEAN_PATH=/home/multiplicity/Multiplicity/PhaseMirror/Prime/lean/.lake/packages/std/.lake/build/lib/lean:/home/multiplicity/Multiplicity/PhaseMirror/Prime/lean/.lake/build/lib/lean /home/multiplicity/.elan/toolchains/leanprover--lean4---v4.32.0/bin/lean /home/multiplicity/Multiplicity/PhaseMirror/Prime/lean/Core/PIRTM.lean -o /home/multiplicity/Multiplicity/PhaseMirror/Prime/lean/.lake/build/lib/lean/Core/PIRTM.olean -i /home/multiplicity/Multiplicity/PhaseMirror/Prime/lean/.lake/build/lib/lean/Core/PIRTM.ilean -c /home/multiplicity/Multiplicity/PhaseMirror/Prime/lean/.lake/build/ir/Core/PIRTM.c --setup /home/multiplicity/Multiplicity/PhaseMirror/Prime/lean/.lake/build/ir/Core/PIRTM.setup.json --json
error: Core/PIRTM.lean:1:0: object file '/home/multiplicity/Multiplicity/PhaseMirror/Prime/lean/.lake/build/lib/lean/Core/prime_tensors/Stability.olean' of module Core.prime_tensors.Stability does not exist
error: Lean exited with code 1
⚠ [75/228] Replayed Core.Properties.AdjunctionProp
warning: Core/Properties/AdjunctionProp.lean:14:5: Variable name `h_comp` is not explicitly referenced.

The binding can be removed (if unused) or named `_` (if used implicitly).

Note: This linter can be disabled with `set_option linter.unusedVariables false`
warning: Core/Properties/AdjunctionProp.lean:15:5: Variable name `h_close` is not explicitly referenced.

The binding can be removed (if unused) or named `_` (if used implicitly).

Note: This linter can be disabled with `set_option linter.unusedVariables false`
⚠ [82/228] Replayed Core.Theorems.MorphismSoundness
warning: Core/Theorems/MorphismSoundness.lean:29:8: Variable name `f` is not explicitly referenced.

The binding can be removed (if unused) or named `_` (if used implicitly).

Note: This linter can be disabled with `set_option linter.unusedVariables false`
⚠ [84/228] Replayed Examples.QuantumGate
warning: Examples/QuantumGate.lean:32:4: Variable name `g₁` is not explicitly referenced.

The binding can be removed (if unused) or named `_` (if used implicitly).

Note: This linter can be disabled with `set_option linter.unusedVariables false`
warning: Examples/QuantumGate.lean:32:8: Variable name `g₂` is not explicitly referenced.

The binding can be removed (if unused) or named `_` (if used implicitly).

Note: This linter can be disabled with `set_option linter.unusedVariables false`
✖ [85/228] Building Core.F1.Square.DeitmarTest (27s)
trace: .> LEAN_PATH=/home/multiplicity/Multiplicity/PhaseMirror/Prime/lean/.lake/packages/std/.lake/build/lib/lean:/home/multiplicity/Multiplicity/PhaseMirror/Prime/lean/.lake/build/lib/lean /home/multiplicity/.elan/toolchains/leanprover--lean4---v4.32.0/bin/lean /home/multiplicity/Multiplicity/PhaseMirror/Prime/lean/Core/F1/Square/DeitmarTest.lean -o /home/multiplicity/Multiplicity/PhaseMirror/Prime/lean/.lake/build/lib/lean/Core/F1/Square/DeitmarTest.olean -i /home/multiplicity/Multiplicity/PhaseMirror/Prime/lean/.lake/build/lib/lean/Core/F1/Square/DeitmarTest.ilean -c /home/multiplicity/Multiplicity/PhaseMirror/Prime/lean/.lake/build/ir/Core/F1/Square/DeitmarTest.c --setup /home/multiplicity/Multiplicity/PhaseMirror/Prime/lean/.lake/build/ir/Core/F1/Square/DeitmarTest.setup.json --json
error: Core/F1/Square/DeitmarTest.lean:35:54: Application type mismatch: The argument
  h_q
has type
  0 < q
but is expected to have type
  d = 0
in the application
  IntersectionTemplate.t1_signature_hasse q a d t h_t h_q
error: Core/F1/Square/DeitmarTest.lean:40:54: Application type mismatch: The argument
  h_q
has type
  0 < q
but is expected to have type
  d = 0
in the application
  IntersectionTemplate.t1_signature_hasse q a d t h_t h_q
error: Core/F1/Square/DeitmarTest.lean:45:50: unknown tactic
error: Core/F1/Square/DeitmarTest.lean:52:52: unknown tactic
error: Core/F1/Square/DeitmarTest.lean:52:48: unsolved goals
⊢ 25 + 1 - 12 = 25 + 1 - 12
warning: Core/F1/Square/DeitmarTest.lean:69:4: Variable name `n` is not explicitly referenced.

The binding can be removed (if unused) or named `_` (if used implicitly).

Note: This linter can be disabled with `set_option linter.unusedVariables false`
error: Core/F1/Square/DeitmarTest.lean:73:2: Missing name after `end`: Expected the current scope name `DeitmarTest`

Hint: To end the current scope `DeitmarTest`, specify its name:
  end ̲D̲e̲i̲t̲m̲a̲r̲T̲e̲s̲t̲
warning: Core/F1/Square/DeitmarTest.lean:77:23: Variable name `i` is not explicitly referenced.

The binding can be removed (if unused) or named `_` (if used implicitly).

Note: This linter can be disabled with `set_option linter.unusedVariables false`
warning: Core/F1/Square/DeitmarTest.lean:77:36: Variable name `i` is not explicitly referenced.

The binding can be removed (if unused) or named `_` (if used implicitly).

Note: This linter can be disabled with `set_option linter.unusedVariables false`
warning: Core/F1/Square/DeitmarTest.lean:77:49: Variable name `i` is not explicitly referenced.

The binding can be removed (if unused) or named `_` (if used implicitly).

Note: This linter can be disabled with `set_option linter.unusedVariables false`
warning: Core/F1/Square/DeitmarTest.lean:77:62: Variable name `i` is not explicitly referenced.

The binding can be removed (if unused) or named `_` (if used implicitly).

Note: This linter can be disabled with `set_option linter.unusedVariables false`
warning: Core/F1/Square/DeitmarTest.lean:78:11: Variable name `i` is not explicitly referenced.

The binding can be removed (if unused) or named `_` (if used implicitly).

Note: This linter can be disabled with `set_option linter.unusedVariables false`
warning: Core/F1/Square/DeitmarTest.lean:78:26: Variable name `i` is not explicitly referenced.

The binding can be removed (if unused) or named `_` (if used implicitly).

Note: This linter can be disabled with `set_option linter.unusedVariables false`
warning: Core/F1/Square/DeitmarTest.lean:78:41: Variable name `i` is not explicitly referenced.

The binding can be removed (if unused) or named `_` (if used implicitly).

Note: This linter can be disabled with `set_option linter.unusedVariables false`
error: Core/F1/Square/DeitmarTest.lean:85:41: unknown tactic
error: Core/F1/Square/DeitmarTest.lean:101:60: Application type mismatch: The argument
  h_q1
has type
  0 < q1
but is expected to have type
  d1 = 0
in the application
  IntersectionTemplate.t1_signature_hasse q1 a1 d1 t1 h_t1 h_q1
error: Core/F1/Square/DeitmarTest.lean:102:60: Application type mismatch: The argument
  h_q2
has type
  0 < q2
but is expected to have type
  d2 = 0
in the application
  IntersectionTemplate.t1_signature_hasse q2 a2 d2 t2 h_t2 h_q2
error: Core/F1/Square/DeitmarTest.lean:110:60: Application type mismatch: The argument
  h_q3
has type
  0 < q3
but is expected to have type
  d3 = 0
in the application
  IntersectionTemplate.t1_signature_hasse q3 a3 d3 t3 h_t3 h_q3
error: Core/F1/Square/DeitmarTest.lean:116:35: unknown tactic
error: Core/F1/Square/DeitmarTest.lean:125:47: unknown tactic
error: Core/F1/Square/DeitmarTest.lean:137:64: unexpected token '/--'; expected '#guard_msgs', 'abbrev', 'add_decl_doc', 'axiom', 'binder_predicate', 'builtin_cbv_simproc', 'builtin_cbv_simproc_decl', 'builtin_dsimproc', 'builtin_dsimproc_decl', 'builtin_grind_propagator', 'builtin_initialize', 'builtin_simproc', 'builtin_simproc_decl', 'cbv_simproc', 'cbv_simproc_decl', 'class', 'coinductive', 'declare_command_config_elab', 'declare_command_config_elab_legacy', 'declare_config_elab', 'declare_config_elab_legacy', 'declare_core_config_elab', 'declare_simp_like_tactic', 'declare_syntax_cat', 'declare_term_config_elab', 'def', 'def_eval_config_item', 'dsimproc', 'dsimproc_decl', 'elab', 'elab_rules', 'example', 'grind_propagator', 'inductive', 'infix', 'infixl', 'infixr', 'initialize', 'instance', 'macro', 'macro_rules', 'notation', 'opaque', 'postfix', 'prefix', 'recommended_spelling', 'register_builtin_option', 'register_error_explanation', 'register_grind_attr', 'register_label_attr', 'register_linter_set', 'register_option', 'register_simp_attr', 'register_sym_simp_attr', 'register_tactic_tag', 'register_try?_tactic', 'simproc', 'simproc_decl', 'structure', 'syntax', 'tactic_extension', 'theorem' or 'unif_hint'
error: Core/F1/Square/DeitmarTest.lean:144:60: Application type mismatch: The argument
  h_q4
has type
  0 < q4
but is expected to have type
  d4 = 0
in the application
  IntersectionTemplate.t1_signature_hasse q4 a4 d4 t4 h_t4 h_q4
error: Core/F1/Square/DeitmarTest.lean:150:11: unknown tactic
error: Core/F1/Square/DeitmarTest.lean:158:62: unexpected token '/--'; expected '#guard_msgs', 'abbrev', 'add_decl_doc', 'axiom', 'binder_predicate', 'builtin_cbv_simproc', 'builtin_cbv_simproc_decl', 'builtin_dsimproc', 'builtin_dsimproc_decl', 'builtin_grind_propagator', 'builtin_initialize', 'builtin_simproc', 'builtin_simproc_decl', 'cbv_simproc', 'cbv_simproc_decl', 'class', 'coinductive', 'declare_command_config_elab', 'declare_command_config_elab_legacy', 'declare_config_elab', 'declare_config_elab_legacy', 'declare_core_config_elab', 'declare_simp_like_tactic', 'declare_syntax_cat', 'declare_term_config_elab', 'def', 'def_eval_config_item', 'dsimproc', 'dsimproc_decl', 'elab', 'elab_rules', 'example', 'grind_propagator', 'inductive', 'infix', 'infixl', 'infixr', 'initialize', 'instance', 'macro', 'macro_rules', 'notation', 'opaque', 'postfix', 'prefix', 'recommended_spelling', 'register_builtin_option', 'register_error_explanation', 'register_grind_attr', 'register_label_attr', 'register_linter_set', 'register_option', 'register_simp_attr', 'register_sym_simp_attr', 'register_tactic_tag', 'register_try?_tactic', 'simproc', 'simproc_decl', 'structure', 'syntax', 'tactic_extension', 'theorem' or 'unif_hint'
error: Core/F1/Square/DeitmarTest.lean:169:60: Application type mismatch: The argument
  h_q5
has type
  0 < q5
but is expected to have type
  d5 = 0
in the application
  IntersectionTemplate.t1_signature_hasse q5 a5 d5 t5 h_t5 h_q5
error: Core/F1/Square/DeitmarTest.lean:176:11: unknown tactic
error: Core/F1/Square/DeitmarTest.lean:195:12: Tactic `rfl` failed: Expected the goal to be a binary relation

Hint: Reflexivity tactics can only be used on goals of the form `x ~ x` or `R x x`

case zero
q a d t : Fin 0 → Int
h_q : ∀ (i : Fin 0), 0 < q i
h_t : ∀ (i : Fin 0), t i = q i + 1 - a i
h_hasse : ∀ (i : Fin 0), a i * a i ≤ 4 * q i
⊢ match 0, q, a, d, t, h_q, h_t, h_hasse with
  | 0, q, a, d, t, h_q, h_t, h_hasse => True
  | 1, q, a, d, t, h_q, h_t, h_hasse => testN1 (q 0) (a 0) (d 0) (t 0) ⋯ ⋯ ⋯
  | n.succ, q, a, d, t, h_q, h_t, h_hasse =>
    ∀ (i : Fin (n + 1)) (x y : Int),
      IntersectionTemplate.tpair1 (q i) (d i) (t i) (IntersectionTemplate.tprimDG (q i) (d i) (t i) x y)
          (IntersectionTemplate.tprimDG (q i) (d i) (t i) x y) ≤
        0
error: Core/F1/Square/DeitmarTest.lean:199:10: Tactic `introN` failed: There are no additional binders or `let` bindings in the goal to introduce

case succ
n' : Nat
q a d t : Fin (n' + 1) → Int
h_q : ∀ (i : Fin (n' + 1)), 0 < q i
h_t : ∀ (i : Fin (n' + 1)), t i = q i + 1 - a i
h_hasse : ∀ (i : Fin (n' + 1)), a i * a i ≤ 4 * q i
⊢ match n' + 1, q, a, d, t, h_q, h_t, h_hasse with
  | 0, q, a, d, t, h_q, h_t, h_hasse => True
  | 1, q, a, d, t, h_q, h_t, h_hasse => testN1 (q 0) (a 0) (d 0) (t 0) ⋯ ⋯ ⋯
  | n.succ, q, a, d, t, h_q, h_t, h_hasse =>
    ∀ (i : Fin (n + 1)) (x y : Int),
      IntersectionTemplate.tpair1 (q i) (d i) (t i) (IntersectionTemplate.tprimDG (q i) (d i) (t i) x y)
          (IntersectionTemplate.tprimDG (q i) (d i) (t i) x y) ≤
        0
error: Lean exited with code 1
⚠ [86/228] Built Core.F1.Analysis.ExpReal (24s)
warning: Core/F1/Analysis/ExpReal.lean:72:22: `Int.ofNat_nonneg` has been deprecated: Use `Int.natCast_nonneg` instead
warning: Core/F1/Analysis/ExpReal.lean:98:23: `Int.ofNat_nonneg` has been deprecated: Use `Int.natCast_nonneg` instead
warning: Core/F1/Analysis/ExpReal.lean:98:44: `Int.ofNat_nonneg` has been deprecated: Use `Int.natCast_nonneg` instead
warning: Core/F1/Analysis/ExpReal.lean:135:50: `Int.ofNat_nonneg` has been deprecated: Use `Int.natCast_nonneg` instead
warning: Core/F1/Analysis/ExpReal.lean:362:21: `Int.ofNat_nonneg` has been deprecated: Use `Int.natCast_nonneg` instead
warning: Core/F1/Analysis/ExpReal.lean:363:56: `Int.ofNat_nonneg` has been deprecated: Use `Int.natCast_nonneg` instead
warning: Core/F1/Analysis/ExpReal.lean:386:46: `Int.ofNat_nonneg` has been deprecated: Use `Int.natCast_nonneg` instead
warning: Core/F1/Analysis/ExpReal.lean:439:29: `Int.ofNat_nonneg` has been deprecated: Use `Int.natCast_nonneg` instead
warning: Core/F1/Analysis/ExpReal.lean:439:50: `Int.ofNat_nonneg` has been deprecated: Use `Int.natCast_nonneg` instead
warning: Core/F1/Analysis/ExpReal.lean:463:17: This simp argument is unused:
  Nat.mul_assoc

Hint: Omit it from the simp argument list.
  simp only [̵N̵a̵t̵.̵m̵u̵l̵_̵a̵s̵s̵o̵c̵,̵ ̵N̵a̵t̵.̵m̵u̵l̵_̵c̵o̵m̵m̵,̵[̲N̲a̲t̲.̲m̲u̲l̲_̲c̲o̲m̲m̲,̲ Nat.mul_left_comm]

Note: This linter can be disabled with `set_option linter.unusedSimpArgs false`
warning: Core/F1/Analysis/ExpReal.lean:490:17: This simp argument is unused:
  Nat.mul_assoc

Hint: Omit it from the simp argument list.
  simp only [̵N̵a̵t̵.̵m̵u̵l̵_̵a̵s̵s̵o̵c̵,̵ ̵N̵a̵t̵.̵m̵u̵l̵_̵c̵o̵m̵m̵,̵[̲N̲a̲t̲.̲m̲u̲l̲_̲c̲o̲m̲m̲,̲ Nat.mul_left_comm]

Note: This linter can be disabled with `set_option linter.unusedSimpArgs false`
warning: Core/F1/Analysis/ExpReal.lean:523:69: `Int.ofNat_nonneg` has been deprecated: Use `Int.natCast_nonneg` instead
warning: Core/F1/Analysis/ExpReal.lean:524:25: `Int.ofNat_nonneg` has been deprecated: Use `Int.natCast_nonneg` instead
warning: Core/F1/Analysis/ExpReal.lean:524:46: `Int.ofNat_nonneg` has been deprecated: Use `Int.natCast_nonneg` instead
warning: Core/F1/Analysis/ExpReal.lean:530:65: `Int.ofNat_nonneg` has been deprecated: Use `Int.natCast_nonneg` instead
warning: Core/F1/Analysis/ExpReal.lean:531:49: `Int.ofNat_nonneg` has been deprecated: Use `Int.natCast_nonneg` instead
warning: Core/F1/Analysis/ExpReal.lean:531:71: `Int.ofNat_nonneg` has been deprecated: Use `Int.natCast_nonneg` instead
warning: Core/F1/Analysis/ExpReal.lean:605:25: `Int.ofNat_nonneg` has been deprecated: Use `Int.natCast_nonneg` instead
⚠ [87/228] Replayed Core.F1.Analysis.CosSin
warning: Core/F1/Analysis/CosSin.lean:76:44: `Int.ofNat_nonneg` has been deprecated: Use `Int.natCast_nonneg` instead
warning: Core/F1/Analysis/CosSin.lean:163:9: `Int.ofNat_nonneg` has been deprecated: Use `Int.natCast_nonneg` instead
warning: Core/F1/Analysis/CosSin.lean:292:35: `Int.ofNat_nonneg` has been deprecated: Use `Int.natCast_nonneg` instead
warning: Core/F1/Analysis/CosSin.lean:300:25: `Int.ofNat_nonneg` has been deprecated: Use `Int.natCast_nonneg` instead
✔ [88/228] Built Core.F1.Analysis.Binomial (35s)
✔ [90/228] Built Core.F1.Analysis.ComplexExp (22s)
✔ [91/228] Built Core.F1.Analysis.ExpAdd (23s)
⚠ [92/228] Built Core.F1.Analysis.Log (67s)
warning: Core/F1/Analysis/Log.lean:106:20: `Int.ofNat_nonneg` has been deprecated: Use `Int.natCast_nonneg` instead
warning: Core/F1/Analysis/Log.lean:106:41: `Int.ofNat_nonneg` has been deprecated: Use `Int.natCast_nonneg` instead
warning: Core/F1/Analysis/Log.lean:220:75: `Int.ofNat_nonneg` has been deprecated: Use `Int.natCast_nonneg` instead
warning: Core/F1/Analysis/Log.lean:221:61: `Int.ofNat_nonneg` has been deprecated: Use `Int.natCast_nonneg` instead
warning: Core/F1/Analysis/Log.lean:221:82: `Int.ofNat_nonneg` has been deprecated: Use `Int.natCast_nonneg` instead
warning: Core/F1/Analysis/Log.lean:444:26: `Int.ofNat_nonneg` has been deprecated: Use `Int.natCast_nonneg` instead
warning: Core/F1/Analysis/Log.lean:502:46: `Int.ofNat_nonneg` has been deprecated: Use `Int.natCast_nonneg` instead
warning: Core/F1/Analysis/Log.lean:807:23: `Int.ofNat_nonneg` has been deprecated: Use `Int.natCast_nonneg` instead
warning: Core/F1/Analysis/Log.lean:807:44: `Int.ofNat_nonneg` has been deprecated: Use `Int.natCast_nonneg` instead
warning: Core/F1/Analysis/Log.lean:825:23: `Int.ofNat_nonneg` has been deprecated: Use `Int.natCast_nonneg` instead
warning: Core/F1/Analysis/Log.lean:825:44: `Int.ofNat_nonneg` has been deprecated: Use `Int.natCast_nonneg` instead
warning: Core/F1/Analysis/Log.lean:894:14: `Int.ofNat_nonneg` has been deprecated: Use `Int.natCast_nonneg` instead
warning: Core/F1/Analysis/Log.lean:897:14: `Int.ofNat_nonneg` has been deprecated: Use `Int.natCast_nonneg` instead
warning: Core/F1/Analysis/Log.lean:932:13: This simp argument is unused:
  Qeq

Hint: Omit it from the simp argument list.
  simp only [Q̵e̵q̵,̵ ̵mul, add, neg]

Note: This linter can be disabled with `set_option linter.unusedSimpArgs false`
warning: Core/F1/Analysis/Log.lean:972:14: `Int.ofNat_nonneg` has been deprecated: Use `Int.natCast_nonneg` instead
warning: Core/F1/Analysis/Log.lean:981:16: `Int.ofNat_nonneg` has been deprecated: Use `Int.natCast_nonneg` instead
warning: Core/F1/Analysis/Log.lean:1022:39: `Int.ofNat_nonneg` has been deprecated: Use `Int.natCast_nonneg` instead
warning: Core/F1/Analysis/Log.lean:1022:60: `Int.ofNat_nonneg` has been deprecated: Use `Int.natCast_nonneg` instead
warning: Core/F1/Analysis/Log.lean:1033:39: `Int.ofNat_nonneg` has been deprecated: Use `Int.natCast_nonneg` instead
warning: Core/F1/Analysis/Log.lean:1033:60: `Int.ofNat_nonneg` has been deprecated: Use `Int.natCast_nonneg` instead
warning: Core/F1/Analysis/Log.lean:1079:15: `Int.ofNat_nonneg` has been deprecated: Use `Int.natCast_nonneg` instead
warning: Core/F1/Analysis/Log.lean:1080:15: `Int.ofNat_nonneg` has been deprecated: Use `Int.natCast_nonneg` instead
warning: Core/F1/Analysis/Log.lean:1084:15: `Int.ofNat_nonneg` has been deprecated: Use `Int.natCast_nonneg` instead
warning: Core/F1/Analysis/Log.lean:1085:15: `Int.ofNat_nonneg` has been deprecated: Use `Int.natCast_nonneg` instead
⚠ [93/228] Built Core.F1.Analysis.CosSinAdd (66s)
warning: Core/F1/Analysis/CosSinAdd.lean:508:39: `Int.ofNat_nonneg` has been deprecated: Use `Int.natCast_nonneg` instead
warning: Core/F1/Analysis/CosSinAdd.lean:508:60: `Int.ofNat_nonneg` has been deprecated: Use `Int.natCast_nonneg` instead
warning: Core/F1/Analysis/CosSinAdd.lean:538:62: `Int.ofNat_nonneg` has been deprecated: Use `Int.natCast_nonneg` instead
warning: Core/F1/Analysis/CosSinAdd.lean:763:23: `Int.ofNat_nonneg` has been deprecated: Use `Int.natCast_nonneg` instead
warning: Core/F1/Analysis/CosSinAdd.lean:832:24: `Int.ofNat_nonneg` has been deprecated: Use `Int.natCast_nonneg` instead
warning: Core/F1/Analysis/CosSinAdd.lean:874:59: `Int.ofNat_nonneg` has been deprecated: Use `Int.natCast_nonneg` instead
warning: Core/F1/Analysis/CosSinAdd.lean:875:45: `Int.ofNat_nonneg` has been deprecated: Use `Int.natCast_nonneg` instead
warning: Core/F1/Analysis/CosSinAdd.lean:931:7: `Int.ofNat_nonneg` has been deprecated: Use `Int.natCast_nonneg` instead
warning: Core/F1/Analysis/CosSinAdd.lean:932:44: `Int.ofNat_nonneg` has been deprecated: Use `Int.natCast_nonneg` instead
warning: Core/F1/Analysis/CosSinAdd.lean:932:87: `Int.ofNat_nonneg` has been deprecated: Use `Int.natCast_nonneg` instead
warning: Core/F1/Analysis/CosSinAdd.lean:940:5: `Int.ofNat_nonneg` has been deprecated: Use `Int.natCast_nonneg` instead
warning: Core/F1/Analysis/CosSinAdd.lean:977:57: `Int.ofNat_nonneg` has been deprecated: Use `Int.natCast_nonneg` instead
warning: Core/F1/Analysis/CosSinAdd.lean:978:43: `Int.ofNat_nonneg` has been deprecated: Use `Int.natCast_nonneg` instead
warning: Core/F1/Analysis/CosSinAdd.lean:1113:57: `Int.ofNat_nonneg` has been deprecated: Use `Int.natCast_nonneg` instead
warning: Core/F1/Analysis/CosSinAdd.lean:1114:43: `Int.ofNat_nonneg` has been deprecated: Use `Int.natCast_nonneg` instead
warning: Core/F1/Analysis/CosSinAdd.lean:1226:63: `Int.ofNat_nonneg` has been deprecated: Use `Int.natCast_nonneg` instead
warning: Core/F1/Analysis/CosSinAdd.lean:1227:49: `Int.ofNat_nonneg` has been deprecated: Use `Int.natCast_nonneg` instead
warning: Core/F1/Analysis/CosSinAdd.lean:1388:25: `Int.ofNat_nonneg` has been deprecated: Use `Int.natCast_nonneg` instead
✖ [94/228] Building Core.F1.Analysis.BernoulliPoly (66s)
trace: .> LEAN_PATH=/home/multiplicity/Multiplicity/PhaseMirror/Prime/lean/.lake/packages/std/.lake/build/lib/lean:/home/multiplicity/Multiplicity/PhaseMirror/Prime/lean/.lake/build/lib/lean /home/multiplicity/.elan/toolchains/leanprover--lean4---v4.32.0/bin/lean /home/multiplicity/Multiplicity/PhaseMirror/Prime/lean/Core/F1/Analysis/BernoulliPoly.lean -o /home/multiplicity/Multiplicity/PhaseMirror/Prime/lean/.lake/build/lib/lean/Core/F1/Analysis/BernoulliPoly.olean -i /home/multiplicity/Multiplicity/PhaseMirror/Prime/lean/.lake/build/lib/lean/Core/F1/Analysis/BernoulliPoly.ilean -c /home/multiplicity/Multiplicity/PhaseMirror/Prime/lean/.lake/build/ir/Core/F1/Analysis/BernoulliPoly.c --setup /home/multiplicity/Multiplicity/PhaseMirror/Prime/lean/.lake/build/ir/Core/F1/Analysis/BernoulliPoly.setup.json --json
error: Core/F1/Analysis/BernoulliPoly.lean:51:8: (kernel) application type mismatch
  id (Eq.refl true)
argument has type
  true = true
but function has type
  decide
        (RingNF.norm
            (((((((RingNF.PExpr.const 1).mul
                                  ((RingNF.PExpr.var 0).mul ((RingNF.PExpr.var 0).mul (RingNF.PExpr.const 1)))).mul
                              ((RingNF.PExpr.const 2).mul ((RingNF.PExpr.var 1).mul (RingNF.PExpr.const 1)))).add
                          (((RingNF.PExpr.const 2).neg.mul ((RingNF.PExpr.var 0).mul (RingNF.PExpr.const 1))).mul
                            ((RingNF.PExpr.const 1).mul
                              ((RingNF.PExpr.var 1).mul ((RingNF.PExpr.var 1).mul (RingNF.PExpr.const 1)))))).mul
                      ((RingNF.PExpr.const 6).mul (RingNF.PExpr.var 2))).add
                  (((RingNF.PExpr.const 1).mul (RingNF.PExpr.var 3)).mul
                    (((RingNF.PExpr.const 1).mul
                          ((RingNF.PExpr.var 1).mul ((RingNF.PExpr.var 1).mul (RingNF.PExpr.const 1)))).mul
                      ((RingNF.PExpr.const 2).mul ((RingNF.PExpr.var 1).mul (RingNF.PExpr.const 1)))))).mul
              ((((RingNF.PExpr.var 1).mul (RingNF.PExpr.var 1)).mul (RingNF.PExpr.var 1)).mul (RingNF.PExpr.const 6))) =
          RingNF.norm
            (((((((RingNF.PExpr.var 0).mul (RingNF.PExpr.var 0)).mul (RingNF.PExpr.var 1)).add
                          ((RingNF.PExpr.var 0).neg.mul ((RingNF.PExpr.var 1).mul (RingNF.PExpr.var 1)))).mul
                      (RingNF.PExpr.const 6)).add
                  ((RingNF.PExpr.const 1).mul
                    (((RingNF.PExpr.var 1).mul (RingNF.PExpr.var 1)).mul (RingNF.PExpr.var 1)))).mul
              ((((RingNF.PExpr.const 1).mul
                        ((RingNF.PExpr.var 1).mul ((RingNF.PExpr.var 1).mul (RingNF.PExpr.const 1)))).mul
                    ((RingNF.PExpr.const 2).mul ((RingNF.PExpr.var 1).mul (RingNF.PExpr.const 1)))).mul
                ((RingNF.PExpr.const 6).mul (RingNF.PExpr.var 2))))) =
      true →
    decide
        (RingNF.norm
            (((((((RingNF.PExpr.const 1).mul
                                  ((RingNF.PExpr.var 0).mul ((RingNF.PExpr.var 0).mul (RingNF.PExpr.const 1)))).mul
                              ((RingNF.PExpr.const 2).mul ((RingNF.PExpr.var 1).mul (RingNF.PExpr.const 1)))).add
                          (((RingNF.PExpr.const 2).neg.mul ((RingNF.PExpr.var 0).mul (RingNF.PExpr.const 1))).mul
                            ((RingNF.PExpr.const 1).mul
                              ((RingNF.PExpr.var 1).mul ((RingNF.PExpr.var 1).mul (RingNF.PExpr.const 1)))))).mul
                      ((RingNF.PExpr.const 6).mul (RingNF.PExpr.var 2))).add
                  (((RingNF.PExpr.const 1).mul (RingNF.PExpr.var 3)).mul
                    (((RingNF.PExpr.const 1).mul
                          ((RingNF.PExpr.var 1).mul ((RingNF.PExpr.var 1).mul (RingNF.PExpr.const 1)))).mul
                      ((RingNF.PExpr.const 2).mul ((RingNF.PExpr.var 1).mul (RingNF.PExpr.const 1)))))).mul
              ((((RingNF.PExpr.var 1).mul (RingNF.PExpr.var 1)).mul (RingNF.PExpr.var 1)).mul (RingNF.PExpr.const 6))) =
          RingNF.norm
            (((((((RingNF.PExpr.var 0).mul (RingNF.PExpr.var 0)).mul (RingNF.PExpr.var 1)).add
                          ((RingNF.PExpr.var 0).neg.mul ((RingNF.PExpr.var 1).mul (RingNF.PExpr.var 1)))).mul
                      (RingNF.PExpr.const 6)).add
                  ((RingNF.PExpr.const 1).mul
                    (((RingNF.PExpr.var 1).mul (RingNF.PExpr.var 1)).mul (RingNF.PExpr.var 1)))).mul
              ((((RingNF.PExpr.const 1).mul
                        ((RingNF.PExpr.var 1).mul ((RingNF.PExpr.var 1).mul (RingNF.PExpr.const 1)))).mul
                    ((RingNF.PExpr.const 2).mul ((RingNF.PExpr.var 1).mul (RingNF.PExpr.const 1)))).mul
                ((RingNF.PExpr.const 6).mul (RingNF.PExpr.var 2))))) =
      true
warning: Core/F1/Analysis/BernoulliPoly.lean:94:43: `Int.ofNat_nonneg` has been deprecated: Use `Int.natCast_nonneg` instead
error: Lean exited with code 1
⚠ [95/228] Built Core.F1.Analysis.ExpRealAdd (64s)
warning: Core/F1/Analysis/ExpRealAdd.lean:310:25: `Int.ofNat_nonneg` has been deprecated: Use `Int.natCast_nonneg` instead
⚠ [96/228] Built Core.F1.Analysis.RealDiv (48s)
warning: Core/F1/Analysis/RealDiv.lean:65:27: `Int.ofNat_nonneg` has been deprecated: Use `Int.natCast_nonneg` instead
warning: Core/F1/Analysis/RealDiv.lean:73:7: `Int.ofNat_nonneg` has been deprecated: Use `Int.natCast_nonneg` instead
warning: Core/F1/Analysis/RealDiv.lean:83:7: `Int.ofNat_nonneg` has been deprecated: Use `Int.natCast_nonneg` instead
warning: Core/F1/Analysis/RealDiv.lean:83:28: `Int.ofNat_nonneg` has been deprecated: Use `Int.natCast_nonneg` instead
✔ [97/228] Built Core.F1.Analysis.CosSinBound (28s)
✔ [98/228] Built Core.F1.Analysis.Arctan (49s)
⚠ [99/228] Built Core.F1.Analysis.ExpLog (155s)
warning: Core/F1/Analysis/ExpLog.lean:85:70: `Int.ofNat_nonneg` has been deprecated: Use `Int.natCast_nonneg` instead
warning: Core/F1/Analysis/ExpLog.lean:135:49: `Int.ofNat_nonneg` has been deprecated: Use `Int.natCast_nonneg` instead
warning: Core/F1/Analysis/ExpLog.lean:136:51: `Int.ofNat_nonneg` has been deprecated: Use `Int.natCast_nonneg` instead
warning: Core/F1/Analysis/ExpLog.lean:1303:47: This simp argument is unused:
  Int.mul_one

Hint: Omit it from the simp argument list.
  simp only [Qeq, Qsub, add, neg, Int.neg_mul, Int.m̵u̵l̵_̵o̵n̵e̵,̵ ̵I̵n̵t̵.̵zero_mul] at h ⊢

Note: This linter can be disabled with `set_option linter.unusedSimpArgs false`
warning: Core/F1/Analysis/ExpLog.lean:1499:30: This simp argument is unused:
  mul

Hint: Omit it from the simp argument list.
  simp [Qeq,̵ ̵m̵u̵l̵]

Note: This linter can be disabled with `set_option linter.unusedSimpArgs false`
warning: Core/F1/Analysis/ExpLog.lean:2394:51: `Int.ofNat_nonneg` has been deprecated: Use `Int.natCast_nonneg` instead
warning: Core/F1/Analysis/ExpLog.lean:2564:59: `Int.ofNat_nonneg` has been deprecated: Use `Int.natCast_nonneg` instead
warning: Core/F1/Analysis/ExpLog.lean:2565:80: `Int.ofNat_nonneg` has been deprecated: Use `Int.natCast_nonneg` instead
warning: Core/F1/Analysis/ExpLog.lean:2585:44: `Int.ofNat_nonneg` has been deprecated: Use `Int.natCast_nonneg` instead
warning: Core/F1/Analysis/ExpLog.lean:2596:59: `Int.ofNat_nonneg` has been deprecated: Use `Int.natCast_nonneg` instead
warning: Core/F1/Analysis/ExpLog.lean:2597:80: `Int.ofNat_nonneg` has been deprecated: Use `Int.natCast_nonneg` instead
warning: Core/F1/Analysis/ExpLog.lean:2635:105: `Int.ofNat_nonneg` has been deprecated: Use `Int.natCast_nonneg` instead
warning: Core/F1/Analysis/ExpLog.lean:2764:22: This simp argument is unused:
  mul

Hint: Omit it from the simp argument list.
  simp only [Qeq, m̵u̵l̵,̵ ̵Qsub, add, neg]

Note: This linter can be disabled with `set_option linter.unusedSimpArgs false`
warning: Core/F1/Analysis/ExpLog.lean:3132:20: `Int.ofNat_nonneg` has been deprecated: Use `Int.natCast_nonneg` instead
warning: Core/F1/Analysis/ExpLog.lean:3155:20: `Int.ofNat_nonneg` has been deprecated: Use `Int.natCast_nonneg` instead
warning: Core/F1/Analysis/ExpLog.lean:3179:52: `Int.ofNat_nonneg` has been deprecated: Use `Int.natCast_nonneg` instead
warning: Core/F1/Analysis/ExpLog.lean:3253:52: `Int.ofNat_nonneg` has been deprecated: Use `Int.natCast_nonneg` instead
warning: Core/F1/Analysis/ExpLog.lean:3370:52: `Int.ofNat_nonneg` has been deprecated: Use `Int.natCast_nonneg` instead
warning: Core/F1/Analysis/ExpLog.lean:3456:52: `Int.ofNat_nonneg` has been deprecated: Use `Int.natCast_nonneg` instead
warning: Core/F1/Analysis/ExpLog.lean:3746:96: `Int.ofNat_nonneg` has been deprecated: Use `Int.natCast_nonneg` instead
warning: Core/F1/Analysis/ExpLog.lean:3747:96: `Int.ofNat_nonneg` has been deprecated: Use `Int.natCast_nonneg` instead
warning: Core/F1/Analysis/ExpLog.lean:3995:76: `Int.ofNat_nonneg` has been deprecated: Use `Int.natCast_nonneg` instead
warning: Core/F1/Analysis/ExpLog.lean:4056:43: `Int.ofNat_nonneg` has been deprecated: Use `Int.natCast_nonneg` instead
warning: Core/F1/Analysis/ExpLog.lean:4059:43: `Int.ofNat_nonneg` has been deprecated: Use `Int.natCast_nonneg` instead
warning: Core/F1/Analysis/ExpLog.lean:4064:40: `Int.ofNat_nonneg` has been deprecated: Use `Int.natCast_nonneg` instead
warning: Core/F1/Analysis/ExpLog.lean:4060:25: This simp argument is unused:
  mul

Hint: Omit it from the simp argument list.
  simp only [Qle, add,̵ ̵m̵u̵l̵]

Note: This linter can be disabled with `set_option linter.unusedSimpArgs false`
warning: Core/F1/Analysis/ExpLog.lean:4239:32: `Int.ofNat_nonneg` has been deprecated: Use `Int.natCast_nonneg` instead
warning: Core/F1/Analysis/ExpLog.lean:4316:40: `Int.ofNat_nonneg` has been deprecated: Use `Int.natCast_nonneg` instead
warning: Core/F1/Analysis/ExpLog.lean:4320:41: `Int.ofNat_nonneg` has been deprecated: Use `Int.natCast_nonneg` instead
warning: Core/F1/Analysis/ExpLog.lean:4332:42: `Int.ofNat_nonneg` has been deprecated: Use `Int.natCast_nonneg` instead
warning: Core/F1/Analysis/ExpLog.lean:4336:42: `Int.ofNat_nonneg` has been deprecated: Use `Int.natCast_nonneg` instead
warning: Core/F1/Analysis/ExpLog.lean:4935:27: `Int.ofNat_nonneg` has been deprecated: Use `Int.natCast_nonneg` instead
warning: Core/F1/Analysis/ExpLog.lean:5056:15: This simp argument is unused:
  Qle

Hint: Omit it from the simp argument list.
  simp only ̵[̵Q̵l̵e̵]̵

Note: This linter can be disabled with `set_option linter.unusedSimpArgs false`
warning: Core/F1/Analysis/ExpLog.lean:5097:15: This simp argument is unused:
  Qle

Hint: Omit it from the simp argument list.
  simp only ̵[̵Q̵l̵e̵]̵

Note: This linter can be disabled with `set_option linter.unusedSimpArgs false`
✔ [100/228] Built Core.F1.Analysis.ComplexMod (223s)
✔ [101/228] Built Core.F1.Analysis.RArctan (223s)
⚠ [102/228] Built Core.F1.Analysis.RlimProps (229s)
warning: Core/F1/Analysis/RlimProps.lean:247:50: `Int.ofNat_nonneg` has been deprecated: Use `Int.natCast_nonneg` instead
warning: Core/F1/Analysis/RlimProps.lean:249:51: `Int.ofNat_nonneg` has been deprecated: Use `Int.natCast_nonneg` instead
✔ [103/228] Built Core.F1.Analysis.ComplexPow (58s)
✔ [104/228] Built Core.F1.Analysis.ComplexInv (63s)
✔ [105/228] Built Core.F1.Analysis.RexpLogRat (64s)
⚠ [106/228] Built Core.F1.Analysis.Pi (164s)
warning: Core/F1/Analysis/Pi.lean:459:20: `Int.ofNat_nonneg` has been deprecated: Use `Int.natCast_nonneg` instead
✔ [107/228] Built Core.F1.Analysis.ComplexXi (24s)
✔ [108/228] Built Core.F1.Analysis.ComplexArg (31s)
✔ [109/228] Built Core.F1.Analysis.EulerMaclaurin (32s)
✔ [110/228] Built Core.F1.Analysis.Euler (31s)
✔ [111/228] Built Core.F1.Analysis.RSum (14s)
✔ [112/228] Built Core.F1.Analysis.EtaFunction (13s)
⚠ [113/228] Built Core.F1.Analysis.GammaAccel (30s)
warning: Core/F1/Analysis/GammaAccel.lean:243:17: This simp argument is unused:
  Nat.mul_assoc

Hint: Omit it from the simp argument list.
  simp only [̵N̵a̵t̵.̵m̵u̵l̵_̵a̵s̵s̵o̵c̵,̵ ̵N̵a̵t̵.̵m̵u̵l̵_̵c̵o̵m̵m̵,̵[̲N̲a̲t̲.̲m̲u̲l̲_̲c̲o̲m̲m̲,̲ Nat.mul_left_comm]

Note: This linter can be disabled with `set_option linter.unusedSimpArgs false`
warning: Core/F1/Analysis/GammaAccel.lean:243:32: This simp argument is unused:
  Nat.mul_comm

Hint: Omit it from the simp argument list.
  simp only [Nat.mul_assoc, N̵a̵t̵.̵m̵u̵l̵_̵c̵o̵m̵m̵,̵ ̵Nat.mul_left_comm]

Note: This linter can be disabled with `set_option linter.unusedSimpArgs false`
warning: Core/F1/Analysis/GammaAccel.lean:714:15: This simp argument is unused:
  npow_succ

Hint: Omit it from the simp argument list.
  simp only [̵n̵p̵o̵w̵_̵s̵u̵c̵c̵,̵ ̵n̵p̵o̵w̵,̵[̲n̲p̲o̲w̲,̲ Nat.mul_one]

Note: This linter can be disabled with `set_option linter.unusedSimpArgs false`
warning: Core/F1/Analysis/GammaAccel.lean:820:41: `Int.ofNat_nonneg` has been deprecated: Use `Int.natCast_nonneg` instead
warning: Core/F1/Analysis/GammaAccel.lean:829:60: `Int.ofNat_nonneg` has been deprecated: Use `Int.natCast_nonneg` instead
warning: Core/F1/Analysis/GammaAccel.lean:842:62: `Int.ofNat_nonneg` has been deprecated: Use `Int.natCast_nonneg` instead
warning: Core/F1/Analysis/GammaAccel.lean:888:60: `Int.ofNat_nonneg` has been deprecated: Use `Int.natCast_nonneg` instead
warning: Core/F1/Analysis/GammaAccel.lean:906:56: `Int.ofNat_nonneg` has been deprecated: Use `Int.natCast_nonneg` instead
warning: Core/F1/Analysis/GammaAccel.lean:936:48: `Int.ofNat_nonneg` has been deprecated: Use `Int.natCast_nonneg` instead
✔ [114/228] Built Core.F1.Analysis.LambdaOne (6.1s)
✔ [115/228] Built Core.F1.Analysis.GammaUpper (11s)
⚠ [116/228] Built Core.F1.Analysis.RealPow (89s)
warning: Core/F1/Analysis/RealPow.lean:541:53: `Int.ofNat_nonneg` has been deprecated: Use `Int.natCast_nonneg` instead
warning: Core/F1/Analysis/RealPow.lean:562:14: `Int.ofNat_nonneg` has been deprecated: Use `Int.natCast_nonneg` instead
warning: Core/F1/Analysis/RealPow.lean:582:16: `Int.ofNat_nonneg` has been deprecated: Use `Int.natCast_nonneg` instead
warning: Core/F1/Analysis/RealPow.lean:762:41: `Int.ofNat_nonneg` has been deprecated: Use `Int.natCast_nonneg` instead
warning: Core/F1/Analysis/RealPow.lean:975:40: `Int.ofNat_nonneg` has been deprecated: Use `Int.natCast_nonneg` instead
warning: Core/F1/Analysis/RealPow.lean:1234:69: This simp argument is unused:
  if_neg

Hint: Omit it from the simp argument list.
  simp only [if_pos, i̵f̵_̵n̵e̵g̵,̵ ̵h]

Note: This linter can be disabled with `set_option linter.unusedSimpArgs false`
warning: Core/F1/Analysis/RealPow.lean:1261:66: This simp argument is unused:
  if_neg

Hint: Omit it from the simp argument list.
  simp only [if_pos, i̵f̵_̵n̵e̵g̵,̵ ̵h]

Note: This linter can be disabled with `set_option linter.unusedSimpArgs false`
warning: Core/F1/Analysis/RealPow.lean:1357:73: This simp argument is unused:
  if_neg

Hint: Omit it from the simp argument list.
  simp only [if_pos, i̵f̵_̵n̵e̵g̵,̵ ̵h]

Note: This linter can be disabled with `set_option linter.unusedSimpArgs false`
warning: Core/F1/Analysis/RealPow.lean:2163:40: `Int.ofNat_nonneg` has been deprecated: Use `Int.natCast_nonneg` instead
warning: Core/F1/Analysis/RealPow.lean:2323:43: `Int.ofNat_nonneg` has been deprecated: Use `Int.natCast_nonneg` instead
warning: Core/F1/Analysis/RealPow.lean:2328:43: `Int.ofNat_nonneg` has been deprecated: Use `Int.natCast_nonneg` instead
warning: Core/F1/Analysis/RealPow.lean:3121:13: This simp argument is unused:
  Rsub

Hint: Omit it from the simp argument list.
  simp only [Rs̵u̵b̵,̵ ̵R̵add, Rneg, Qeq, add, neg]

Note: This linter can be disabled with `set_option linter.unusedSimpArgs false`
warning: Core/F1/Analysis/RealPow.lean:3121:25: This simp argument is unused:
  Rneg

Hint: Omit it from the simp argument list.
  simp only [Rsub, Radd, R̵n̵e̵g̵,̵ ̵Qeq, add, neg]

Note: This linter can be disabled with `set_option linter.unusedSimpArgs false`
warning: Core/F1/Analysis/RealPow.lean:3121:41: This simp argument is unused:
  neg

Hint: Omit it from the simp argument list.
  simp only [Rsub, Radd, Rneg, Qeq, add,̵ ̵n̵e̵g̵]

Note: This linter can be disabled with `set_option linter.unusedSimpArgs false`
✔ [117/228] Built Core.F1.Analysis.RArctanCongr (45s)
⚠ [118/228] Built Core.F1.Analysis.PsiQuarter (56s)
warning: Core/F1/Analysis/PsiQuarter.lean:273:55: `Int.ofNat_nonneg` has been deprecated: Use `Int.natCast_nonneg` instead
✖ [119/228] Building Core.F1.Analysis.ZetaTwo (57s)
trace: .> LEAN_PATH=/home/multiplicity/Multiplicity/PhaseMirror/Prime/lean/.lake/packages/std/.lake/build/lib/lean:/home/multiplicity/Multiplicity/PhaseMirror/Prime/lean/.lake/build/lib/lean /home/multiplicity/.elan/toolchains/leanprover--lean4---v4.32.0/bin/lean /home/multiplicity/Multiplicity/PhaseMirror/Prime/lean/Core/F1/Analysis/ZetaTwo.lean -o /home/multiplicity/Multiplicity/PhaseMirror/Prime/lean/.lake/build/lib/lean/Core/F1/Analysis/ZetaTwo.olean -i /home/multiplicity/Multiplicity/PhaseMirror/Prime/lean/.lake/build/lib/lean/Core/F1/Analysis/ZetaTwo.ilean -c /home/multiplicity/Multiplicity/PhaseMirror/Prime/lean/.lake/build/ir/Core/F1/Analysis/ZetaTwo.c --setup /home/multiplicity/Multiplicity/PhaseMirror/Prime/lean/.lake/build/ir/Core/F1/Analysis/ZetaTwo.setup.json --json
warning: Core/F1/Analysis/ZetaTwo.lean:67:37: `Int.ofNat_nonneg` has been deprecated: Use `Int.natCast_nonneg` instead
error: Core/F1/Analysis/ZetaTwo.lean:68:2: omega could not prove the goal:
a possible counterexample may satisfy the constraints
  c - d ≥ 1
  b ≥ 0
  a ≥ 0
where
 a := ↑(m + 2) * ↑(m + 2)
 b := ↑m
 c := (↑m + 1 + 1) * (↑m + 1 + 1)
 d := (↑m + 1 + 1) * (↑m + 1 + 1 + 1)
error: Core/F1/Analysis/ZetaTwo.lean:128:4: omega could not prove the goal:
a possible counterexample may satisfy the constraints
  d - 2*f ≥ 1
  c ≥ 0
  b ≥ 0
  a ≥ 0
  a - b ≥ 0
where
 a := ↑N
 b := ↑n
 c := (↑n + 1) * (↑N + 1 - ↑n)
 d := (1 * (↑N + 1 + 1) + 1 * (↑n + 1)) * (↑n + 1)
 f := (↑n + 1) * (↑N + 1 + 1)
error: Lean exited with code 1
✖ [120/228] Building Core.F1.Analysis.CosSinAddFormula (123s)
trace: .> LEAN_PATH=/home/multiplicity/Multiplicity/PhaseMirror/Prime/lean/.lake/packages/std/.lake/build/lib/lean:/home/multiplicity/Multiplicity/PhaseMirror/Prime/lean/.lake/build/lib/lean /home/multiplicity/.elan/toolchains/leanprover--lean4---v4.32.0/bin/lean /home/multiplicity/Multiplicity/PhaseMirror/Prime/lean/Core/F1/Analysis/CosSinAddFormula.lean -o /home/multiplicity/Multiplicity/PhaseMirror/Prime/lean/.lake/build/lib/lean/Core/F1/Analysis/CosSinAddFormula.olean -i /home/multiplicity/Multiplicity/PhaseMirror/Prime/lean/.lake/build/lib/lean/Core/F1/Analysis/CosSinAddFormula.ilean -c /home/multiplicity/Multiplicity/PhaseMirror/Prime/lean/.lake/build/ir/Core/F1/Analysis/CosSinAddFormula.c --setup /home/multiplicity/Multiplicity/PhaseMirror/Prime/lean/.lake/build/ir/Core/F1/Analysis/CosSinAddFormula.setup.json --json
warning: Core/F1/Analysis/CosSinAddFormula.lean:415:62: `Int.ofNat_nonneg` has been deprecated: Use `Int.natCast_nonneg` instead
error: Core/F1/Analysis/CosSinAddFormula.lean:487:50: Expected type must not contain free variables
  Qeq (mul { num := 1, den := 1 } { num := 1, den := fct (2 * 0 + 0) })
    (mul (mul { num := 1, den := 1 } { num := 1, den := fct (2 * 0 + 0) })
      (mul (qpow (neg (mul b b)) (0 - 0)) { num := 1, den := fct (2 * (0 - 0) + 0) }))

Hint: Use the `+revert` option to automatically clean up and revert free variables
warning: Core/F1/Analysis/CosSinAddFormula.lean:786:29: `Int.ofNat_nonneg` has been deprecated: Use `Int.natCast_nonneg` instead
warning: Core/F1/Analysis/CosSinAddFormula.lean:789:29: `Int.ofNat_nonneg` has been deprecated: Use `Int.natCast_nonneg` instead
warning: Core/F1/Analysis/CosSinAddFormula.lean:809:9: `Int.ofNat_nonneg` has been deprecated: Use `Int.natCast_nonneg` instead
warning: Core/F1/Analysis/CosSinAddFormula.lean:812:9: `Int.ofNat_nonneg` has been deprecated: Use `Int.natCast_nonneg` instead
warning: Core/F1/Analysis/CosSinAddFormula.lean:813:42: This simp argument is unused:
  Qbound

Hint: Omit it from the simp argument list.
  simp only [Qeq, add, mul,̵ ̵Q̵b̵o̵u̵n̵d̵]

Note: This linter can be disabled with `set_option linter.unusedSimpArgs false`
warning: Core/F1/Analysis/CosSinAddFormula.lean:843:29: `Int.ofNat_nonneg` has been deprecated: Use `Int.natCast_nonneg` instead
warning: Core/F1/Analysis/CosSinAddFormula.lean:847:29: `Int.ofNat_nonneg` has been deprecated: Use `Int.natCast_nonneg` instead
warning: Core/F1/Analysis/CosSinAddFormula.lean:933:29: `Int.ofNat_nonneg` has been deprecated: Use `Int.natCast_nonneg` instead
warning: Core/F1/Analysis/CosSinAddFormula.lean:936:29: `Int.ofNat_nonneg` has been deprecated: Use `Int.natCast_nonneg` instead
warning: Core/F1/Analysis/CosSinAddFormula.lean:992:25: `Int.ofNat_nonneg` has been deprecated: Use `Int.natCast_nonneg` instead
warning: Core/F1/Analysis/CosSinAddFormula.lean:1041:29: `Int.ofNat_nonneg` has been deprecated: Use `Int.natCast_nonneg` instead
warning: Core/F1/Analysis/CosSinAddFormula.lean:1043:29: `Int.ofNat_nonneg` has been deprecated: Use `Int.natCast_nonneg` instead
warning: Core/F1/Analysis/CosSinAddFormula.lean:1106:29: `Int.ofNat_nonneg` has been deprecated: Use `Int.natCast_nonneg` instead
warning: Core/F1/Analysis/CosSinAddFormula.lean:1108:29: `Int.ofNat_nonneg` has been deprecated: Use `Int.natCast_nonneg` instead
warning: Core/F1/Analysis/CosSinAddFormula.lean:1184:29: `Int.ofNat_nonneg` has been deprecated: Use `Int.natCast_nonneg` instead
warning: Core/F1/Analysis/CosSinAddFormula.lean:1187:29: `Int.ofNat_nonneg` has been deprecated: Use `Int.natCast_nonneg` instead
warning: Core/F1/Analysis/CosSinAddFormula.lean:1302:35: `Int.ofNat_nonneg` has been deprecated: Use `Int.natCast_nonneg` instead
warning: Core/F1/Analysis/CosSinAddFormula.lean:1302:56: `Int.ofNat_nonneg` has been deprecated: Use `Int.natCast_nonneg` instead
warning: Core/F1/Analysis/CosSinAddFormula.lean:1704:62: `Int.ofNat_nonneg` has been deprecated: Use `Int.natCast_nonneg` instead
warning: Core/F1/Analysis/CosSinAddFormula.lean:1913:77: `Int.ofNat_nonneg` has been deprecated: Use `Int.natCast_nonneg` instead
warning: Core/F1/Analysis/CosSinAddFormula.lean:1977:31: `Int.ofNat_nonneg` has been deprecated: Use `Int.natCast_nonneg` instead
warning: Core/F1/Analysis/CosSinAddFormula.lean:1979:31: `Int.ofNat_nonneg` has been deprecated: Use `Int.natCast_nonneg` instead
warning: Core/F1/Analysis/CosSinAddFormula.lean:2001:29: `Int.ofNat_nonneg` has been deprecated: Use `Int.natCast_nonneg` instead
warning: Core/F1/Analysis/CosSinAddFormula.lean:2004:58: `Int.ofNat_nonneg` has been deprecated: Use `Int.natCast_nonneg` instead
warning: Core/F1/Analysis/CosSinAddFormula.lean:2054:31: `Int.ofNat_nonneg` has been deprecated: Use `Int.natCast_nonneg` instead
warning: Core/F1/Analysis/CosSinAddFormula.lean:2056:31: `Int.ofNat_nonneg` has been deprecated: Use `Int.natCast_nonneg` instead
warning: Core/F1/Analysis/CosSinAddFormula.lean:2076:58: `Int.ofNat_nonneg` has been deprecated: Use `Int.natCast_nonneg` instead
warning: Core/F1/Analysis/CosSinAddFormula.lean:2078:29: `Int.ofNat_nonneg` has been deprecated: Use `Int.natCast_nonneg` instead
warning: Core/F1/Analysis/CosSinAddFormula.lean:2108:29: `Int.ofNat_nonneg` has been deprecated: Use `Int.natCast_nonneg` instead
warning: Core/F1/Analysis/CosSinAddFormula.lean:2110:29: `Int.ofNat_nonneg` has been deprecated: Use `Int.natCast_nonneg` instead
warning: Core/F1/Analysis/CosSinAddFormula.lean:2169:31: `Int.ofNat_nonneg` has been deprecated: Use `Int.natCast_nonneg` instead
warning: Core/F1/Analysis/CosSinAddFormula.lean:2171:31: `Int.ofNat_nonneg` has been deprecated: Use `Int.natCast_nonneg` instead
warning: Core/F1/Analysis/CosSinAddFormula.lean:2185:29: `Int.ofNat_nonneg` has been deprecated: Use `Int.natCast_nonneg` instead
warning: Core/F1/Analysis/CosSinAddFormula.lean:2187:58: `Int.ofNat_nonneg` has been deprecated: Use `Int.natCast_nonneg` instead
warning: Core/F1/Analysis/CosSinAddFormula.lean:2247:31: `Int.ofNat_nonneg` has been deprecated: Use `Int.natCast_nonneg` instead
warning: Core/F1/Analysis/CosSinAddFormula.lean:2249:31: `Int.ofNat_nonneg` has been deprecated: Use `Int.natCast_nonneg` instead
warning: Core/F1/Analysis/CosSinAddFormula.lean:2262:58: `Int.ofNat_nonneg` has been deprecated: Use `Int.natCast_nonneg` instead
warning: Core/F1/Analysis/CosSinAddFormula.lean:2264:29: `Int.ofNat_nonneg` has been deprecated: Use `Int.natCast_nonneg` instead
warning: Core/F1/Analysis/CosSinAddFormula.lean:2308:58: `Int.ofNat_nonneg` has been deprecated: Use `Int.natCast_nonneg` instead
warning: Core/F1/Analysis/CosSinAddFormula.lean:2525:25: `Int.ofNat_nonneg` has been deprecated: Use `Int.natCast_nonneg` instead
warning: Core/F1/Analysis/CosSinAddFormula.lean:2542:71: `Int.ofNat_nonneg` has been deprecated: Use `Int.natCast_nonneg` instead
error: Lean exited with code 1
✔ [121/228] Built Core.F1.Analysis.RAddNF (356s)
✔ [122/228] Built Core.F1.Analysis.ZeroGeometry (368s)
✖ [123/228] Building Core.F1.Analysis.RMax (358s)
trace: .> LEAN_PATH=/home/multiplicity/Multiplicity/PhaseMirror/Prime/lean/.lake/packages/std/.lake/build/lib/lean:/home/multiplicity/Multiplicity/PhaseMirror/Prime/lean/.lake/build/lib/lean /home/multiplicity/.elan/toolchains/leanprover--lean4---v4.32.0/bin/lean /home/multiplicity/Multiplicity/PhaseMirror/Prime/lean/Core/F1/Analysis/RMax.lean -o /home/multiplicity/Multiplicity/PhaseMirror/Prime/lean/.lake/build/lib/lean/Core/F1/Analysis/RMax.olean -i /home/multiplicity/Multiplicity/PhaseMirror/Prime/lean/.lake/build/lib/lean/Core/F1/Analysis/RMax.ilean -c /home/multiplicity/Multiplicity/PhaseMirror/Prime/lean/.lake/build/ir/Core/F1/Analysis/RMax.c --setup /home/multiplicity/Multiplicity/PhaseMirror/Prime/lean/.lake/build/ir/Core/F1/Analysis/RMax.setup.json --json
error: Core/F1/Analysis/RMax.lean:32:22: Unknown constant `Int.natAbs_ofNat`
error: Core/F1/Analysis/RMax.lean:31:77: unsolved goals
z : Int
d : Nat
⊢ ↑z.natAbs * ↑d = ↑(z.natAbs * (↑d).natAbs)
warning: Core/F1/Analysis/RMax.lean:50:57: `Int.ofNat_nonneg` has been deprecated: Use `Int.natCast_nonneg` instead
warning: Core/F1/Analysis/RMax.lean:78:20: `Int.ofNat_nonneg` has been deprecated: Use `Int.natCast_nonneg` instead
warning: Core/F1/Analysis/RMax.lean:78:41: `Int.ofNat_nonneg` has been deprecated: Use `Int.natCast_nonneg` instead
warning: Core/F1/Analysis/RMax.lean:79:49: `Int.ofNat_nonneg` has been deprecated: Use `Int.natCast_nonneg` instead
warning: Core/F1/Analysis/RMax.lean:112:44: `Int.ofNat_nonneg` has been deprecated: Use `Int.natCast_nonneg` instead
warning: Core/F1/Analysis/RMax.lean:161:65: `Int.ofNat_nonneg` has been deprecated: Use `Int.natCast_nonneg` instead
warning: Core/F1/Analysis/RMax.lean:226:64: `Int.ofNat_nonneg` has been deprecated: Use `Int.natCast_nonneg` instead
error: Lean exited with code 1
✔ [124/228] Built Core.F1.Analysis.RMulNF (356s)
⚠ [128/228] Built Core.F1.Analysis.LiOne (67s)
warning: Core/F1/Analysis/LiOne.lean:121:25: This simp argument is unused:
  if_pos rfl

Hint: Omit it from the simp argument list.
  simp only [liLamSeq,̵ ̵i̵f̵_̵p̵o̵s̵ ̵r̵f̵l̵]

Note: This linter can be disabled with `set_option linter.unusedSimpArgs false`
✔ [129/228] Built Core.F1.Analysis.Mangoldt (81s)
✔ [130/228] Built Core.F1.Analysis.ComplexZeta (135s)
✔ [133/228] Built Core.F1.Analysis.Reflection (109s)
✔ [134/228] Built Core.F1.Analysis.ComplexLog (124s)
✔ [135/228] Built Core.F1.Analysis.LogPiLower (125s)
✔ [136/228] Built Core.F1.Analysis.LiGrowth (57s)
✔ [137/228] Built Core.F1.Analysis.CayleyMap (20s)
✔ [138/228] Built Core.F1.Analysis.Weil (27s)
⚠ [139/228] Built Core.F1.Analysis.Gamma (64s)
warning: Core/F1/Analysis/Gamma.lean:66:53: `Int.ofNat_nonneg` has been deprecated: Use `Int.natCast_nonneg` instead
warning: Core/F1/Analysis/Gamma.lean:110:64: `Int.ofNat_nonneg` has been deprecated: Use `Int.natCast_nonneg` instead
warning: Core/F1/Analysis/Gamma.lean:412:61: `Int.ofNat_nonneg` has been deprecated: Use `Int.natCast_nonneg` instead
warning: Core/F1/Analysis/Gamma.lean:849:70: `Int.ofNat_nonneg` has been deprecated: Use `Int.natCast_nonneg` instead
warning: Core/F1/Analysis/Gamma.lean:853:31: `Int.ofNat_nonneg` has been deprecated: Use `Int.natCast_nonneg` instead
warning: Core/F1/Analysis/Gamma.lean:888:50: `Int.ofNat_nonneg` has been deprecated: Use `Int.natCast_nonneg` instead
warning: Core/F1/Analysis/Gamma.lean:888:72: `Int.ofNat_nonneg` has been deprecated: Use `Int.natCast_nonneg` instead
warning: Core/F1/Analysis/Gamma.lean:890:54: `Int.ofNat_nonneg` has been deprecated: Use `Int.natCast_nonneg` instead
warning: Core/F1/Analysis/Gamma.lean:957:63: `Int.ofNat_nonneg` has been deprecated: Use `Int.natCast_nonneg` instead
warning: Core/F1/Analysis/Gamma.lean:1029:43: `Int.ofNat_nonneg` has been deprecated: Use `Int.natCast_nonneg` instead
warning: Core/F1/Analysis/Gamma.lean:1060:19: `Int.ofNat_nonneg` has been deprecated: Use `Int.natCast_nonneg` instead
warning: Core/F1/Analysis/Gamma.lean:1068:34: `Int.ofNat_nonneg` has been deprecated: Use `Int.natCast_nonneg` instead
warning: Core/F1/Analysis/Gamma.lean:1129:14: `Int.ofNat_nonneg` has been deprecated: Use `Int.natCast_nonneg` instead
warning: Core/F1/Analysis/Gamma.lean:1137:16: `Int.ofNat_nonneg` has been deprecated: Use `Int.natCast_nonneg` instead
warning: Core/F1/Analysis/Gamma.lean:1182:15: `Int.ofNat_nonneg` has been deprecated: Use `Int.natCast_nonneg` instead
warning: Core/F1/Analysis/Gamma.lean:1183:15: `Int.ofNat_nonneg` has been deprecated: Use `Int.natCast_nonneg` instead
warning: Core/F1/Analysis/Gamma.lean:1187:15: `Int.ofNat_nonneg` has been deprecated: Use `Int.natCast_nonneg` instead
warning: Core/F1/Analysis/Gamma.lean:1188:15: `Int.ofNat_nonneg` has been deprecated: Use `Int.natCast_nonneg` instead
✖ [140/228] Building Core.F1.Analysis.GammaOne (73s)
trace: .> LEAN_PATH=/home/multiplicity/Multiplicity/PhaseMirror/Prime/lean/.lake/packages/std/.lake/build/lib/lean:/home/multiplicity/Multiplicity/PhaseMirror/Prime/lean/.lake/build/lib/lean /home/multiplicity/.elan/toolchains/leanprover--lean4---v4.32.0/bin/lean /home/multiplicity/Multiplicity/PhaseMirror/Prime/lean/Core/F1/Analysis/GammaOne.lean -o /home/multiplicity/Multiplicity/PhaseMirror/Prime/lean/.lake/build/lib/lean/Core/F1/Analysis/GammaOne.olean -i /home/multiplicity/Multiplicity/PhaseMirror/Prime/lean/.lake/build/lib/lean/Core/F1/Analysis/GammaOne.ilean -c /home/multiplicity/Multiplicity/PhaseMirror/Prime/lean/.lake/build/ir/Core/F1/Analysis/GammaOne.c --setup /home/multiplicity/Multiplicity/PhaseMirror/Prime/lean/.lake/build/ir/Core/F1/Analysis/GammaOne.setup.json --json
warning: Core/F1/Analysis/GammaOne.lean:266:30: `Int.ofNat_nonneg` has been deprecated: Use `Int.natCast_nonneg` instead
warning: Core/F1/Analysis/GammaOne.lean:266:51: `Int.ofNat_nonneg` has been deprecated: Use `Int.natCast_nonneg` instead
warning: Core/F1/Analysis/GammaOne.lean:516:47: `Int.ofNat_nonneg` has been deprecated: Use `Int.natCast_nonneg` instead
warning: Core/F1/Analysis/GammaOne.lean:516:69: `Int.ofNat_nonneg` has been deprecated: Use `Int.natCast_nonneg` instead
warning: Core/F1/Analysis/GammaOne.lean:518:73: `Int.ofNat_nonneg` has been deprecated: Use `Int.natCast_nonneg` instead
warning: Core/F1/Analysis/GammaOne.lean:519:54: `Int.ofNat_nonneg` has been deprecated: Use `Int.natCast_nonneg` instead
warning: Core/F1/Analysis/GammaOne.lean:772:37: `Int.ofNat_nonneg` has been deprecated: Use `Int.natCast_nonneg` instead
warning: Core/F1/Analysis/GammaOne.lean:834:30: `Int.ofNat_nonneg` has been deprecated: Use `Int.natCast_nonneg` instead
warning: Core/F1/Analysis/GammaOne.lean:936:37: `Int.ofNat_nonneg` has been deprecated: Use `Int.natCast_nonneg` instead
warning: Core/F1/Analysis/GammaOne.lean:962:49: `Int.ofNat_nonneg` has been deprecated: Use `Int.natCast_nonneg` instead
warning: Core/F1/Analysis/GammaOne.lean:1076:37: `Int.ofNat_nonneg` has been deprecated: Use `Int.natCast_nonneg` instead
warning: Core/F1/Analysis/GammaOne.lean:1105:37: `Int.ofNat_nonneg` has been deprecated: Use `Int.natCast_nonneg` instead
error: Core/F1/Analysis/GammaOne.lean:1120:2: omega could not prove the goal:
a possible counterexample may satisfy the constraints
  a - b ≥ 0
  a - c ≤ -1
where
 a := 2 ^ (2 * j + 8)
 b := (↑j + 1) * (4 * ↑j + 1 + 1 + 1 + 1 + 1 + 1 + 1 + 1 + 1 + 1 + 1 + 1 + 1 + 1 + 1 + 1 + 1 + 1 + 1 + 1 + 1 + 1)
 c := (2 * (2 * ↑j + 1 + 1 + 1 + 1 + 1 + 1 + 1 + 1) + 6) * (↑j + 1)
error: Lean exited with code 1
✔ [215/228] Built Core.F1.Analysis.RiemannSiegel (26s)
✔ [216/228] Built Core.F1.Analysis.RHWitness (69s)
✔ [218/228] Built Core.F1.Analysis.BurnolAlpha (26s)
✔ [223/228] Built Core.F1.Analysis.OffLineGrowth (11s)
✔ [224/228] Built Core.F1.Analysis.LiLinearize (11s)
✖ [225/228] Building Core.F1.Analysis.PsiLine (22s)
trace: .> LEAN_PATH=/home/multiplicity/Multiplicity/PhaseMirror/Prime/lean/.lake/packages/std/.lake/build/lib/lean:/home/multiplicity/Multiplicity/PhaseMirror/Prime/lean/.lake/build/lib/lean /home/multiplicity/.elan/toolchains/leanprover--lean4---v4.32.0/bin/lean /home/multiplicity/Multiplicity/PhaseMirror/Prime/lean/Core/F1/Analysis/PsiLine.lean -o /home/multiplicity/Multiplicity/PhaseMirror/Prime/lean/.lake/build/lib/lean/Core/F1/Analysis/PsiLine.olean -i /home/multiplicity/Multiplicity/PhaseMirror/Prime/lean/.lake/build/lib/lean/Core/F1/Analysis/PsiLine.ilean -c /home/multiplicity/Multiplicity/PhaseMirror/Prime/lean/.lake/build/ir/Core/F1/Analysis/PsiLine.c --setup /home/multiplicity/Multiplicity/PhaseMirror/Prime/lean/.lake/build/ir/Core/F1/Analysis/PsiLine.setup.json --json
error: Core/F1/Analysis/PsiLine.lean:74:2: Tactic `simp` failed with a nested error:
maximum recursion depth has been reached
use `set_option maxRecDepth <num>` to increase limit
use `set_option diagnostics true` to get diagnostic information
error: Core/F1/Analysis/PsiLine.lean:219:68: Tactic `simp` failed with a nested error:
maximum recursion depth has been reached
use `set_option maxRecDepth <num>` to increase limit
use `set_option diagnostics true` to get diagnostic information
error: Core/F1/Analysis/PsiLine.lean:248:2: Tactic `simp` failed with a nested error:
maximum recursion depth has been reached
use `set_option maxRecDepth <num>` to increase limit
use `set_option diagnostics true` to get diagnostic information
error: Core/F1/Analysis/PsiLine.lean:308:2: Tactic `simp` failed with a nested error:
maximum recursion depth has been reached
use `set_option maxRecDepth <num>` to increase limit
use `set_option diagnostics true` to get diagnostic information
error: Core/F1/Analysis/PsiLine.lean:504:2: Tactic `simp` failed with a nested error:
maximum recursion depth has been reached
use `set_option maxRecDepth <num>` to increase limit
use `set_option diagnostics true` to get diagnostic information
error: Core/F1/Analysis/PsiLine.lean:559:34: Type mismatch: After simplification, term
  this
 has type
  0 ≤ -a * -a
but is expected to have type
  0 ≤ a * a
error: Core/F1/Analysis/PsiLine.lean:584:6: Tactic `rewrite` failed: Did not find an occurrence of the pattern
  (16 * ((4 * (↑n + 1) + 1) * (4 * (↑n + 1) + 1) + 16) + -16 * ((4 * ↑n + 1) * (4 * ↑n + 1) + 16)) *
    ((4 * ↑n + 1) * ((4 * ↑n + 1) * (4 * ↑n + 1) * 1 + 16))
in the target expression
  64 *
      (((4 * ↑n + 1) * (4 * ↑n + 1) + 1 + 1 + 1 + 1 + 1 + 1 + 1 + 1 + 1 + 1 + 1 + 1 + 1 + 1 + 1 + 1) *
        ((4 * (↑n + 1) + 1) * (4 * (↑n + 1) + 1) + 1 + 1 + 1 + 1 + 1 + 1 + 1 + 1 + 1 + 1 + 1 + 1 + 1 + 1 + 1 + 1)) ≤
    (16 * ((4 * (↑n + 1) + 1) * (4 * (↑n + 1) + 1) + 1 + 1 + 1 + 1 + 1 + 1 + 1 + 1 + 1 + 1 + 1 + 1 + 1 + 1 + 1 + 1) +
        -16 * ((4 * ↑n + 1) * (4 * ↑n + 1) + 1 + 1 + 1 + 1 + 1 + 1 + 1 + 1 + 1 + 1 + 1 + 1 + 1 + 1 + 1 + 1)) *
      ((4 * ↑n + 1) * ((4 * ↑n + 1) * (4 * ↑n + 1) * 1 + 1 + 1 + 1 + 1 + 1 + 1 + 1 + 1 + 1 + 1 + 1 + 1 + 1 + 1 + 1 + 1))

n : Nat
hn : 2 ≤ n
key :
  (16 * ((4 * (↑n + 1) + 1) * (4 * (↑n + 1) + 1) + 16) + -16 * ((4 * ↑n + 1) * (4 * ↑n + 1) + 16)) *
      ((4 * ↑n + 1) * ((4 * ↑n + 1) * (4 * ↑n + 1) * 1 + 16)) =
    64 * (((4 * ↑n + 1) * (4 * ↑n + 1) + 16) * ((4 * (↑n + 1) + 1) * (4 * (↑n + 1) + 1) + 16)) +
      64 * ((4 * ↑n + 1) * (4 * ↑n + 1) + 16) * (16 * ↑n * ↑n - 8 * ↑n - 35)
⊢ 64 *
      (((4 * ↑n + 1) * (4 * ↑n + 1) + 1 + 1 + 1 + 1 + 1 + 1 + 1 + 1 + 1 + 1 + 1 + 1 + 1 + 1 + 1 + 1) *
        ((4 * (↑n + 1) + 1) * (4 * (↑n + 1) + 1) + 1 + 1 + 1 + 1 + 1 + 1 + 1 + 1 + 1 + 1 + 1 + 1 + 1 + 1 + 1 + 1)) ≤
    (16 * ((4 * (↑n + 1) + 1) * (4 * (↑n + 1) + 1) + 1 + 1 + 1 + 1 + 1 + 1 + 1 + 1 + 1 + 1 + 1 + 1 + 1 + 1 + 1 + 1) +
        -16 * ((4 * ↑n + 1) * (4 * ↑n + 1) + 1 + 1 + 1 + 1 + 1 + 1 + 1 + 1 + 1 + 1 + 1 + 1 + 1 + 1 + 1 + 1)) *
      ((4 * ↑n + 1) * ((4 * ↑n + 1) * (4 * ↑n + 1) * 1 + 1 + 1 + 1 + 1 + 1 + 1 + 1 + 1 + 1 + 1 + 1 + 1 + 1 + 1 + 1 + 1))
error: Lean exited with code 1
Some required targets logged failures:
- Core.F1.Governance.DriftAudit
- Core.F1.Governance.CruxIntegration
- job computation
- Core.F1Square
- Core.F1.Tropical.PIRTMBridge
- Core.F1.Square.Monoid
- Core.MOC
- Core.PIRTM
- Core.F1.Square.DeitmarTest
- Core.F1.Analysis.BernoulliPoly
- Core.F1.Analysis.ZetaTwo
- Core.F1.Analysis.CosSinAddFormula
- Core.F1.Analysis.RMax
- Core.F1.Analysis.GammaOne
- Core.F1.Analysis.PsiLine
error: build failed
