warning: std: repository '/home/multiplicity/Multiplicity/PhaseMirror/Prime/lean/.lake/packages/std' has local changes
✖ [7/8] Building Core.F1.ConstructiveAnalysis.Finset (791ms)
trace: .> LEAN_PATH=/home/multiplicity/Multiplicity/PhaseMirror/Prime/lean/.lake/packages/std/.lake/build/lib/lean:/home/multiplicity/Multiplicity/PhaseMirror/Prime/lean/.lake/build/lib/lean /home/multiplicity/.elan/toolchains/leanprover--lean4---v4.32.0/bin/lean /home/multiplicity/Multiplicity/PhaseMirror/Prime/lean/Core/F1/ConstructiveAnalysis/Finset.lean -o /home/multiplicity/Multiplicity/PhaseMirror/Prime/lean/.lake/build/lib/lean/Core/F1/ConstructiveAnalysis/Finset.olean -i /home/multiplicity/Multiplicity/PhaseMirror/Prime/lean/.lake/build/lib/lean/Core/F1/ConstructiveAnalysis/Finset.ilean -c /home/multiplicity/Multiplicity/PhaseMirror/Prime/lean/.lake/build/ir/Core/F1/ConstructiveAnalysis/Finset.c --setup /home/multiplicity/Multiplicity/PhaseMirror/Prime/lean/.lake/build/ir/Core/F1/ConstructiveAnalysis/Finset.setup.json --json
warning: Core/F1/ConstructiveAnalysis/Finset.lean:9:13: Variable name `nd` is not explicitly referenced.

The binding can be removed (if unused) or named `_` (if used implicitly).

Note: This linter can be disabled with `set_option linter.unusedVariables false`
warning: Core/F1/ConstructiveAnalysis/Finset.lean:14:13: Variable name `nd` is not explicitly referenced.

The binding can be removed (if unused) or named `_` (if used implicitly).

Note: This linter can be disabled with `set_option linter.unusedVariables false`
error: Core/F1/ConstructiveAnalysis/Finset.lean:22:14: Unknown constant `List.eraseDuplicates`
warning: Core/F1/ConstructiveAnalysis/Finset.lean:30:8: declaration uses `sorry`
warning: Core/F1/ConstructiveAnalysis/Finset.lean:33:8: declaration uses `sorry`
warning: Core/F1/ConstructiveAnalysis/Finset.lean:37:8: declaration uses `sorry`
warning: Core/F1/ConstructiveAnalysis/Finset.lean:46:8: declaration uses `sorry`
warning: Core/F1/ConstructiveAnalysis/Finset.lean:51:8: declaration uses `sorry`
warning: Core/F1/ConstructiveAnalysis/Finset.lean:56:8: declaration uses `sorry`
warning: Core/F1/ConstructiveAnalysis/Finset.lean:61:8: declaration uses `sorry`
error: Lean exited with code 1
✖ [8/8] Building Core.F1.Square.IntersectionTemplate (4.0s)
trace: .> LEAN_PATH=/home/multiplicity/Multiplicity/PhaseMirror/Prime/lean/.lake/packages/std/.lake/build/lib/lean:/home/multiplicity/Multiplicity/PhaseMirror/Prime/lean/.lake/build/lib/lean /home/multiplicity/.elan/toolchains/leanprover--lean4---v4.32.0/bin/lean /home/multiplicity/Multiplicity/PhaseMirror/Prime/lean/Core/F1/Square/IntersectionTemplate.lean -o /home/multiplicity/Multiplicity/PhaseMirror/Prime/lean/.lake/build/lib/lean/Core/F1/Square/IntersectionTemplate.olean -i /home/multiplicity/Multiplicity/PhaseMirror/Prime/lean/.lake/build/lib/lean/Core/F1/Square/IntersectionTemplate.ilean -c /home/multiplicity/Multiplicity/PhaseMirror/Prime/lean/.lake/build/ir/Core/F1/Square/IntersectionTemplate.c --setup /home/multiplicity/Multiplicity/PhaseMirror/Prime/lean/.lake/build/ir/Core/F1/Square/IntersectionTemplate.setup.json --json
warning: Core/F1/Square/IntersectionTemplate.lean:50:14: Variable name `d` is not explicitly referenced.

The binding can be removed (if unused) or named `_` (if used implicitly).

Note: This linter can be disabled with `set_option linter.unusedVariables false`
error: Core/F1/Square/IntersectionTemplate.lean:66:83: Expected type must not contain free variables
  tpair1 q d t (1, 0, 0, 0) (0, 1, 0, 0) = 1

Hint: Use the `+revert` option to automatically clean up and revert free variables
error: Core/F1/Square/IntersectionTemplate.lean:67:83: Expected type must not contain free variables
  tpair1 q d t (1, 0, 0, 0) (1, 0, 0, 0) = 0

Hint: Use the `+revert` option to automatically clean up and revert free variables
error: Core/F1/Square/IntersectionTemplate.lean:68:83: Expected type must not contain free variables
  tpair1 q d t (0, 1, 0, 0) (0, 1, 0, 0) = 0

Hint: Use the `+revert` option to automatically clean up and revert free variables
error: Core/F1/Square/IntersectionTemplate.lean:69:83: Expected type must not contain free variables
  tpair1 q d t (1, 0, 0, 0) (0, 0, 1, 0) = 1

Hint: Use the `+revert` option to automatically clean up and revert free variables
error: Core/F1/Square/IntersectionTemplate.lean:70:83: Expected type must not contain free variables
  tpair1 q d t (0, 1, 0, 0) (0, 0, 1, 0) = 1

Hint: Use the `+revert` option to automatically clean up and revert free variables
error: Core/F1/Square/IntersectionTemplate.lean:71:83: Expected type must not contain free variables
  tpair1 q d t (0, 0, 1, 0) (0, 0, 1, 0) = d

Hint: Use the `+revert` option to automatically clean up and revert free variables
error: Core/F1/Square/IntersectionTemplate.lean:72:83: Expected type must not contain free variables
  tpair1 q d t (1, 0, 0, 0) (0, 0, 0, 1) = 1

Hint: Use the `+revert` option to automatically clean up and revert free variables
error: Core/F1/Square/IntersectionTemplate.lean:73:83: Expected type must not contain free variables
  tpair1 q d t (0, 1, 0, 0) (0, 0, 0, 1) = q

Hint: Use the `+revert` option to automatically clean up and revert free variables
error: Core/F1/Square/IntersectionTemplate.lean:74:83: Expected type must not contain free variables
  tpair1 q d t (0, 0, 1, 0) (0, 0, 0, 1) = t

Hint: Use the `+revert` option to automatically clean up and revert free variables
error: Core/F1/Square/IntersectionTemplate.lean:75:83: Expected type must not contain free variables
  tpair1 q d t (0, 0, 0, 1) (0, 0, 0, 1) = 0

Hint: Use the `+revert` option to automatically clean up and revert free variables
warning: Core/F1/Square/IntersectionTemplate.lean:78:13: Variable name `q` is not explicitly referenced.

The binding can be removed (if unused) or named `_` (if used implicitly).

Note: This linter can be disabled with `set_option linter.unusedVariables false`
warning: Core/F1/Square/IntersectionTemplate.lean:78:15: Variable name `d` is not explicitly referenced.

The binding can be removed (if unused) or named `_` (if used implicitly).

Note: This linter can be disabled with `set_option linter.unusedVariables false`
warning: Core/F1/Square/IntersectionTemplate.lean:78:17: Variable name `t` is not explicitly referenced.

The binding can be removed (if unused) or named `_` (if used implicitly).

Note: This linter can be disabled with `set_option linter.unusedVariables false`
error: Core/F1/Square/IntersectionTemplate.lean:81:94: Expected type must not contain free variables
  0 < tpair1 q d t (tample1 q d t) (tample1 q d t)

Hint: Use the `+revert` option to automatically clean up and revert free variables
warning: Core/F1/Square/IntersectionTemplate.lean:86:15: Variable name `d` is not explicitly referenced.

The binding can be removed (if unused) or named `_` (if used implicitly).

Note: This linter can be disabled with `set_option linter.unusedVariables false`
warning: Core/F1/Square/IntersectionTemplate.lean:86:17: Variable name `t` is not explicitly referenced.

The binding can be removed (if unused) or named `_` (if used implicitly).

Note: This linter can be disabled with `set_option linter.unusedVariables false`
error: Core/F1/Square/IntersectionTemplate.lean:103:16: (kernel) application type mismatch
  id (Eq.refl true)
argument has type
  true = true
but function has type
  decide
        (UOR.Bridge.F1Square.Analysis.RingNF.norm
            ((((((UOR.Bridge.F1Square.Analysis.RingNF.PExpr.var 0).add
                                ((UOR.Bridge.F1Square.Analysis.RingNF.PExpr.var 1).mul
                                  (UOR.Bridge.F1Square.Analysis.RingNF.PExpr.var 2))).neg.mul
                          ((((UOR.Bridge.F1Square.Analysis.RingNF.PExpr.var 0).add
                                      (UOR.Bridge.F1Square.Analysis.RingNF.PExpr.var 2)).neg.add
                                (UOR.Bridge.F1Square.Analysis.RingNF.PExpr.var 0)).add
                            (UOR.Bridge.F1Square.Analysis.RingNF.PExpr.var 2))).add
                      (((UOR.Bridge.F1Square.Analysis.RingNF.PExpr.var 0).add
                              (UOR.Bridge.F1Square.Analysis.RingNF.PExpr.var 2)).neg.mul
                        ((((UOR.Bridge.F1Square.Analysis.RingNF.PExpr.var 0).add
                                    ((UOR.Bridge.F1Square.Analysis.RingNF.PExpr.var 1).mul
                                      (UOR.Bridge.F1Square.Analysis.RingNF.PExpr.var 2))).neg.add
                              (UOR.Bridge.F1Square.Analysis.RingNF.PExpr.var 0)).add
                          ((UOR.Bridge.F1Square.Analysis.RingNF.PExpr.var 1).mul
                            (UOR.Bridge.F1Square.Analysis.RingNF.PExpr.var 2))))).add
                  ((UOR.Bridge.F1Square.Analysis.RingNF.PExpr.var 0).mul
                    ((((UOR.Bridge.F1Square.Analysis.RingNF.PExpr.var 0).add
                                ((UOR.Bridge.F1Square.Analysis.RingNF.PExpr.var 1).mul
                                  (UOR.Bridge.F1Square.Analysis.RingNF.PExpr.var 2))).neg.add
                          ((UOR.Bridge.F1Square.Analysis.RingNF.PExpr.var 0).add
                              (UOR.Bridge.F1Square.Analysis.RingNF.PExpr.var 2)).neg).add
                      ((UOR.Bridge.F1Square.Analysis.RingNF.PExpr.var 3).mul
                        (UOR.Bridge.F1Square.Analysis.RingNF.PExpr.var 2))))).add
              ((UOR.Bridge.F1Square.Analysis.RingNF.PExpr.var 2).mul
                ((((UOR.Bridge.F1Square.Analysis.RingNF.PExpr.var 0).add
                            ((UOR.Bridge.F1Square.Analysis.RingNF.PExpr.var 1).mul
                              (UOR.Bridge.F1Square.Analysis.RingNF.PExpr.var 2))).neg.add
                      ((UOR.Bridge.F1Square.Analysis.RingNF.PExpr.var 1).mul
                        ((UOR.Bridge.F1Square.Analysis.RingNF.PExpr.var 0).add
                            (UOR.Bridge.F1Square.Analysis.RingNF.PExpr.var 2)).neg)).add
                  ((UOR.Bridge.F1Square.Analysis.RingNF.PExpr.var 3).mul
                    (UOR.Bridge.F1Square.Analysis.RingNF.PExpr.var 0))))) =
          UOR.Bridge.F1Square.Analysis.RingNF.norm
            ((UOR.Bridge.F1Square.Analysis.RingNF.PExpr.const 2).neg.mul
              ((((UOR.Bridge.F1Square.Analysis.RingNF.PExpr.var 0).mul
                        (UOR.Bridge.F1Square.Analysis.RingNF.PExpr.var 0)).add
                    ((UOR.Bridge.F1Square.Analysis.RingNF.PExpr.var 4).mul
                      ((UOR.Bridge.F1Square.Analysis.RingNF.PExpr.var 0).mul
                        (UOR.Bridge.F1Square.Analysis.RingNF.PExpr.var 2)))).add
                ((UOR.Bridge.F1Square.Analysis.RingNF.PExpr.var 1).mul
                  ((UOR.Bridge.F1Square.Analysis.RingNF.PExpr.var 2).mul
                    (UOR.Bridge.F1Square.Analysis.RingNF.PExpr.var 2)))))) =
      true →
    decide
        (UOR.Bridge.F1Square.Analysis.RingNF.norm
            ((((((UOR.Bridge.F1Square.Analysis.RingNF.PExpr.var 0).add
                                ((UOR.Bridge.F1Square.Analysis.RingNF.PExpr.var 1).mul
                                  (UOR.Bridge.F1Square.Analysis.RingNF.PExpr.var 2))).neg.mul
                          ((((UOR.Bridge.F1Square.Analysis.RingNF.PExpr.var 0).add
                                      (UOR.Bridge.F1Square.Analysis.RingNF.PExpr.var 2)).neg.add
                                (UOR.Bridge.F1Square.Analysis.RingNF.PExpr.var 0)).add
                            (UOR.Bridge.F1Square.Analysis.RingNF.PExpr.var 2))).add
                      (((UOR.Bridge.F1Square.Analysis.RingNF.PExpr.var 0).add
                              (UOR.Bridge.F1Square.Analysis.RingNF.PExpr.var 2)).neg.mul
                        ((((UOR.Bridge.F1Square.Analysis.RingNF.PExpr.var 0).add
                                    ((UOR.Bridge.F1Square.Analysis.RingNF.PExpr.var 1).mul
                                      (UOR.Bridge.F1Square.Analysis.RingNF.PExpr.var 2))).neg.add
                              (UOR.Bridge.F1Square.Analysis.RingNF.PExpr.var 0)).add
                          ((UOR.Bridge.F1Square.Analysis.RingNF.PExpr.var 1).mul
                            (UOR.Bridge.F1Square.Analysis.RingNF.PExpr.var 2))))).add
                  ((UOR.Bridge.F1Square.Analysis.RingNF.PExpr.var 0).mul
                    ((((UOR.Bridge.F1Square.Analysis.RingNF.PExpr.var 0).add
                                ((UOR.Bridge.F1Square.Analysis.RingNF.PExpr.var 1).mul
                                  (UOR.Bridge.F1Square.Analysis.RingNF.PExpr.var 2))).neg.add
                          ((UOR.Bridge.F1Square.Analysis.RingNF.PExpr.var 0).add
                              (UOR.Bridge.F1Square.Analysis.RingNF.PExpr.var 2)).neg).add
                      ((UOR.Bridge.F1Square.Analysis.RingNF.PExpr.var 3).mul
                        (UOR.Bridge.F1Square.Analysis.RingNF.PExpr.var 2))))).add
              ((UOR.Bridge.F1Square.Analysis.RingNF.PExpr.var 2).mul
                ((((UOR.Bridge.F1Square.Analysis.RingNF.PExpr.var 0).add
                            ((UOR.Bridge.F1Square.Analysis.RingNF.PExpr.var 1).mul
                              (UOR.Bridge.F1Square.Analysis.RingNF.PExpr.var 2))).neg.add
                      ((UOR.Bridge.F1Square.Analysis.RingNF.PExpr.var 1).mul
                        ((UOR.Bridge.F1Square.Analysis.RingNF.PExpr.var 0).add
                            (UOR.Bridge.F1Square.Analysis.RingNF.PExpr.var 2)).neg)).add
                  ((UOR.Bridge.F1Square.Analysis.RingNF.PExpr.var 3).mul
                    (UOR.Bridge.F1Square.Analysis.RingNF.PExpr.var 0))))) =
          UOR.Bridge.F1Square.Analysis.RingNF.norm
            ((UOR.Bridge.F1Square.Analysis.RingNF.PExpr.const 2).neg.mul
              ((((UOR.Bridge.F1Square.Analysis.RingNF.PExpr.var 0).mul
                        (UOR.Bridge.F1Square.Analysis.RingNF.PExpr.var 0)).add
                    ((UOR.Bridge.F1Square.Analysis.RingNF.PExpr.var 4).mul
                      ((UOR.Bridge.F1Square.Analysis.RingNF.PExpr.var 0).mul
                        (UOR.Bridge.F1Square.Analysis.RingNF.PExpr.var 2)))).add
                ((UOR.Bridge.F1Square.Analysis.RingNF.PExpr.var 1).mul
                  ((UOR.Bridge.F1Square.Analysis.RingNF.PExpr.var 2).mul
                    (UOR.Bridge.F1Square.Analysis.RingNF.PExpr.var 2)))))) =
      true
warning: Core/F1/Square/IntersectionTemplate.lean:173:66: Variable name `h_q` is not explicitly referenced.

The binding can be removed (if unused) or named `_` (if used implicitly).

Note: This linter can be disabled with `set_option linter.unusedVariables false`
warning: Core/F1/Square/IntersectionTemplate.lean:174:8: Variable name `H` is not explicitly referenced.

The binding can be removed (if unused) or named `_` (if used implicitly).

Note: This linter can be disabled with `set_option linter.unusedVariables false`
warning: Core/F1/Square/IntersectionTemplate.lean:219:33: Variable name `q` is not explicitly referenced.

The binding can be removed (if unused) or named `_` (if used implicitly).

Note: This linter can be disabled with `set_option linter.unusedVariables false`
warning: Core/F1/Square/IntersectionTemplate.lean:219:51: Variable name `d` is not explicitly referenced.

The binding can be removed (if unused) or named `_` (if used implicitly).

Note: This linter can be disabled with `set_option linter.unusedVariables false`
warning: Core/F1/Square/IntersectionTemplate.lean:219:53: Variable name `t` is not explicitly referenced.

The binding can be removed (if unused) or named `_` (if used implicitly).

Note: This linter can be disabled with `set_option linter.unusedVariables false`
error: Lean exited with code 1
Some required targets logged failures:
- Core.F1.ConstructiveAnalysis.Finset
- Core.F1.Square.IntersectionTemplate
error: build failed
