{"synthetic": false,
 "schemaVersion": "2025-09-10",
 "outputs":
 {"o": ["e1e607431aec4df8.olean"],
  "m": false,
  "i": "51a95e552b6dd9ef.ilean",
  "c": "945610cf90072489.c"},
 "log":
 [{"message":
   ".> LEAN_PATH=/home/citizen/Multiplicity/Foundry/models/ataraxia/ataraxia_adr/.lake/build/lib/lean /home/citizen/.elan/toolchains/leanprover--lean4---v4.33.0-rc1/bin/lean /home/citizen/Multiplicity/Foundry/models/ataraxia/ataraxia_adr/AtaraxiaAdr/FFI.lean -o /home/citizen/Multiplicity/Foundry/models/ataraxia/ataraxia_adr/.lake/build/lib/lean/AtaraxiaAdr/FFI.olean -i /home/citizen/Multiplicity/Foundry/models/ataraxia/ataraxia_adr/.lake/build/lib/lean/AtaraxiaAdr/FFI.ilean -c /home/citizen/Multiplicity/Foundry/models/ataraxia/ataraxia_adr/.lake/build/ir/AtaraxiaAdr/FFI.c --setup /home/citizen/Multiplicity/Foundry/models/ataraxia/ataraxia_adr/.lake/build/ir/AtaraxiaAdr/FFI.setup.json --json",
   "level": "trace"}],
 "inputs":
 [["deps",
   [["ataraxia_adr/AtaraxiaAdr:extraDep",
     [["@ataraxia_adr:extraDep", "00000000000006bb"]]],
    ["imports",
     [["AtaraxiaAdr.Core transitive imports (legacy)", "00000000000006bb"],
      ["AtaraxiaAdr.Core:importAllArts", "a6493af6b51a1ce7"]]]]],
  ["libs",
   [["import dynlibs", "00000000000006bb"],
    ["package external libraries", "00000000000006bb"],
    ["module dynlibs", "00000000000006bb"],
    ["module plugins", "00000000000006bb"]]],
  ["Lean 4.33.0, commit 62eed1db4d67327ec8120be05f1a1b0847d74561",
   "8fa8fbe052c71a8e"],
  ["/home/citizen/Multiplicity/Foundry/models/ataraxia/ataraxia_adr/AtaraxiaAdr/FFI.lean",
   "6a253b17a5fb498e"],
  ["options", "00000000000006bb"],
  ["isModule: false", "feefd2a0d3a1847e"],
  ["Module.name: AtaraxiaAdr.FFI", "66a1a1c4d0d92af4"],
  ["Package.id?: (some ataraxia_adr)", "4b7b05add5169cb6"],
  ["Module.leanArgs: #[]", "00000000000006bb"]],
 "depHash": "762fa43f2118b134"}