{"synthetic": false,
 "schemaVersion": "2025-09-10",
 "outputs":
 {"o": ["4e345c5f0016b284.olean"],
  "m": false,
  "i": "eb694e5da46efa7e.ilean",
  "c": "f3e98d3a5e475fb1.c"},
 "log":
 [{"message":
   ".> LEAN_PATH=/home/citizen/Multiplicity/Foundry/models/the-publisher/the_publisher_adr/.lake/build/lib/lean /home/citizen/.elan/toolchains/leanprover--lean4---v4.33.0-rc1/bin/lean /home/citizen/Multiplicity/Foundry/models/the-publisher/the_publisher_adr/ThePublisherAdr/Core.lean -o /home/citizen/Multiplicity/Foundry/models/the-publisher/the_publisher_adr/.lake/build/lib/lean/ThePublisherAdr/Core.olean -i /home/citizen/Multiplicity/Foundry/models/the-publisher/the_publisher_adr/.lake/build/lib/lean/ThePublisherAdr/Core.ilean -c /home/citizen/Multiplicity/Foundry/models/the-publisher/the_publisher_adr/.lake/build/ir/ThePublisherAdr/Core.c --setup /home/citizen/Multiplicity/Foundry/models/the-publisher/the_publisher_adr/.lake/build/ir/ThePublisherAdr/Core.setup.json --json",
   "level": "trace"}],
 "inputs":
 [["deps",
   [["the_publisher_adr/ThePublisherAdr:extraDep",
     [["@the_publisher_adr:extraDep", "00000000000006bb"]]],
    ["imports", "00000000000006bb"]]],
  ["libs",
   [["import dynlibs", "00000000000006bb"],
    ["package external libraries", "00000000000006bb"],
    ["module dynlibs", "00000000000006bb"],
    ["module plugins", "00000000000006bb"]]],
  ["Lean 4.33.0, commit 62eed1db4d67327ec8120be05f1a1b0847d74561",
   "8fa8fbe052c71a8e"],
  ["/home/citizen/Multiplicity/Foundry/models/the-publisher/the_publisher_adr/ThePublisherAdr/Core.lean",
   "b9f057f72467e635"],
  ["options", "00000000000006bb"],
  ["isModule: false", "feefd2a0d3a1847e"],
  ["Module.name: ThePublisherAdr.Core", "42f50aeb960242fd"],
  ["Package.id?: (some the_publisher_adr)", "5b090b6803511a66"],
  ["Module.leanArgs: #[]", "00000000000006bb"]],
 "depHash": "774e6add538f6c3f"}