{"synthetic": false,
 "schemaVersion": "2025-09-10",
 "outputs":
 {"o": ["141f7c2e8100941e.olean"],
  "m": false,
  "i": "d614c6304b40a7bf.ilean",
  "c": "8d14bd72ba251161.c"},
 "log":
 [{"message":
   ".> LEAN_PATH=/home/citizen/Multiplicity/Foundry/models/generalist/generalist_adr/.lake/build/lib/lean /home/citizen/.elan/toolchains/leanprover--lean4---v4.33.0-rc1/bin/lean /home/citizen/Multiplicity/Foundry/models/generalist/generalist_adr/GeneralistAdr/Proofs.lean -o /home/citizen/Multiplicity/Foundry/models/generalist/generalist_adr/.lake/build/lib/lean/GeneralistAdr/Proofs.olean -i /home/citizen/Multiplicity/Foundry/models/generalist/generalist_adr/.lake/build/lib/lean/GeneralistAdr/Proofs.ilean -c /home/citizen/Multiplicity/Foundry/models/generalist/generalist_adr/.lake/build/ir/GeneralistAdr/Proofs.c --setup /home/citizen/Multiplicity/Foundry/models/generalist/generalist_adr/.lake/build/ir/GeneralistAdr/Proofs.setup.json --json",
   "level": "trace"}],
 "inputs":
 [["deps",
   [["generalist_adr/GeneralistAdr:extraDep",
     [["@generalist_adr:extraDep", "00000000000006bb"]]],
    ["imports",
     [["GeneralistAdr.Core transitive imports (legacy)", "00000000000006bb"],
      ["GeneralistAdr.Core:importAllArts", "a2cfcb72e190eec3"]]]]],
  ["libs",
   [["import dynlibs", "00000000000006bb"],
    ["package external libraries", "00000000000006bb"],
    ["module dynlibs", "00000000000006bb"],
    ["module plugins", "00000000000006bb"]]],
  ["Lean 4.33.0, commit 62eed1db4d67327ec8120be05f1a1b0847d74561",
   "8fa8fbe052c71a8e"],
  ["/home/citizen/Multiplicity/Foundry/models/generalist/generalist_adr/GeneralistAdr/Proofs.lean",
   "e802dc41d7c2642a"],
  ["options", "00000000000006bb"],
  ["isModule: false", "feefd2a0d3a1847e"],
  ["Module.name: GeneralistAdr.Proofs", "b30a9f35e811a1af"],
  ["Package.id?: (some generalist_adr)", "8765b532eac31442"],
  ["Module.leanArgs: #[]", "00000000000006bb"]],
 "depHash": "e6d06f14c436064b"}