$ cargo kani --tests --harness invalid_semantics_are_rejected
# workdir: /media/citizen/b361d448-7c51-413a-aa23-9515cb626930/home/citizen/Multiplicity/packages/Foundry/packages/rust/pirtm-engine
# exit: 0
# ---- stdout ----
Kani Rust Verifier 0.67.0 (cargo plugin)
warning: function `envelope_with` is never used
  --> tests/prism_interop_bcs_harness.rs:25:4
   |
25 | fn envelope_with(lambda_m: u64, drift: u64, metadata: Vec<u8>) -> UnsignedCrmfEnvelope {
   |    ^^^^^^^^^^^^^
   |
   = note: `#[warn(dead_code)]` (part of `#[warn(unused)]`) on by default

Checking harness verification::invalid_semantics_are_rejected...
CBMC 6.8.0 (cbmc-6.8.0)
CBMC version 6.8.0 (cbmc-6.8.0) 64-bit x86_64 linux
Reading GOTO program from file /media/citizen/b361d448-7c51-413a-aa23-9515cb626930/home/citizen/Multiplicity/packages/Foundry/packages/rust/pirtm-engine/target/kani/x86_64-unknown-linux-gnu/debug/deps/prism_interop_harness-81f46f83dab70bed__RNvNtCshOJBoRFE1e7_21prism_interop_harness12verification30invalid_semantics_are_rejected.out
Generating GOTO Program
Adding CPROVER library (x86_64)
Removal of function pointers and virtual functions
Generic Property Instrumentation
Running with 16 object bits, 48 offset bits (user-specified)
Starting Bounded Model Checking
Runtime Symex: 0.00916793s
size of program expression: 335 steps
slicing removed 200 assignments
Generated 39 VCC(s), 1 remaining after simplification
Runtime Postprocess Equation: 4.8063e-05s
Passing problem to propositional reduction
converting SSA
Runtime Convert SSA: 0.000552658s
Running propositional reduction
Post-processing
Runtime Post-process: 1.1403e-05s
Solving with CaDiCaL 2.0.0
261 variables, 264 clauses
SAT checker: instance is SATISFIABLE
Runtime Solver: 6.7572e-05s
Runtime decision procedure: 0.000677627s

RESULTS:
Check 1: verification::invalid_semantics_are_rejected.unreachable.1
	 - Status: SUCCESS
	 - Description: "unreachable code"
	 - Location: tests/prism_interop_harness.rs:61:15 in function verification::invalid_semantics_are_rejected

Check 2: verification::invalid_semantics_are_rejected.assertion.1
	 - Status: SUCCESS
	 - Description: "must fail with the semantic discriminant"
	 - Location: tests/prism_interop_harness.rs:63:26 in function verification::invalid_semantics_are_rejected

Check 3: verification::invalid_semantics_are_rejected.assertion.2
	 - Status: UNREACHABLE
	 - Description: "semantic gate must reject invalid proofs"
	 - Location: tests/prism_interop_harness.rs:62:23 in function verification::invalid_semantics_are_rejected

Check 4: sqrt.NaN.1
	 - Status: SUCCESS
	 - Description: "NaN on division"
	 - Location: <builtin-library-sqrt>:25 in function sqrt

Check 5: sqrt.NaN.2
	 - Status: SUCCESS
	 - Description: "NaN on multiplication"
	 - Location: <builtin-library-sqrt>:39 in function sqrt

Check 6: sqrt.NaN.3
	 - Status: SUCCESS
	 - Description: "NaN on multiplication"
	 - Location: <builtin-library-sqrt>:43 in function sqrt

Check 7: sqrt.NaN.4
	 - Status: SUCCESS
	 - Description: "NaN on subtraction"
	 - Location: <builtin-library-sqrt>:52 in function sqrt

Check 8: sqrt.NaN.5
	 - Status: SUCCESS
	 - Description: "NaN on subtraction"
	 - Location: <builtin-library-sqrt>:52 in function sqrt

Check 9: sqrt.NaN.6
	 - Status: SUCCESS
	 - Description: "NaN on subtraction"
	 - Location: <builtin-library-sqrt>:54 in function sqrt

Check 10: sqrt.NaN.7
	 - Status: SUCCESS
	 - Description: "NaN on subtraction"
	 - Location: <builtin-library-sqrt>:57 in function sqrt

Check 11: sqrt.NaN.8
	 - Status: SUCCESS
	 - Description: "NaN on multiplication"
	 - Location: <builtin-library-sqrt>:71 in function sqrt

Check 12: <pirtm_engine::SigGovKill as std::cmp::PartialEq>::eq.pointer_dereference.1
	 - Status: SUCCESS
	 - Description: "dereference failure: pointer NULL"
	 - Location: src/ace.rs:36:30 in function <pirtm_engine::SigGovKill as std::cmp::PartialEq>::eq

Check 13: <pirtm_engine::SigGovKill as std::cmp::PartialEq>::eq.pointer_dereference.2
	 - Status: SUCCESS
	 - Description: "dereference failure: pointer invalid"
	 - Location: src/ace.rs:36:30 in function <pirtm_engine::SigGovKill as std::cmp::PartialEq>::eq

Check 14: <pirtm_engine::SigGovKill as std::cmp::PartialEq>::eq.pointer_dereference.3
	 - Status: SUCCESS
	 - Description: "dereference failure: deallocated dynamic object"
	 - Location: src/ace.rs:36:30 in function <pirtm_engine::SigGovKill as std::cmp::PartialEq>::eq

Check 15: <pirtm_engine::SigGovKill as std::cmp::PartialEq>::eq.pointer_dereference.4
	 - Status: SUCCESS
	 - Description: "dereference failure: dead object"
	 - Location: src/ace.rs:36:30 in function <pirtm_engine::SigGovKill as std::cmp::PartialEq>::eq

Check 16: <pirtm_engine::SigGovKill as std::cmp::PartialEq>::eq.pointer_dereference.5
	 - Status: SUCCESS
	 - Description: "dereference failure: pointer outside object bounds"
	 - Location: src/ace.rs:36:30 in function <pirtm_engine::SigGovKill as std::cmp::PartialEq>::eq

Check 17: <pirtm_engine::SigGovKill as std::cmp::PartialEq>::eq.pointer_dereference.6
	 - Status: SUCCESS
	 - Description: "dereference failure: invalid integer address"
	 - Location: src/ace.rs:36:30 in function <pirtm_engine::SigGovKill as std::cmp::PartialEq>::eq

Check 18: <pirtm_engine::SigGovKill as std::cmp::PartialEq>::eq.pointer_dereference.7
	 - Status: SUCCESS
	 - Description: "dereference failure: pointer NULL"
	 - Location: src/ace.rs:36:30 in function <pirtm_engine::SigGovKill as std::cmp::PartialEq>::eq

Check 19: <pirtm_engine::SigGovKill as std::cmp::PartialEq>::eq.pointer_dereference.8
	 - Status: SUCCESS
	 - Description: "dereference failure: pointer invalid"
	 - Location: src/ace.rs:36:30 in function <pirtm_engine::SigGovKill as std::cmp::PartialEq>::eq

Check 20: <pirtm_engine::SigGovKill as std::cmp::PartialEq>::eq.pointer_dereference.9
	 - Status: SUCCESS
	 - Description: "dereference failure: deallocated dynamic object"
	 - Location: src/ace.rs:36:30 in function <pirtm_engine::SigGovKill as std::cmp::PartialEq>::eq

Check 21: <pirtm_engine::SigGovKill as std::cmp::PartialEq>::eq.pointer_dereference.10
	 - Status: SUCCESS
	 - Description: "dereference failure: dead object"
	 - Location: src/ace.rs:36:30 in function <pirtm_engine::SigGovKill as std::cmp::PartialEq>::eq

Check 22: <pirtm_engine::SigGovKill as std::cmp::PartialEq>::eq.pointer_dereference.11
	 - Status: SUCCESS
	 - Description: "dereference failure: pointer outside object bounds"
	 - Location: src/ace.rs:36:30 in function <pirtm_engine::SigGovKill as std::cmp::PartialEq>::eq

Check 23: <pirtm_engine::SigGovKill as std::cmp::PartialEq>::eq.pointer_dereference.12
	 - Status: SUCCESS
	 - Description: "dereference failure: invalid integer address"
	 - Location: src/ace.rs:36:30 in function <pirtm_engine::SigGovKill as std::cmp::PartialEq>::eq

Check 24: nextUp.NaN.1
	 - Status: SUCCESS
	 - Description: "NaN on division"
	 - Location: <builtin-library-nextUp>:27 in function nextUp

Check 25: pirtm_engine::tensor::GainMatrix::set_weights.pointer_dereference.1
	 - Status: SUCCESS
	 - Description: "dereference failure: pointer NULL"
	 - Location: src/tensor.rs:56:9 in function pirtm_engine::tensor::GainMatrix::set_weights

Check 26: pirtm_engine::tensor::GainMatrix::set_weights.pointer_dereference.2
	 - Status: SUCCESS
	 - Description: "dereference failure: pointer invalid"
	 - Location: src/tensor.rs:56:9 in function pirtm_engine::tensor::GainMatrix::set_weights

Check 27: pirtm_engine::tensor::GainMatrix::set_weights.pointer_dereference.3
	 - Status: SUCCESS
	 - Description: "dereference failure: deallocated dynamic object"
	 - Location: src/tensor.rs:56:9 in function pirtm_engine::tensor::GainMatrix::set_weights

Check 28: pirtm_engine::tensor::GainMatrix::set_weights.pointer_dereference.4
	 - Status: SUCCESS
	 - Description: "dereference failure: dead object"
	 - Location: src/tensor.rs:56:9 in function pirtm_engine::tensor::GainMatrix::set_weights

Check 29: pirtm_engine::tensor::GainMatrix::set_weights.pointer_dereference.5
	 - Status: SUCCESS
	 - Description: "dereference failure: pointer outside object bounds"
	 - Location: src/tensor.rs:56:9 in function pirtm_engine::tensor::GainMatrix::set_weights

Check 30: pirtm_engine::tensor::GainMatrix::set_weights.pointer_dereference.6
	 - Status: SUCCESS
	 - Description: "dereference failure: invalid integer address"
	 - Location: src/tensor.rs:56:9 in function pirtm_engine::tensor::GainMatrix::set_weights

Check 31: pirtm_engine::tensor::GainMatrix::set_weights.pointer_dereference.7
	 - Status: SUCCESS
	 - Description: "dereference failure: pointer NULL"
	 - Location: src/tensor.rs:57:9 in function pirtm_engine::tensor::GainMatrix::set_weights

Check 32: pirtm_engine::tensor::GainMatrix::set_weights.pointer_dereference.8
	 - Status: SUCCESS
	 - Description: "dereference failure: pointer invalid"
	 - Location: src/tensor.rs:57:9 in function pirtm_engine::tensor::GainMatrix::set_weights

Check 33: pirtm_engine::tensor::GainMatrix::set_weights.pointer_dereference.9
	 - Status: SUCCESS
	 - Description: "dereference failure: deallocated dynamic object"
	 - Location: src/tensor.rs:57:9 in function pirtm_engine::tensor::GainMatrix::set_weights

Check 34: pirtm_engine::tensor::GainMatrix::set_weights.pointer_dereference.10
	 - Status: SUCCESS
	 - Description: "dereference failure: dead object"
	 - Location: src/tensor.rs:57:9 in function pirtm_engine::tensor::GainMatrix::set_weights

Check 35: pirtm_engine::tensor::GainMatrix::set_weights.pointer_dereference.11
	 - Status: SUCCESS
	 - Description: "dereference failure: pointer outside object bounds"
	 - Location: src/tensor.rs:57:9 in function pirtm_engine::tensor::GainMatrix::set_weights

Check 36: pirtm_engine::tensor::GainMatrix::set_weights.pointer_dereference.12
	 - Status: SUCCESS
	 - Description: "dereference failure: invalid integer address"
	 - Location: src/tensor.rs:57:9 in function pirtm_engine::tensor::GainMatrix::set_weights

Check 37: pirtm_engine::tensor::GainMatrix::set_weights.pointer_dereference.13
	 - Status: SUCCESS
	 - Description: "dereference failure: pointer NULL"
	 - Location: src/tensor.rs:58:9 in function pirtm_engine::tensor::GainMatrix::set_weights

Check 38: pirtm_engine::tensor::GainMatrix::set_weights.pointer_dereference.14
	 - Status: SUCCESS
	 - Description: "dereference failure: pointer invalid"
	 - Location: src/tensor.rs:58:9 in function pirtm_engine::tensor::GainMatrix::set_weights

Check 39: pirtm_engine::tensor::GainMatrix::set_weights.pointer_dereference.15
	 - Status: SUCCESS
	 - Description: "dereference failure: deallocated dynamic object"
	 - Location: src/tensor.rs:58:9 in function pirtm_engine::tensor::GainMatrix::set_weights

Check 40: pirtm_engine::tensor::GainMatrix::set_weights.pointer_dereference.16
	 - Status: SUCCESS
	 - Description: "dereference failure: dead object"
	 - Location: src/tensor.rs:58:9 in function pirtm_engine::tensor::GainMatrix::set_weights

Check 41: pirtm_engine::tensor::GainMatrix::set_weights.pointer_dereference.17
	 - Status: SUCCESS
	 - Description: "dereference failure: pointer outside object bounds"
	 - Location: src/tensor.rs:58:9 in function pirtm_engine::tensor::GainMatrix::set_weights

Check 42: pirtm_engine::tensor::GainMatrix::set_weights.pointer_dereference.18
	 - Status: SUCCESS
	 - Description: "dereference failure: invalid integer address"
	 - Location: src/tensor.rs:58:9 in function pirtm_engine::tensor::GainMatrix::set_weights

Check 43: pirtm_engine::tensor::GainMatrix::set_weights.pointer_dereference.19
	 - Status: SUCCESS
	 - Description: "dereference failure: pointer NULL"
	 - Location: src/tensor.rs:59:9 in function pirtm_engine::tensor::GainMatrix::set_weights

Check 44: pirtm_engine::tensor::GainMatrix::set_weights.pointer_dereference.20
	 - Status: SUCCESS
	 - Description: "dereference failure: pointer invalid"
	 - Location: src/tensor.rs:59:9 in function pirtm_engine::tensor::GainMatrix::set_weights

Check 45: pirtm_engine::tensor::GainMatrix::set_weights.pointer_dereference.21
	 - Status: SUCCESS
	 - Description: "dereference failure: deallocated dynamic object"
	 - Location: src/tensor.rs:59:9 in function pirtm_engine::tensor::GainMatrix::set_weights

Check 46: pirtm_engine::tensor::GainMatrix::set_weights.pointer_dereference.22
	 - Status: SUCCESS
	 - Description: "dereference failure: dead object"
	 - Location: src/tensor.rs:59:9 in function pirtm_engine::tensor::GainMatrix::set_weights

Check 47: pirtm_engine::tensor::GainMatrix::set_weights.pointer_dereference.23
	 - Status: SUCCESS
	 - Description: "dereference failure: pointer outside object bounds"
	 - Location: src/tensor.rs:59:9 in function pirtm_engine::tensor::GainMatrix::set_weights

Check 48: pirtm_engine::tensor::GainMatrix::set_weights.pointer_dereference.24
	 - Status: SUCCESS
	 - Description: "dereference failure: invalid integer address"
	 - Location: src/tensor.rs:59:9 in function pirtm_engine::tensor::GainMatrix::set_weights

Check 49: pirtm_engine::tensor::GainMatrix::det.pointer_dereference.1
	 - Status: SUCCESS
	 - Description: "dereference failure: pointer NULL"
	 - Location: src/tensor.rs:71:9 in function pirtm_engine::tensor::GainMatrix::det

Check 50: pirtm_engine::tensor::GainMatrix::det.pointer_dereference.2
	 - Status: SUCCESS
	 - Description: "dereference failure: pointer invalid"
	 - Location: src/tensor.rs:71:9 in function pirtm_engine::tensor::GainMatrix::det

Check 51: pirtm_engine::tensor::GainMatrix::det.pointer_dereference.3
	 - Status: SUCCESS
	 - Description: "dereference failure: deallocated dynamic object"
	 - Location: src/tensor.rs:71:9 in function pirtm_engine::tensor::GainMatrix::det

Check 52: pirtm_engine::tensor::GainMatrix::det.pointer_dereference.4
	 - Status: SUCCESS
	 - Description: "dereference failure: dead object"
	 - Location: src/tensor.rs:71:9 in function pirtm_engine::tensor::GainMatrix::det

Check 53: pirtm_engine::tensor::GainMatrix::det.pointer_dereference.5
	 - Status: SUCCESS
	 - Description: "dereference failure: pointer outside object bounds"
	 - Location: src/tensor.rs:71:9 in function pirtm_engine::tensor::GainMatrix::det

Check 54: pirtm_engine::tensor::GainMatrix::det.pointer_dereference.6
	 - Status: SUCCESS
	 - Description: "dereference failure: invalid integer address"
	 - Location: src/tensor.rs:71:9 in function pirtm_engine::tensor::GainMatrix::det

Check 55: pirtm_engine::tensor::GainMatrix::det.pointer_dereference.7
	 - Status: SUCCESS
	 - Description: "dereference failure: pointer NULL"
	 - Location: src/tensor.rs:71:20 in function pirtm_engine::tensor::GainMatrix::det

Check 56: pirtm_engine::tensor::GainMatrix::det.pointer_dereference.8
	 - Status: SUCCESS
	 - Description: "dereference failure: pointer invalid"
	 - Location: src/tensor.rs:71:20 in function pirtm_engine::tensor::GainMatrix::det

Check 57: pirtm_engine::tensor::GainMatrix::det.pointer_dereference.9
	 - Status: SUCCESS
	 - Description: "dereference failure: deallocated dynamic object"
	 - Location: src/tensor.rs:71:20 in function pirtm_engine::tensor::GainMatrix::det

Check 58: pirtm_engine::tensor::GainMatrix::det.pointer_dereference.10
	 - Status: SUCCESS
	 - Description: "dereference failure: dead object"
	 - Location: src/tensor.rs:71:20 in function pirtm_engine::tensor::GainMatrix::det

Check 59: pirtm_engine::tensor::GainMatrix::det.pointer_dereference.11
	 - Status: SUCCESS
	 - Description: "dereference failure: pointer outside object bounds"
	 - Location: src/tensor.rs:71:20 in function pirtm_engine::tensor::GainMatrix::det

Check 60: pirtm_engine::tensor::GainMatrix::det.pointer_dereference.12
	 - Status: SUCCESS
	 - Description: "dereference failure: invalid integer address"
	 - Location: src/tensor.rs:71:20 in function pirtm_engine::tensor::GainMatrix::det

Check 61: pirtm_engine::tensor::GainMatrix::det.NaN.1
	 - Status: SUCCESS
	 - Description: "NaN on multiplication"
	 - Location: src/tensor.rs:71:9 in function pirtm_engine::tensor::GainMatrix::det

Check 62: pirtm_engine::tensor::GainMatrix::det.pointer_dereference.13
	 - Status: SUCCESS
	 - Description: "dereference failure: pointer NULL"
	 - Location: src/tensor.rs:71:31 in function pirtm_engine::tensor::GainMatrix::det

Check 63: pirtm_engine::tensor::GainMatrix::det.pointer_dereference.14
	 - Status: SUCCESS
	 - Description: "dereference failure: pointer invalid"
	 - Location: src/tensor.rs:71:31 in function pirtm_engine::tensor::GainMatrix::det

Check 64: pirtm_engine::tensor::GainMatrix::det.pointer_dereference.15
	 - Status: SUCCESS
	 - Description: "dereference failure: deallocated dynamic object"
	 - Location: src/tensor.rs:71:31 in function pirtm_engine::tensor::GainMatrix::det

Check 65: pirtm_engine::tensor::GainMatrix::det.pointer_dereference.16
	 - Status: SUCCESS
	 - Description: "dereference failure: dead object"
	 - Location: src/tensor.rs:71:31 in function pirtm_engine::tensor::GainMatrix::det

Check 66: pirtm_engine::tensor::GainMatrix::det.pointer_dereference.17
	 - Status: SUCCESS
	 - Description: "dereference failure: pointer outside object bounds"
	 - Location: src/tensor.rs:71:31 in function pirtm_engine::tensor::GainMatrix::det

Check 67: pirtm_engine::tensor::GainMatrix::det.pointer_dereference.18
	 - Status: SUCCESS
	 - Description: "dereference failure: invalid integer address"
	 - Location: src/tensor.rs:71:31 in function pirtm_engine::tensor::GainMatrix::det

Check 68: pirtm_engine::tensor::GainMatrix::det.pointer_dereference.19
	 - Status: SUCCESS
	 - Description: "dereference failure: pointer NULL"
	 - Location: src/tensor.rs:71:42 in function pirtm_engine::tensor::GainMatrix::det

Check 69: pirtm_engine::tensor::GainMatrix::det.pointer_dereference.20
	 - Status: SUCCESS
	 - Description: "dereference failure: pointer invalid"
	 - Location: src/tensor.rs:71:42 in function pirtm_engine::tensor::GainMatrix::det

Check 70: pirtm_engine::tensor::GainMatrix::det.pointer_dereference.21
	 - Status: SUCCESS
	 - Description: "dereference failure: deallocated dynamic object"
	 - Location: src/tensor.rs:71:42 in function pirtm_engine::tensor::GainMatrix::det

Check 71: pirtm_engine::tensor::GainMatrix::det.pointer_dereference.22
	 - Status: SUCCESS
	 - Description: "dereference failure: dead object"
	 - Location: src/tensor.rs:71:42 in function pirtm_engine::tensor::GainMatrix::det

Check 72: pirtm_engine::tensor::GainMatrix::det.pointer_dereference.23
	 - Status: SUCCESS
	 - Description: "dereference failure: pointer outside object bounds"
	 - Location: src/tensor.rs:71:42 in function pirtm_engine::tensor::GainMatrix::det

Check 73: pirtm_engine::tensor::GainMatrix::det.pointer_dereference.24
	 - Status: SUCCESS
	 - Description: "dereference failure: invalid integer address"
	 - Location: src/tensor.rs:71:42 in function pirtm_engine::tensor::GainMatrix::det

Check 74: pirtm_engine::tensor::GainMatrix::det.NaN.2
	 - Status: SUCCESS
	 - Description: "NaN on multiplication"
	 - Location: src/tensor.rs:71:31 in function pirtm_engine::tensor::GainMatrix::det

Check 75: pirtm_engine::tensor::GainMatrix::det.NaN.3
	 - Status: SUCCESS
	 - Description: "NaN on subtraction"
	 - Location: src/tensor.rs:71:9 in function pirtm_engine::tensor::GainMatrix::det

Check 76: verification::invalid_semantics_are_rejected.pointer_dereference.1
	 - Status: SUCCESS
	 - Description: "dereference failure: dead object"
	 - Location: tests/prism_interop_harness.rs:61:15 in function verification::invalid_semantics_are_rejected

Check 77: pirtm_engine::tensor::spectral_radius_2x2.NaN.1
	 - Status: SUCCESS
	 - Description: "NaN on multiplication"
	 - Location: src/tensor.rs:88:16 in function pirtm_engine::tensor::spectral_radius_2x2

Check 78: pirtm_engine::tensor::spectral_radius_2x2.NaN.2
	 - Status: SUCCESS
	 - Description: "NaN on subtraction"
	 - Location: src/tensor.rs:88:16 in function pirtm_engine::tensor::spectral_radius_2x2

Check 79: pirtm_engine::tensor::spectral_radius_2x2.NaN.3
	 - Status: SUCCESS
	 - Description: "NaN on addition"
	 - Location: src/tensor.rs:91:26 in function pirtm_engine::tensor::spectral_radius_2x2

Check 80: pirtm_engine::tensor::spectral_radius_2x2.NaN.4
	 - Status: SUCCESS
	 - Description: "NaN on subtraction"
	 - Location: src/tensor.rs:92:26 in function pirtm_engine::tensor::spectral_radius_2x2

Check 81: pirtm_engine::verify_transition.pointer_dereference.1
	 - Status: SUCCESS
	 - Description: "dereference failure: dead object"
	 - Location: src/ace.rs:95:9 in function pirtm_engine::verify_transition

Check 82: pirtm_engine::tensor::GainMatrix::trace.pointer_dereference.1
	 - Status: SUCCESS
	 - Description: "dereference failure: pointer NULL"
	 - Location: src/tensor.rs:65:9 in function pirtm_engine::tensor::GainMatrix::trace

Check 83: pirtm_engine::tensor::GainMatrix::trace.pointer_dereference.2
	 - Status: SUCCESS
	 - Description: "dereference failure: pointer invalid"
	 - Location: src/tensor.rs:65:9 in function pirtm_engine::tensor::GainMatrix::trace

Check 84: pirtm_engine::tensor::GainMatrix::trace.pointer_dereference.3
	 - Status: SUCCESS
	 - Description: "dereference failure: deallocated dynamic object"
	 - Location: src/tensor.rs:65:9 in function pirtm_engine::tensor::GainMatrix::trace

Check 85: pirtm_engine::tensor::GainMatrix::trace.pointer_dereference.4
	 - Status: SUCCESS
	 - Description: "dereference failure: dead object"
	 - Location: src/tensor.rs:65:9 in function pirtm_engine::tensor::GainMatrix::trace

Check 86: pirtm_engine::tensor::GainMatrix::trace.pointer_dereference.5
	 - Status: SUCCESS
	 - Description: "dereference failure: pointer outside object bounds"
	 - Location: src/tensor.rs:65:9 in function pirtm_engine::tensor::GainMatrix::trace

Check 87: pirtm_engine::tensor::GainMatrix::trace.pointer_dereference.6
	 - Status: SUCCESS
	 - Description: "dereference failure: invalid integer address"
	 - Location: src/tensor.rs:65:9 in function pirtm_engine::tensor::GainMatrix::trace

Check 88: pirtm_engine::tensor::GainMatrix::trace.pointer_dereference.7
	 - Status: SUCCESS
	 - Description: "dereference failure: pointer NULL"
	 - Location: src/tensor.rs:65:20 in function pirtm_engine::tensor::GainMatrix::trace

Check 89: pirtm_engine::tensor::GainMatrix::trace.pointer_dereference.8
	 - Status: SUCCESS
	 - Description: "dereference failure: pointer invalid"
	 - Location: src/tensor.rs:65:20 in function pirtm_engine::tensor::GainMatrix::trace

Check 90: pirtm_engine::tensor::GainMatrix::trace.pointer_dereference.9
	 - Status: SUCCESS
	 - Description: "dereference failure: deallocated dynamic object"
	 - Location: src/tensor.rs:65:20 in function pirtm_engine::tensor::GainMatrix::trace

Check 91: pirtm_engine::tensor::GainMatrix::trace.pointer_dereference.10
	 - Status: SUCCESS
	 - Description: "dereference failure: dead object"
	 - Location: src/tensor.rs:65:20 in function pirtm_engine::tensor::GainMatrix::trace

Check 92: pirtm_engine::tensor::GainMatrix::trace.pointer_dereference.11
	 - Status: SUCCESS
	 - Description: "dereference failure: pointer outside object bounds"
	 - Location: src/tensor.rs:65:20 in function pirtm_engine::tensor::GainMatrix::trace

Check 93: pirtm_engine::tensor::GainMatrix::trace.pointer_dereference.12
	 - Status: SUCCESS
	 - Description: "dereference failure: invalid integer address"
	 - Location: src/tensor.rs:65:20 in function pirtm_engine::tensor::GainMatrix::trace

Check 94: pirtm_engine::tensor::GainMatrix::trace.NaN.1
	 - Status: SUCCESS
	 - Description: "NaN on addition"
	 - Location: src/tensor.rs:65:9 in function pirtm_engine::tensor::GainMatrix::trace


SUMMARY:
 ** 0 of 94 failed (1 unreachable)

VERIFICATION:- SUCCESSFUL
Verification Time: 0.050781343s

Manual Harness Summary:
Complete - 1 successfully verified harnesses, 0 failures, 1 total.

# ---- stderr ----
    Finished `test` profile [unoptimized + debuginfo] target(s) in 0.04s
    Finished `test` profile [unoptimized + debuginfo] target(s) in 0.04s
    Finished `test` profile [unoptimized + debuginfo] target(s) in 0.04s
    Finished `test` profile [unoptimized + debuginfo] target(s) in 0.04s
    Finished `test` profile [unoptimized + debuginfo] target(s) in 0.05s
    Finished `test` profile [unoptimized + debuginfo] target(s) in 0.04s
