$ lake build ADR
# workdir: /media/citizen/b361d448-7c51-413a-aa23-9515cb626930/home/citizen/Multiplicity/packages/Foundry
# exit: 0
# ---- stdout ----
⚠ [2/15] Built Care (818ms)
warning: Care.lean:150:8: `if_pos` has been deprecated: Use `ite_eq_left` instead
warning: Care.lean:152:8: `if_neg` has been deprecated: Use `ite_eq_right` instead
warning: Care.lean:154:10: `if_pos` has been deprecated: Use `ite_eq_left` instead
warning: Care.lean:157:10: `if_neg` has been deprecated: Use `ite_eq_right` instead
✔ [3/15] Built ADR.Core (2.5s)
✔ [4/15] Built ADR.Proofs (1.4s)
✔ [5/15] Built ADR.Export (1.6s)
✔ [6/15] Built ADR.OSCAL (3.1s)
⚠ [7/15] Built ADR.Prism (3.5s)
warning: ADR/Prism.lean:185:10: `if_pos` has been deprecated: Use `ite_eq_left` instead
warning: ADR/Prism.lean:191:12: `if_neg` has been deprecated: Use `ite_eq_right` instead
warning: ADR/Prism.lean:191:23: `if_pos` has been deprecated: Use `ite_eq_left` instead
warning: ADR/Prism.lean:197:14: `if_neg` has been deprecated: Use `ite_eq_right` instead
warning: ADR/Prism.lean:197:25: `if_neg` has been deprecated: Use `ite_eq_right` instead
warning: ADR/Prism.lean:197:36: `if_pos` has been deprecated: Use `ite_eq_left` instead
warning: ADR/Prism.lean:244:6: `if_pos` has been deprecated: Use `ite_eq_left` instead
warning: ADR/Prism.lean:254:6: `if_neg` has been deprecated: Use `ite_eq_right` instead
warning: ADR/Prism.lean:254:18: `if_pos` has been deprecated: Use `ite_eq_left` instead
warning: ADR/Prism.lean:265:6: `if_neg` has been deprecated: Use `ite_eq_right` instead
warning: ADR/Prism.lean:268:6: `if_neg` has been deprecated: Use `ite_eq_right` instead
warning: ADR/Prism.lean:268:17: `if_pos` has been deprecated: Use `ite_eq_left` instead
warning: ADR/Prism.lean:279:6: `if_neg` has been deprecated: Use `ite_eq_right` instead
warning: ADR/Prism.lean:282:6: `if_neg` has been deprecated: Use `ite_eq_right` instead
warning: ADR/Prism.lean:284:6: `if_neg` has been deprecated: Use `ite_eq_right` instead
warning: ADR/Prism.lean:305:6: `if_pos` has been deprecated: Use `ite_eq_left` instead
warning: ADR/Prism.lean:317:6: `if_neg` has been deprecated: Use `ite_eq_right` instead
✔ [8/15] Built ADR.Migrated (3.4s)
⚠ [9/15] Built ADR.Archivum (5.0s)
warning: ADR/Archivum.lean:207:5: `List.getElem?_inj` has been deprecated: Use `List.Nodup.getElem?_inj` instead

Note: The updated constant is in a different namespace. Dot notation may need to be changed (e.g., from `x.getElem?_inj` to `List.Nodup.getElem?_inj x`).
warning: ADR/Archivum.lean:371:80: `if_neg` has been deprecated: Use `ite_eq_right` instead
warning: ADR/Archivum.lean:387:10: `if_pos` has been deprecated: Use `ite_eq_left` instead
warning: ADR/Archivum.lean:387:21: `if_pos` has been deprecated: Use `ite_eq_left` instead
warning: ADR/Archivum.lean:392:80: `if_neg` has been deprecated: Use `ite_eq_right` instead
⚠ [10/15] Built ADR.TextualTyping (5.1s)
warning: ADR/TextualTyping.lean:102:6: `if_neg` has been deprecated: Use `ite_eq_right` instead
✔ [11/15] Built ADR.MetaRelativity (2.9s)
⚠ [12/15] Built ADR.Examples (14s)
warning: ADR/Examples.lean:798:25: This simp argument is unused:
  ADR.status

Hint: Omit it from the simp argument list.
  [apply] simp [allAcceptedADRs, adr0013, adr0014, adr0015, adr0016, adr0017, adr0018, adr0019, adr0020, adr0022,
    adr0023, adr0024, adr0025, adr0026, adr0027, adr0028]

Note: This linter can be disabled with `set_option linter.unusedSimpArgs false`
warning: ADR/Examples.lean:803:8: This simp argument is unused:
  ADR.id

Hint: Omit it from the simp argument list.
  [apply] simp [adr0013, adr0014, adr0015, adr0016, adr0017, adr0018, adr0019, adr0020, adr0022, adr0023, adr0024,
    adr0025, adr0026, adr0027, adr0028]

Note: This linter can be disabled with `set_option linter.unusedSimpArgs false`
warning: ADR/Examples.lean:808:25: This simp argument is unused:
  ADR.supersedes

Hint: Omit it from the simp argument list.
  [apply] simp [allAcceptedADRs, adr0013, adr0014, adr0015, adr0016, adr0017, adr0018, adr0019, adr0020, adr0022,
    adr0023, adr0024, adr0025, adr0026, adr0027, adr0028]

Note: This linter can be disabled with `set_option linter.unusedSimpArgs false`
warning: ADR/Examples.lean:835:10: This simp argument is unused:
  ADR.id

Hint: Omit it from the simp argument list.
  [apply] simp [adr0013, adr0014, adr0015, adr0016, adr0017, adr0018, adr0019, adr0020, adr0022, adr0023, adr0024,
    adr0025, adr0026, adr0027, adr0028]

Note: This linter can be disabled with `set_option linter.unusedSimpArgs false`
✔ [13/15] Built ADR.Test (1.9s)
✔ [14/15] Built ADR (1.2s)
Build completed successfully (15 jobs).

# ---- stderr ----
info: downloading https://releases.lean-lang.org/lean4/v4.34.0-rc2/lean-4.34.0-rc2-linux.tar.zst
info: installing /home/citizen/.elan/toolchains/leanprover--lean4---v4.34.0-rc2
