{"synthetic": false,
 "schemaVersion": "2025-09-10",
 "outputs":
 {"o": ["336b975ab50d0816.olean"],
  "m": false,
  "i": "62566a55bdb0a0b7.ilean",
  "c": "b3c9bb635112b50c.c"},
 "log":
 [{"message":
   ".> LEAN_PATH=/home/citizen/Multiplicity/Foundry/models/echobraid/echobraid_adr/.lake/build/lib/lean /home/citizen/.elan/toolchains/leanprover--lean4---v4.33.0-rc1/bin/lean /home/citizen/Multiplicity/Foundry/models/echobraid/echobraid_adr/EchobraidAdr/Core.lean -o /home/citizen/Multiplicity/Foundry/models/echobraid/echobraid_adr/.lake/build/lib/lean/EchobraidAdr/Core.olean -i /home/citizen/Multiplicity/Foundry/models/echobraid/echobraid_adr/.lake/build/lib/lean/EchobraidAdr/Core.ilean -c /home/citizen/Multiplicity/Foundry/models/echobraid/echobraid_adr/.lake/build/ir/EchobraidAdr/Core.c --setup /home/citizen/Multiplicity/Foundry/models/echobraid/echobraid_adr/.lake/build/ir/EchobraidAdr/Core.setup.json --json",
   "level": "trace"}],
 "inputs":
 [["deps",
   [["echobraid_adr/EchobraidAdr:extraDep",
     [["@echobraid_adr:extraDep", "00000000000006bb"]]],
    ["imports", "00000000000006bb"]]],
  ["libs",
   [["import dynlibs", "00000000000006bb"],
    ["package external libraries", "00000000000006bb"],
    ["module dynlibs", "00000000000006bb"],
    ["module plugins", "00000000000006bb"]]],
  ["Lean 4.33.0, commit 62eed1db4d67327ec8120be05f1a1b0847d74561",
   "8fa8fbe052c71a8e"],
  ["/home/citizen/Multiplicity/Foundry/models/echobraid/echobraid_adr/EchobraidAdr/Core.lean",
   "44a7a0c7fe0fb5f9"],
  ["options", "00000000000006bb"],
  ["isModule: false", "feefd2a0d3a1847e"],
  ["Module.name: EchobraidAdr.Core", "0958517930000681"],
  ["Package.id?: (some echobraid_adr)", "ac96ae03f73b7289"],
  ["Module.leanArgs: #[]", "00000000000006bb"]],
 "depHash": "9a62516e0ba6ad9d"}